Filtering local host names.
Remote host found: 202.45.128.233
Checking ssh on all remote hosts.
SSH was successful into all the remote hosts.
[1,0]<stdout>:net-g12:50600:50618 [0] NCCL INFO NCCL_SOCKET_IFNAME set by environment to eno3
[1,0]<stdout>:net-g12:50600:50618 [0] NCCL INFO NCCL_SOCKET_IFNAME set to eno3
[1,0]<stdout>:net-g12:50600:50618 [0] NCCL INFO Bootstrap : Using eno3:202.45.128.232<0>
[1,0]<stdout>:net-g12:50600:50618 [0] NCCL INFO NET/Plugin : No plugin found (libnccl-net.so), using internal implementation
[1,0]<stdout>:net-g12:50600:50618 [0] NCCL INFO NCCL_IB_DISABLE set by environment to 1.
[1,0]<stdout>:net-g12:50600:50618 [0] NCCL INFO NCCL_SOCKET_IFNAME set by environment to eno3
[1,0]<stdout>:net-g12:50600:50618 [0] NCCL INFO NCCL_SOCKET_IFNAME set to eno3
[1,0]<stdout>:net-g12:50600:50618 [0] NCCL INFO NET/Socket : Using [0]eno3:202.45.128.232<0>
[1,0]<stdout>:net-g12:50600:50618 [0] NCCL INFO Using network Socket
[1,0]<stdout>:NCCL version 2.11.4+cuda10.2
[1,0]<stdout>:net-g12:50600:50618 [0] NCCL INFO [CCP] Socekt.h: Set TCP cong to CCP.
[1,1]<stdout>:net-g12:50601:50619 [1] NCCL INFO NCCL_SOCKET_IFNAME set by environment to eno3
[1,1]<stdout>:net-g12:50601:50619 [1] NCCL INFO NCCL_SOCKET_IFNAME set to eno3
[1,1]<stdout>:net-g12:50601:50619 [1] NCCL INFO Bootstrap : Using eno3:202.45.128.232<0>
[1,1]<stdout>:net-g12:50601:50619 [1] NCCL INFO NET/Plugin : No plugin found (libnccl-net.so), using internal implementation
[1,1]<stdout>:net-g12:50601:50619 [1] NCCL INFO NCCL_IB_DISABLE set by environment to 1.
[1,1]<stdout>:net-g12:50601:50619 [1] NCCL INFO NCCL_SOCKET_IFNAME set by environment to eno3
[1,1]<stdout>:net-g12:50601:50619 [1] NCCL INFO NCCL_SOCKET_IFNAME set to eno3
[1,1]<stdout>:net-g12:50601:50619 [1] NCCL INFO NET/Socket : Using [0]eno3:202.45.128.232<0>
[1,1]<stdout>:net-g12:50601:50619 [1] NCCL INFO Using network Socket
[1,1]<stdout>:net-g12:50601:50619 [1] NCCL INFO [CCP] Socekt.h: Set TCP cong to CCP.
[1,3]<stdout>:net-g13:56788:56802 [1] NCCL INFO NCCL_SOCKET_IFNAME set by environment to eno3
[1,3]<stdout>:net-g13:56788:56802 [1] NCCL INFO NCCL_SOCKET_IFNAME set to eno3
[1,2]<stdout>:net-g13:56787:56803 [0] NCCL INFO NCCL_SOCKET_IFNAME set by environment to eno3
[1,2]<stdout>:net-g13:56787:56803 [0] NCCL INFO NCCL_SOCKET_IFNAME set to eno3
[1,2]<stdout>:net-g13:56787:56803 [0] NCCL INFO Bootstrap : Using eno3:202.45.128.233<0>
[1,3]<stdout>:net-g13:56788:56802 [1] NCCL INFO Bootstrap : Using eno3:202.45.128.233<0>
[1,2]<stdout>:net-g13:56787:56803 [0] NCCL INFO NET/Plugin : No plugin found (libnccl-net.so), using internal implementation
[1,3]<stdout>:net-g13:56788:56802 [1] NCCL INFO NET/Plugin : No plugin found (libnccl-net.so), using internal implementation
[1,2]<stdout>:net-g13:56787:56803 [0] NCCL INFO NCCL_IB_DISABLE set by environment to 1.
[1,2]<stdout>:net-g13:56787:56803 [0] NCCL INFO NCCL_SOCKET_IFNAME set by environment to eno3
[1,2]<stdout>:net-g13:56787:56803 [0] NCCL INFO NCCL_SOCKET_IFNAME set to eno3
[1,3]<stdout>:net-g13:56788:56802 [1] NCCL INFO NCCL_IB_DISABLE set by environment to 1.
[1,3]<stdout>:net-g13:56788:56802 [1] NCCL INFO NCCL_SOCKET_IFNAME set by environment to eno3
[1,3]<stdout>:net-g13:56788:56802 [1] NCCL INFO NCCL_SOCKET_IFNAME set to eno3
[1,2]<stdout>:net-g13:56787:56803 [0] NCCL INFO NET/Socket : Using [0]eno3:202.45.128.233<0>
[1,2]<stdout>:net-g13:56787:56803 [0] NCCL INFO Using network Socket
[1,3]<stdout>:net-g13:56788:56802 [1] NCCL INFO NET/Socket : Using [0]eno3:202.45.128.233<0>
[1,3]<stdout>:net-g13:56788:56802 [1] NCCL INFO Using network Socket
[1,2]<stdout>:net-g13:56787:56803 [0] NCCL INFO [CCP] Socekt.h: Set TCP cong to CCP.
[1,3]<stdout>:net-g13:56788:56802 [1] NCCL INFO [CCP] Socekt.h: Set TCP cong to CCP.
[1,0]<stdout>:net-g12:50600:50801 [0] NCCL INFO [CCP] Socekt.h: Set TCP cong to CCP.
[1,0]<stdout>:net-g12:50600:50801 [0] NCCL INFO [CCP] Socekt.h: Set TCP cong to CCP.
[1,0]<stdout>:net-g12:50600:50618 [0] NCCL INFO [CCP] Socekt.h: Set TCP cong to CCP.
[1,0]<stdout>:net-g12:50600:50801 [0] NCCL INFO [CCP] Socekt.h: Set TCP cong to CCP.
[1,1]<stdout>:net-g12:50601:50619 [1] NCCL INFO [CCP] Socekt.h: Set TCP cong to CCP.
[1,0]<stdout>:net-g12:50600:50801 [0] NCCL INFO [CCP] Socekt.h: Set TCP cong to CCP.
[1,2]<stdout>:net-g13:56787:56803 [0] NCCL INFO [CCP] Socekt.h: Set TCP cong to CCP.
[1,3]<stdout>:net-g13:56788:56802 [1] NCCL INFO [CCP] Socekt.h: Set TCP cong to CCP.
[1,1]<stdout>:[bootstrap.cc: rank 1 init done]
[1,1]<stdout>:sendaddr 202.45.128.233
[1,1]<stdout>:recvdaddr 202.45.128.232
[1,1]<stdout>:bootstrap 202.45.128.232
[1,1]<stdout>:myip1: 202.45.128.232
[1,1]<stdout>:myip2: 202.45.128.233
[1,1]<stdout>:myrankip: 202.45.128.233
[1,1]<stdout>:extern var: 202.45.128.2331, 202.45.128.2331
[1,0]<stdout>:[bootstrap.cc: rank 0 init done]
[1,0]<stdout>:sendaddr 202.45.128.232
[1,0]<stdout>:recvdaddr 202.45.128.233
[1,0]<stdout>:bootstrap 202.45.128.232
[1,0]<stdout>:myip1: 202.45.128.232
[1,0]<stdout>:myip2: 202.45.128.232
[1,0]<stdout>:myrankip: 202.45.128.232
[1,0]<stdout>:extern var: 202.45.128.2320, 202.45.128.2320
[1,3]<stdout>:[bootstrap.cc: rank 3 init done]
[1,3]<stdout>:sendaddr 202.45.128.232
[1,3]<stdout>:recvdaddr 202.45.128.233
[1,3]<stdout>:bootstrap 202.45.128.233
[1,3]<stdout>:myip1: 202.45.128.233
[1,3]<stdout>:myip2: 202.45.128.232
[1,3]<stdout>:myrankip: 202.45.128.232
[1,3]<stdout>:extern var: 202.45.128.2323, 202.45.128.2323
[1,2]<stdout>:[bootstrap.cc: rank 2 init done]
[1,2]<stdout>:sendaddr 202.45.128.233
[1,2]<stdout>:recvdaddr 202.45.128.232
[1,2]<stdout>:bootstrap 202.45.128.233
[1,2]<stdout>:myip1: 202.45.128.233
[1,2]<stdout>:myip2: 202.45.128.233
[1,2]<stdout>:myrankip: 202.45.128.233
[1,2]<stdout>:extern var: 202.45.128.2332, 202.45.128.2332
[1,1]<stdout>:net-g12:50601:50619 [1] NCCL INFO NCCL_MAX_NCHANNELS set by environment to 1.
[1,1]<stdout>:net-g12:50601:50619 [1] NCCL INFO Trees [0] -1/-1/-1->1->0
[1,1]<stdout>:net-g12:50601:50619 [1] NCCL INFO Setting affinity for GPU 1 to 5555,55555555,55555555
[1,0]<stdout>:net-g12:50600:50618 [0] NCCL INFO NCCL_MAX_NCHANNELS set by environment to 1.
[1,0]<stdout>:net-g12:50600:50618 [0] NCCL INFO Channel 00/01 :    0   1   2   3
[1,0]<stdout>:net-g12:50600:50618 [0] NCCL INFO Trees [0] 1/2/-1->0->-1
[1,0]<stdout>:net-g12:50600:50618 [0] NCCL INFO Setting affinity for GPU 0 to 5555,55555555,55555555
[1,2]<stdout>:net-g13:56787:56803 [0] NCCL INFO NCCL_MAX_NCHANNELS set by environment to 1.
[1,2]<stdout>:net-g13:56787:56803 [0] NCCL INFO Trees [0] 3/-1/-1->2->0
[1,2]<stdout>:net-g13:56787:56803 [0] NCCL INFO Setting affinity for GPU 0 to 5555,55555555,55555555
[1,3]<stdout>:net-g13:56788:56802 [1] NCCL INFO NCCL_MAX_NCHANNELS set by environment to 1.
[1,3]<stdout>:net-g13:56788:56802 [1] NCCL INFO Trees [0] -1/-1/-1->3->2
[1,3]<stdout>:net-g13:56788:56802 [1] NCCL INFO Setting affinity for GPU 1 to 5555,55555555,55555555
[1,1]<stdout>:net-g12:50601:50619 [1] NCCL INFO Channel 00 : 1[3b000] -> 2[18000] [send] via NET/Socket/0
[1,1]<stdout>:net-g12:50601:50619 [1] NCCL INFO [CCP] Socekt.h: Set TCP cong to CCP.
[1,1]<stdout>:net-g12:50601:50619 [1] NCCL INFO [CCP] Socekt.h: Set TCP cong to CCP.
[1,3]<stdout>:net-g13:56788:56802 [1] NCCL INFO Channel 00 : 3[3b000] -> 0[18000] [send] via NET/Socket/0
[1,3]<stdout>:net-g13:56788:56802 [1] NCCL INFO [CCP] Socekt.h: Set TCP cong to CCP.
[1,2]<stdout>:net-g13:56787:56803 [0] NCCL INFO Channel 00 : 1[3b000] -> 2[18000] [receive] via NET/Socket/0
[1,2]<stdout>:net-g13:56787:56803 [0] NCCL INFO NCCL_NSOCKS_PERTHREAD set by environment to 1.
[1,2]<stdout>:net-g13:56787:56803 [0] NCCL INFO Channel 00 : 2[18000] -> 3[3b000] via P2P/IPC
[1,2]<stdout>:net-g13:56787:56803 [0] NCCL INFO [CCP] Socekt.h: Set TCP cong to CCP.
[1,2]<stdout>:net-g13:56787:56803 [0] NCCL INFO [CCP] Socekt.h: Set TCP cong to CCP.
[1,3]<stdout>:net-g13:56788:56802 [1] NCCL INFO [CCP] Socekt.h: Set TCP cong to CCP.
[1,0]<stdout>:net-g12:50600:50618 [0] NCCL INFO Channel 00 : 3[3b000] -> 0[18000] [receive] via NET/Socket/0
[1,0]<stdout>:net-g12:50600:50618 [0] NCCL INFO NCCL_NSOCKS_PERTHREAD set by environment to 1.
[1,0]<stdout>:net-g12:50600:50618 [0] NCCL INFO Channel 00 : 0[18000] -> 1[3b000] via P2P/IPC
[1,0]<stdout>:net-g12:50600:50618 [0] NCCL INFO [CCP] Socekt.h: Set TCP cong to CCP.
[1,0]<stdout>:net-g12:50600:50618 [0] NCCL INFO [CCP] Socekt.h: Set TCP cong to CCP.
[1,1]<stdout>:[net_socket.cc] ncclSocketConnect
[1,1]<stdout>:net-g12:50601:50619 [1] NCCL INFO [CCP] Socekt.h: Set TCP cong to CCP.
[1,3]<stdout>:[net_socket.cc] ncclSocketConnect
[1,3]<stdout>:net-g13:56788:56802 [1] NCCL INFO [CCP] Socekt.h: Set TCP cong to CCP.
[1,1]<stdout>:net-g12:50601:50619 [1] NCCL INFO Connected all rings
[1,2]<stdout>:net-g13:56787:56803 [0] NCCL INFO Connected all rings
[1,1]<stdout>:net-g12:50601:50619 [1] NCCL INFO Channel 00 : 1[3b000] -> 0[18000] via P2P/IPC
[1,1]<stdout>:net-g12:50601:50619 [1] NCCL INFO [CCP] Socekt.h: Set TCP cong to CCP.
[1,0]<stdout>:net-g12:50600:50618 [0] NCCL INFO Connected all rings
[1,3]<stdout>:net-g13:56788:56802 [1] NCCL INFO Connected all rings
[1,3]<stdout>:net-g13:56788:56802 [1] NCCL INFO Channel 00 : 3[3b000] -> 2[18000] via P2P/IPC
[1,3]<stdout>:net-g13:56788:56802 [1] NCCL INFO [CCP] Socekt.h: Set TCP cong to CCP.
[1,2]<stdout>:net-g13:56787:56803 [0] NCCL INFO Channel 00 : 0[18000] -> 2[18000] [receive] via NET/Socket/0
[1,0]<stdout>:net-g12:50600:50618 [0] NCCL INFO Channel 00 : 2[18000] -> 0[18000] [receive] via NET/Socket/0
[1,2]<stdout>:net-g13:56787:56803 [0] NCCL INFO Channel 00 : 2[18000] -> 0[18000] [send] via NET/Socket/0
[1,2]<stdout>:net-g13:56787:56803 [0] NCCL INFO [CCP] Socekt.h: Set TCP cong to CCP.
[1,0]<stdout>:net-g12:50600:50618 [0] NCCL INFO Channel 00 : 0[18000] -> 2[18000] [send] via NET/Socket/0
[1,0]<stdout>:net-g12:50600:50618 [0] NCCL INFO [CCP] Socekt.h: Set TCP cong to CCP.
[1,0]<stdout>:[net_socket.cc] ncclSocketConnect
[1,0]<stdout>:net-g12:50600:50618 [0] NCCL INFO [CCP] Socekt.h: Set TCP cong to CCP.
[1,2]<stdout>:[net_socket.cc] ncclSocketConnect
[1,2]<stdout>:net-g13:56787:56803 [0] NCCL INFO [CCP] Socekt.h: Set TCP cong to CCP.
[1,0]<stdout>:net-g12:50600:50618 [0] NCCL INFO [CCP] Socekt.h: Set TCP cong to CCP.
[1,2]<stdout>:net-g13:56787:56803 [0] NCCL INFO [CCP] Socekt.h: Set TCP cong to CCP.
[1,0]<stdout>:net-g12:50600:50618 [0] NCCL INFO Connected all trees
[1,0]<stdout>:net-g12:50600:50618 [0] NCCL INFO NCCL_PROTO set by environment to SIMPLE
[1,0]<stdout>:net-g12:50600:50618 [0] NCCL INFO NCCL_ALGO set by environment to RING
[1,0]<stdout>:net-g12:50600:50618 [0] NCCL INFO threadThresholds 8/8/64 | 32/8/64 | 8/8/512
[1,0]<stdout>:net-g12:50600:50618 [0] NCCL INFO 1 coll channels, 1 p2p channels, 1 p2p channels per peer
[1,0]<stdout>:net-g12:50600:50618 [0] NCCL INFO [CCP] Socekt.h: Set TCP cong to CCP.
[1,1]<stdout>:net-g12:50601:50619 [1] NCCL INFO Connected all trees
[1,1]<stdout>:net-g12:50601:50619 [1] NCCL INFO NCCL_PROTO set by environment to SIMPLE
[1,1]<stdout>:net-g12:50601:50619 [1] NCCL INFO NCCL_ALGO set by environment to RING
[1,1]<stdout>:net-g12:50601:50619 [1] NCCL INFO threadThresholds 8/8/64 | 32/8/64 | 8/8/512
[1,1]<stdout>:net-g12:50601:50619 [1] NCCL INFO 1 coll channels, 1 p2p channels, 1 p2p channels per peer
[1,1]<stdout>:net-g12:50601:50619 [1] NCCL INFO [CCP] Socekt.h: Set TCP cong to CCP.
[1,0]<stdout>:net-g12:50600:50618 [0] NCCL INFO comm 0x7f9984324140 rank 0 nranks 4 cudaDev 0 busId 18000 - Init COMPLETE
[1,1]<stdout>:net-g12:50601:50619 [1] NCCL INFO comm 0x7f372c319c70 rank 1 nranks 4 cudaDev 1 busId 3b000 - Init COMPLETE
[1,3]<stdout>:net-g13:56788:56802 [1] NCCL INFO Connected all trees
[1,3]<stdout>:net-g13:56788:56802 [1] NCCL INFO NCCL_PROTO set by environment to SIMPLE
[1,3]<stdout>:net-g13:56788:56802 [1] NCCL INFO NCCL_ALGO set by environment to RING
[1,3]<stdout>:net-g13:56788:56802 [1] NCCL INFO threadThresholds 8/8/64 | 32/8/64 | 8/8/512
[1,3]<stdout>:net-g13:56788:56802 [1] NCCL INFO 1 coll channels, 1 p2p channels, 1 p2p channels per peer
[1,3]<stdout>:net-g13:56788:56802 [1] NCCL INFO [CCP] Socekt.h: Set TCP cong to CCP.
[1,2]<stdout>:net-g13:56787:56803 [0] NCCL INFO Connected all trees
[1,2]<stdout>:net-g13:56787:56803 [0] NCCL INFO NCCL_PROTO set by environment to SIMPLE
[1,2]<stdout>:net-g13:56787:56803 [0] NCCL INFO NCCL_ALGO set by environment to RING
[1,2]<stdout>:net-g13:56787:56803 [0] NCCL INFO threadThresholds 8/8/64 | 32/8/64 | 8/8/512
[1,2]<stdout>:net-g13:56787:56803 [0] NCCL INFO 1 coll channels, 1 p2p channels, 1 p2p channels per peer
[1,2]<stdout>:net-g13:56787:56803 [0] NCCL INFO [CCP] Socekt.h: Set TCP cong to CCP.
[1,2]<stdout>:net-g13:56787:56803 [0] NCCL INFO comm 0x7fe46c319a60 rank 2 nranks 4 cudaDev 0 busId 18000 - Init COMPLETE
[1,0]<stdout>:net-g12:50600:50618 [0] NCCL INFO Broadcast: opCount 0 sendbuff 0x7f9902a00400 recvbuff 0x7f9902a00400 count 40 datatype 0 op 0 root 0 comm 0x7f9984324140 [nranks=4] stream 0x55592fc92fc0
[1,0]<stdout>:net-g12:50600:50618 [0] NCCL INFO Launch mode Parallel
[1,1]<stdout>:net-g12:50601:50619 [1] NCCL INFO Broadcast: opCount 0 sendbuff 0x7f36a6a00400 recvbuff 0x7f36a6a00400 count 40 datatype 0 op 0 root 0 comm 0x7f372c319c70 [nranks=4] stream 0x7f372c243780
[1,3]<stdout>:net-g13:56788:56802 [1] NCCL INFO comm 0x7fe750322740 rank 3 nranks 4 cudaDev 1 busId 3b000 - Init COMPLETE
[1,2]<stdout>:net-g13:56787:56803 [0] NCCL INFO Broadcast: opCount 0 sendbuff 0x7fe3e7400400 recvbuff 0x7fe3e7400400 count 40 datatype 0 op 0 root 0 comm 0x7fe46c319a60 [nranks=4] stream 0x7fe46c2433f0
[1,3]<stdout>:net-g13:56788:56802 [1] NCCL INFO Broadcast: opCount 0 sendbuff 0x7fe6bea00400 recvbuff 0x7fe6bea00400 count 40 datatype 0 op 0 root 0 comm 0x7fe750322740 [nranks=4] stream 0x7fe75024c080
[1,0]<stdout>:net-g12:50600:50618 [0] NCCL INFO Broadcast: opCount 0 sendbuff 0x7f9902a00000 recvbuff 0x7f9902a00000 count 1000 datatype 0 op 0 root 0 comm 0x7f9984324140 [nranks=4] stream 0x55592fc92fc0
[1,1]<stdout>:net-g12:50601:50619 [1] NCCL INFO Broadcast: opCount 1 sendbuff 0x7f36a6a00000 recvbuff 0x7f36a6a00000 count 1000 datatype 0 op 0 root 0 comm 0x7f372c319c70 [nranks=4] stream 0x7f372c243780
[1,3]<stdout>:net-g13:56788:56802 [1] NCCL INFO Broadcast: opCount 0 sendbuff 0x7fe6bea00000 recvbuff 0x7fe6bea00000 count 1000 datatype 0 op 0 root 0 comm 0x7fe750322740 [nranks=4] stream 0x7fe75024c080
[1,2]<stdout>:net-g13:56787:56803 [0] NCCL INFO Broadcast: opCount 1 sendbuff 0x7fe3e7400000 recvbuff 0x7fe3e7400000 count 1000 datatype 0 op 0 root 0 comm 0x7fe46c319a60 [nranks=4] stream 0x7fe46c2433f0
[1,0]<stdout>:net-g12:50600:50618 [0] NCCL INFO Broadcast: opCount 0 sendbuff 0x7f9902a05600 recvbuff 0x7f9902a05600 count 80 datatype 0 op 0 root 0 comm 0x7f9984324140 [nranks=4] stream 0x55592fc92fc0
[1,1]<stdout>:net-g12:50601:50619 [1] NCCL INFO Broadcast: opCount 2 sendbuff 0x7f36a6a05600 recvbuff 0x7f36a6a05600 count 80 datatype 0 op 0 root 0 comm 0x7f372c319c70 [nranks=4] stream 0x7f372c243780
[1,0]<stdout>:net-g12:50600:50618 [0] NCCL INFO Broadcast: opCount 0 sendbuff 0x7f9902a00600 recvbuff 0x7f9902a00600 count 20000 datatype 0 op 0 root 0 comm 0x7f9984324140 [nranks=4] stream 0x55592fc92fc0
[1,1]<stdout>:net-g12:50601:50619 [1] NCCL INFO Broadcast: opCount 3 sendbuff 0x7f36a6a00600 recvbuff 0x7f36a6a00600 count 20000 datatype 0 op 0 root 0 comm 0x7f372c319c70 [nranks=4] stream 0x7f372c243780
[1,0]<stdout>:net-g12:50600:50618 [0] NCCL INFO Broadcast: opCount 0 sendbuff 0x7f9902a15200 recvbuff 0x7f9902a15200 count 200 datatype 0 op 0 root 0 comm 0x7f9984324140 [nranks=4] stream 0x55592fc92fc0
[1,2]<stdout>:net-g13:56787:56803 [0] NCCL INFO Broadcast: opCount 2 sendbuff 0x7fe3e7405600 recvbuff 0x7fe3e7405600 count 80 datatype 0 op 0 root 0 comm 0x7fe46c319a60 [nranks=4] stream 0x7fe46c2433f0
[1,0]<stdout>:net-g12:50600:50618 [0] NCCL INFO Broadcast: opCount 0 sendbuff 0x7f9902a05800 recvbuff 0x7f9902a05800 count 64000 datatype 0 op 0 root 0 comm 0x7f9984324140 [nranks=4] stream 0x55592fc92fc0
[1,1]<stdout>:net-g12:50601:50619 [1] NCCL INFO Broadcast: opCount 4 sendbuff 0x7f36a6a15200 recvbuff 0x7f36a6a15200 count 200 datatype 0 op 0 root 0 comm 0x7f372c319c70 [nranks=4] stream 0x7f372c243780
[1,3]<stdout>:net-g13:56788:56802 [1] NCCL INFO Broadcast: opCount 0 sendbuff 0x7fe6bea05600 recvbuff 0x7fe6bea05600 count 80 datatype 0 op 0 root 0 comm 0x7fe750322740 [nranks=4] stream 0x7fe75024c080
[1,0]<stdout>:net-g12:50600:50618 [0] NCCL INFO Broadcast: opCount 0 sendbuff 0x7f9902a15c00 recvbuff 0x7f9902a15c00 count 40 datatype 0 op 0 root 0 comm 0x7f9984324140 [nranks=4] stream 0x55592fc92fc0
[1,1]<stdout>:net-g12:50601:50619 [1] NCCL INFO Broadcast: opCount 5 sendbuff 0x7f36a6a05800 recvbuff 0x7f36a6a05800 count 64000 datatype 0 op 0 root 0 comm 0x7f372c319c70 [nranks=4] stream 0x7f372c243780
[1,2]<stdout>:net-g13:56787:56803 [0] NCCL INFO Broadcast: opCount 3 sendbuff 0x7fe3e7400600 recvbuff 0x7fe3e7400600 count 20000 datatype 0 op 0 root 0 comm 0x7fe46c319a60 [nranks=4] stream 0x7fe46c2433f0
[1,0]<stdout>:net-g12:50600:50618 [0] NCCL INFO Broadcast: opCount 0 sendbuff 0x7f9902a15400 recvbuff 0x7f9902a15400 count 2000 datatype 0 op 0 root 0 comm 0x7f9984324140 [nranks=4] stream 0x55592fc92fc0
[1,2]<stdout>:net-g13:56787:56803 [0] NCCL INFO Broadcast: opCount 4 sendbuff 0x7fe3e7415200 recvbuff 0x7fe3e7415200 count 200 datatype 0 op 0 root 0 comm 0x7fe46c319a60 [nranks=4] stream 0x7fe46c2433f0
[1,1]<stdout>:net-g12:50601:50619 [1] NCCL INFO Broadcast: opCount 6 sendbuff 0x7f36a6a15c00 recvbuff 0x7f36a6a15c00 count 40 datatype 0 op 0 root 0 comm 0x7f372c319c70 [nranks=4] stream 0x7f372c243780
[1,2]<stdout>:net-g13:56787:56803 [0] NCCL INFO Broadcast: opCount 5 sendbuff 0x7fe3e7405800 recvbuff 0x7fe3e7405800 count 64000 datatype 0 op 0 root 0 comm 0x7fe46c319a60 [nranks=4] stream 0x7fe46c2433f0
[1,1]<stdout>:net-g12:50601:50619 [1] NCCL INFO Broadcast: opCount 7 sendbuff 0x7f36a6a15400 recvbuff 0x7f36a6a15400 count 2000 datatype 0 op 0 root 0 comm 0x7f372c319c70 [nranks=4] stream 0x7f372c243780
[1,3]<stdout>:net-g13:56788:56802 [1] NCCL INFO Broadcast: opCount 0 sendbuff 0x7fe6bea00600 recvbuff 0x7fe6bea00600 count 20000 datatype 0 op 0 root 0 comm 0x7fe750322740 [nranks=4] stream 0x7fe75024c080
[1,3]<stdout>:net-g13:56788:56802 [1] NCCL INFO Broadcast: opCount 0 sendbuff 0x7fe6bea15200 recvbuff 0x7fe6bea15200 count 200 datatype 0 op 0 root 0 comm 0x7fe750322740 [nranks=4] stream 0x7fe75024c080
[1,2]<stdout>:net-g13:56787:56803 [0] NCCL INFO Broadcast: opCount 6 sendbuff 0x7fe3e7415c00 recvbuff 0x7fe3e7415c00 count 40 datatype 0 op 0 root 0 comm 0x7fe46c319a60 [nranks=4] stream 0x7fe46c2433f0
[1,3]<stdout>:net-g13:56788:56802 [1] NCCL INFO Broadcast: opCount 0 sendbuff 0x7fe6bea05800 recvbuff 0x7fe6bea05800 count 64000 datatype 0 op 0 root 0 comm 0x7fe750322740 [nranks=4] stream 0x7fe75024c080
[1,2]<stdout>:net-g13:56787:56803 [0] NCCL INFO Broadcast: opCount 7 sendbuff 0x7fe3e7415400 recvbuff 0x7fe3e7415400 count 2000 datatype 0 op 0 root 0 comm 0x7fe46c319a60 [nranks=4] stream 0x7fe46c2433f0
[1,3]<stdout>:net-g13:56788:56802 [1] NCCL INFO Broadcast: opCount 0 sendbuff 0x7fe6bea15c00 recvbuff 0x7fe6bea15c00 count 40 datatype 0 op 0 root 0 comm 0x7fe750322740 [nranks=4] stream 0x7fe75024c080
[1,3]<stdout>:net-g13:56788:56802 [1] NCCL INFO Broadcast: opCount 0 sendbuff 0x7fe6bea15400 recvbuff 0x7fe6bea15400 count 2000 datatype 0 op 0 root 0 comm 0x7fe750322740 [nranks=4] stream 0x7fe75024c080
[1,0]<stdout>:net-g12:50600:50618 [0] NCCL INFO Broadcast: opCount 0 sendbuff 0x7f9902a2bc00 recvbuff 0x7f9902a2bc00 count 1000 datatype 0 op 0 root 0 comm 0x7f9984324140 [nranks=4] stream 0x55592fc92fc0
[1,1]<stdout>:net-g12:50601:50619 [1] NCCL INFO Broadcast: opCount 8 sendbuff 0x7f36a6a2bc00 recvbuff 0x7f36a6a2bc00 count 1000 datatype 0 op 0 root 0 comm 0x7f372c319c70 [nranks=4] stream 0x7f372c243780
[1,1]<stdout>:net-g12:50601:50619 [1] NCCL INFO Broadcast: opCount 9 sendbuff 0x7f36a6a2c000 recvbuff 0x7f36a6a2c000 count 40 datatype 0 op 0 root 0 comm 0x7f372c319c70 [nranks=4] stream 0x7f372c243780
[1,0]<stdout>:net-g12:50600:50618 [0] NCCL INFO Broadcast: opCount 0 sendbuff 0x7f9902a2c000 recvbuff 0x7f9902a2c000 count 40 datatype 0 op 0 root 0 comm 0x7f9984324140 [nranks=4] stream 0x55592fc92fc0
[1,1]<stdout>:net-g12:50601:50619 [1] NCCL INFO Broadcast: opCount a sendbuff 0x7f36a6a2c200 recvbuff 0x7f36a6a2c200 count 20000 datatype 0 op 0 root 0 comm 0x7f372c319c70 [nranks=4] stream 0x7f372c243780
[1,0]<stdout>:net-g12:50600:50618 [0] NCCL INFO Broadcast: opCount 0 sendbuff 0x7f9902a2c200 recvbuff 0x7f9902a2c200 count 20000 datatype 0 op 0 root 0 comm 0x7f9984324140 [nranks=4] stream 0x55592fc92fc0
[1,0]<stdout>:net-g12:50600:50618 [0] NCCL INFO Broadcast: opCount 0 sendbuff 0x7f9902a31200 recvbuff 0x7f9902a31200 count 80 datatype 0 op 0 root 0 comm 0x7f9984324140 [nranks=4] stream 0x55592fc92fc0
[1,1]<stdout>:net-g12:50601:50619 [1] NCCL INFO Broadcast: opCount b sendbuff 0x7f36a6a31200 recvbuff 0x7f36a6a31200 count 80 datatype 0 op 0 root 0 comm 0x7f372c319c70 [nranks=4] stream 0x7f372c243780
[1,0]<stdout>:net-g12:50600:50618 [0] NCCL INFO Broadcast: opCount 0 sendbuff 0x7f9902a31400 recvbuff 0x7f9902a31400 count 64000 datatype 0 op 0 root 0 comm 0x7f9984324140 [nranks=4] stream 0x55592fc92fc0
[1,1]<stdout>:net-g12:50601:50619 [1] NCCL INFO Broadcast: opCount c sendbuff 0x7f36a6a31400 recvbuff 0x7f36a6a31400 count 64000 datatype 0 op 0 root 0 comm 0x7f372c319c70 [nranks=4] stream 0x7f372c243780
[1,2]<stdout>:net-g13:56787:56803 [0] NCCL INFO Broadcast: opCount 8 sendbuff 0x7fe3e742bc00 recvbuff 0x7fe3e742bc00 count 1000 datatype 0 op 0 root 0 comm 0x7fe46c319a60 [nranks=4] stream 0x7fe46c2433f0
[1,0]<stdout>:net-g12:50600:50618 [0] NCCL INFO Broadcast: opCount 0 sendbuff 0x7f9902a40e00 recvbuff 0x7f9902a40e00 count 200 datatype 0 op 0 root 0 comm 0x7f9984324140 [nranks=4] stream 0x55592fc92fc0
[1,1]<stdout>:net-g12:50601:50619 [1] NCCL INFO Broadcast: opCount d sendbuff 0x7f36a6a40e00 recvbuff 0x7f36a6a40e00 count 200 datatype 0 op 0 root 0 comm 0x7f372c319c70 [nranks=4] stream 0x7f372c243780
[1,3]<stdout>:net-g13:56788:56802 [1] NCCL INFO Broadcast: opCount 0 sendbuff 0x7fe6bea2bc00 recvbuff 0x7fe6bea2bc00 count 1000 datatype 0 op 0 root 0 comm 0x7fe750322740 [nranks=4] stream 0x7fe75024c080
[1,3]<stdout>:net-g13:56788:56802 [1] NCCL INFO Broadcast: opCount 0 sendbuff 0x7fe6bea2c000 recvbuff 0x7fe6bea2c000 count 40 datatype 0 op 0 root 0 comm 0x7fe750322740 [nranks=4] stream 0x7fe75024c080
[1,1]<stdout>:net-g12:50601:50619 [1] NCCL INFO Broadcast: opCount e sendbuff 0x7f36a6a41000 recvbuff 0x7f36a6a41000 count 2000 datatype 0 op 0 root 0 comm 0x7f372c319c70 [nranks=4] stream 0x7f372c243780
[1,0]<stdout>:net-g12:50600:50618 [0] NCCL INFO Broadcast: opCount 0 sendbuff 0x7f9902a41000 recvbuff 0x7f9902a41000 count 2000 datatype 0 op 0 root 0 comm 0x7f9984324140 [nranks=4] stream 0x55592fc92fc0
[1,2]<stdout>:net-g13:56787:56803 [0] NCCL INFO Broadcast: opCount 9 sendbuff 0x7fe3e742c000 recvbuff 0x7fe3e742c000 count 40 datatype 0 op 0 root 0 comm 0x7fe46c319a60 [nranks=4] stream 0x7fe46c2433f0
[1,2]<stdout>:net-g13:56787:56803 [0] NCCL INFO Broadcast: opCount a sendbuff 0x7fe3e742c200 recvbuff 0x7fe3e742c200 count 20000 datatype 0 op 0 root 0 comm 0x7fe46c319a60 [nranks=4] stream 0x7fe46c2433f0
[1,1]<stdout>:net-g12:50601:50619 [1] NCCL INFO Broadcast: opCount f sendbuff 0x7f36a6a41800 recvbuff 0x7f36a6a41800 count 40 datatype 0 op 0 root 0 comm 0x7f372c319c70 [nranks=4] stream 0x7f372c243780
[1,0]<stdout>:net-g12:50600:50618 [0] NCCL INFO Broadcast: opCount 0 sendbuff 0x7f9902a41800 recvbuff 0x7f9902a41800 count 40 datatype 0 op 0 root 0 comm 0x7f9984324140 [nranks=4] stream 0x55592fc92fc0
[1,2]<stdout>:net-g13:56787:56803 [0] NCCL INFO Broadcast: opCount b sendbuff 0x7fe3e7431200 recvbuff 0x7fe3e7431200 count 80 datatype 0 op 0 root 0 comm 0x7fe46c319a60 [nranks=4] stream 0x7fe46c2433f0
[1,3]<stdout>:net-g13:56788:56802 [1] NCCL INFO Broadcast: opCount 0 sendbuff 0x7fe6bea2c200 recvbuff 0x7fe6bea2c200 count 20000 datatype 0 op 0 root 0 comm 0x7fe750322740 [nranks=4] stream 0x7fe75024c080
[1,3]<stdout>:net-g13:56788:56802 [1] NCCL INFO Broadcast: opCount 0 sendbuff 0x7fe6bea31200 recvbuff 0x7fe6bea31200 count 80 datatype 0 op 0 root 0 comm 0x7fe750322740 [nranks=4] stream 0x7fe75024c080
[1,2]<stdout>:net-g13:56787:56803 [0] NCCL INFO Broadcast: opCount c sendbuff 0x7fe3e7431400 recvbuff 0x7fe3e7431400 count 64000 datatype 0 op 0 root 0 comm 0x7fe46c319a60 [nranks=4] stream 0x7fe46c2433f0
[1,3]<stdout>:net-g13:56788:56802 [1] NCCL INFO Broadcast: opCount 0 sendbuff 0x7fe6bea31400 recvbuff 0x7fe6bea31400 count 64000 datatype 0 op 0 root 0 comm 0x7fe750322740 [nranks=4] stream 0x7fe75024c080
[1,2]<stdout>:net-g13:56787:56803 [0] NCCL INFO Broadcast: opCount d sendbuff 0x7fe3e7440e00 recvbuff 0x7fe3e7440e00 count 200 datatype 0 op 0 root 0 comm 0x7fe46c319a60 [nranks=4] stream 0x7fe46c2433f0
[1,2]<stdout>:net-g13:56787:56803 [0] NCCL INFO Broadcast: opCount e sendbuff 0x7fe3e7441000 recvbuff 0x7fe3e7441000 count 2000 datatype 0 op 0 root 0 comm 0x7fe46c319a60 [nranks=4] stream 0x7fe46c2433f0
[1,3]<stdout>:net-g13:56788:56802 [1] NCCL INFO Broadcast: opCount 0 sendbuff 0x7fe6bea40e00 recvbuff 0x7fe6bea40e00 count 200 datatype 0 op 0 root 0 comm 0x7fe750322740 [nranks=4] stream 0x7fe75024c080
[1,3]<stdout>:net-g13:56788:56802 [1] NCCL INFO Broadcast: opCount 0 sendbuff 0x7fe6bea41000 recvbuff 0x7fe6bea41000 count 2000 datatype 0 op 0 root 0 comm 0x7fe750322740 [nranks=4] stream 0x7fe75024c080
[1,2]<stdout>:net-g13:56787:56803 [0] NCCL INFO Broadcast: opCount f sendbuff 0x7fe3e7441800 recvbuff 0x7fe3e7441800 count 40 datatype 0 op 0 root 0 comm 0x7fe46c319a60 [nranks=4] stream 0x7fe46c2433f0
[1,3]<stdout>:net-g13:56788:56802 [1] NCCL INFO Broadcast: opCount 0 sendbuff 0x7fe6bea41800 recvbuff 0x7fe6bea41800 count 40 datatype 0 op 0 root 0 comm 0x7fe750322740 [nranks=4] stream 0x7fe75024c080
[1,1]<stdout>:<class 'torch.nn.parameter.Parameter'> torch.Size([10, 1, 5, 5])
[1,1]<stdout>:<class 'torch.nn.parameter.Parameter'> torch.Size([10])
[1,1]<stdout>:<class 'torch.nn.parameter.Parameter'> torch.Size([20, 10, 5, 5])
[1,1]<stdout>:<class 'torch.nn.parameter.Parameter'> torch.Size([20])
[1,1]<stdout>:<class 'torch.nn.parameter.Parameter'> torch.Size([50, 320])
[1,1]<stdout>:<class 'torch.nn.parameter.Parameter'> torch.Size([50])
[1,1]<stdout>:<class 'torch.nn.parameter.Parameter'> torch.Size([10, 50])
[1,1]<stdout>:<class 'torch.nn.parameter.Parameter'> torch.Size([10])
[1,0]<stdout>:<class 'torch.nn.parameter.Parameter'> torch.Size([10, 1, 5, 5])
[1,0]<stdout>:<class 'torch.nn.parameter.Parameter'> torch.Size([10])
[1,0]<stdout>:<class 'torch.nn.parameter.Parameter'> torch.Size([20, 10, 5, 5])
[1,0]<stdout>:<class 'torch.nn.parameter.Parameter'> torch.Size([20])
[1,0]<stdout>:<class 'torch.nn.parameter.Parameter'> torch.Size([50, 320])
[1,0]<stdout>:<class 'torch.nn.parameter.Parameter'> torch.Size([50])
[1,0]<stdout>:<class 'torch.nn.parameter.Parameter'> torch.Size([10, 50])
[1,0]<stdout>:<class 'torch.nn.parameter.Parameter'> torch.Size([10])
[1,2]<stdout>:<class 'torch.nn.parameter.Parameter'> torch.Size([10, 1, 5, 5])
[1,2]<stdout>:<class 'torch.nn.parameter.Parameter'> torch.Size([10])
[1,2]<stdout>:<class 'torch.nn.parameter.Parameter'> torch.Size([20, 10, 5, 5])
[1,2]<stdout>:<class 'torch.nn.parameter.Parameter'> torch.Size([20])
[1,2]<stdout>:<class 'torch.nn.parameter.Parameter'> torch.Size([50, 320])
[1,2]<stdout>:<class 'torch.nn.parameter.Parameter'> torch.Size([50])
[1,2]<stdout>:<class 'torch.nn.parameter.Parameter'> torch.Size([10, 50])
[1,2]<stdout>:<class 'torch.nn.parameter.Parameter'> torch.Size([10])
[1,3]<stdout>:<class 'torch.nn.parameter.Parameter'> torch.Size([10, 1, 5, 5])
[1,3]<stdout>:<class 'torch.nn.parameter.Parameter'> torch.Size([10])
[1,3]<stdout>:<class 'torch.nn.parameter.Parameter'> torch.Size([20, 10, 5, 5])
[1,3]<stdout>:<class 'torch.nn.parameter.Parameter'> torch.Size([20])
[1,3]<stdout>:<class 'torch.nn.parameter.Parameter'> torch.Size([50, 320])
[1,3]<stdout>:<class 'torch.nn.parameter.Parameter'> torch.Size([50])
[1,3]<stdout>:<class 'torch.nn.parameter.Parameter'> torch.Size([10, 50])
[1,3]<stdout>:<class 'torch.nn.parameter.Parameter'> torch.Size([10])
[1,2]<stdout>:===== begin one interation step
[1,1]<stdout>:===== begin one interation step
[1,3]<stdout>:===== begin one interation step
[1,0]<stdout>:===== begin one interation step
[1,1]<stdout>:[all_reduce.cc] One tensor will be sent from rank 1 (ip:202.45.128.2331) to rank 2 (ip: 202.45.128.2331) with socket fd
[1,1]<stdout>:net-g12:50601:50619 [1] NCCL INFO AllReduce: opCount 10 sendbuff 0x7f36a6a2ba00 recvbuff 0x7f36a6a2ba00 count 10 datatype 7 op 0 root 0 comm 0x7f372c319c70 [nranks=4] stream 0x7f372c243780
[1,0]<stdout>:[all_reduce.cc] One tensor will be sent from rank 0 (ip:202.45.128.2320) to rank 1 (ip: 202.45.128.2320) with socket fd
[1,0]<stdout>:net-g12:50600:50618 [0] NCCL INFO AllReduce: opCount 0 sendbuff 0x7f9902a2ba00 recvbuff 0x7f9902a2ba00 count 10 datatype 7 op 0 root 0 comm 0x7f9984324140 [nranks=4] stream 0x55592fc92fc0
[1,2]<stdout>:[all_reduce.cc] One tensor will be sent from rank 2 (ip:202.45.128.2332) to rank 3 (ip: 202.45.128.2332) with socket fd
[1,3]<stdout>:[all_reduce.cc] One tensor will be sent from rank 3 (ip:202.45.128.2323) to rank 0 (ip: 202.45.128.2323) with socket fd
[1,3]<stdout>:net-g13:56788:56802 [1] NCCL INFO AllReduce: opCount 0 sendbuff 0x7fe6bea2ba00 recvbuff 0x7fe6bea2ba00 count 10 datatype 7 op 0 root 0 comm 0x7fe750322740 [nranks=4] stream 0x7fe75024c080
[1,2]<stdout>:net-g13:56787:56803 [0] NCCL INFO AllReduce: opCount 10 sendbuff 0x7fe3e742ba00 recvbuff 0x7fe3e742ba00 count 10 datatype 7 op 0 root 0 comm 0x7fe46c319a60 [nranks=4] stream 0x7fe46c2433f0
[1,1]<stdout>:[all_reduce.cc] One tensor will be sent from rank 1 (ip:202.45.128.2331) to rank 2 (ip: 202.45.128.2331) with socket fd
[1,1]<stdout>:net-g12:50601:50619 [1] NCCL INFO AllReduce: opCount 11 sendbuff 0x7f367c000000 recvbuff 0x7f367c000000 count 16572 datatype 7 op 0 root 0 comm 0x7f372c319c70 [nranks=4] stream 0x7f372c243780
[1,0]<stdout>:[all_reduce.cc] One tensor will be sent from rank 0 (ip:202.45.128.2320) to rank 1 (ip: 202.45.128.2320) with socket fd
[1,0]<stdout>:net-g12:50600:50618 [0] NCCL INFO AllReduce: opCount 1 sendbuff 0x7f98da000000 recvbuff 0x7f98da000000 count 16572 datatype 7 op 0 root 0 comm 0x7f9984324140 [nranks=4] stream 0x55592fc92fc0
[1,3]<stdout>:[all_reduce.cc] One tensor will be sent from rank 3 (ip:202.45.128.2323) to rank 0 (ip: 202.45.128.2323) with socket fd
[1,3]<stdout>:net-g13:56788:56802 [1] NCCL INFO AllReduce: opCount 1 sendbuff 0x7fe69a000000 recvbuff 0x7fe69a000000 count 16572 datatype 7 op 0 root 0 comm 0x7fe750322740 [nranks=4] stream 0x7fe75024c080
[1,2]<stdout>:[all_reduce.cc] One tensor will be sent from rank 2 (ip:202.45.128.2332) to rank 3 (ip: 202.45.128.2332) with socket fd
[1,2]<stdout>:net-g13:56787:56803 [0] NCCL INFO AllReduce: opCount 11 sendbuff 0x7fe3b0000000 recvbuff 0x7fe3b0000000 count 16572 datatype 7 op 0 root 0 comm 0x7fe46c319a60 [nranks=4] stream 0x7fe46c2433f0
[1,1]<stdout>:[all_reduce.cc] One tensor will be sent from rank 1 (ip:202.45.128.2331) to rank 2 (ip: 202.45.128.2331) with socket fd
[1,1]<stdout>:net-g12:50601:50619 [1] NCCL INFO AllReduce: opCount 12 sendbuff 0x7f367c000000 recvbuff 0x7f367c000000 count 5264 datatype 7 op 0 root 0 comm 0x7f372c319c70 [nranks=4] stream 0x7f372c243780
[1,0]<stdout>:[all_reduce.cc] One tensor will be sent from rank 0 (ip:202.45.128.2320) to rank 1 (ip: 202.45.128.2320) with socket fd
[1,0]<stdout>:net-g12:50600:50618 [0] NCCL INFO AllReduce: opCount 2 sendbuff 0x7f98da000000 recvbuff 0x7f98da000000 count 5264 datatype 7 op 0 root 0 comm 0x7f9984324140 [nranks=4] stream 0x55592fc92fc0
[1,3]<stdout>:[all_reduce.cc] One tensor will be sent from rank 3 (ip:202.45.128.2323) to rank 0 (ip: 202.45.128.2323) with socket fd
[1,3]<stdout>:net-g13:56788:56802 [1] NCCL INFO AllReduce: opCount 2 sendbuff 0x7fe69a000000 recvbuff 0x7fe69a000000 count 5264 datatype 7 op 0 root 0 comm 0x7fe750322740 [nranks=4] stream 0x7fe75024c080
[1,2]<stdout>:[all_reduce.cc] One tensor will be sent from rank 2 (ip:202.45.128.2332) to rank 3 (ip: 202.45.128.2332) with socket fd
[1,2]<stdout>:net-g13:56787:56803 [0] NCCL INFO AllReduce: opCount 12 sendbuff 0x7fe3b0000000 recvbuff 0x7fe3b0000000 count 5264 datatype 7 op 0 root 0 comm 0x7fe46c319a60 [nranks=4] stream 0x7fe46c2433f0
[1,3]<stdout>:Train Epoch: 1 [0/15000 (0%)]	Loss: 2.354724
[1,2]<stdout>:Train Epoch: 1 [0/15000 (0%)]	Loss: 2.285889
[1,3]<stdout>:===== begin one interation step
[1,2]<stdout>:===== begin one interation step
[1,1]<stdout>:Train Epoch: 1 [0/15000 (0%)]	Loss: 2.305933
[1,1]<stdout>:===== begin one interation step
[1,0]<stdout>:Train Epoch: 1 [0/15000 (0%)]	Loss: 2.346126
[1,0]<stdout>:===== begin one interation step
[1,1]<stdout>:[all_reduce.cc] One tensor will be sent from rank 1 (ip:202.45.128.2331) to rank 2 (ip: 202.45.128.2331) with socket fd
[1,1]<stdout>:net-g12:50601:50619 [1] NCCL INFO AllReduce: opCount 13 sendbuff 0x7f367c000000 recvbuff 0x7f367c000000 count 512 datatype 7 op 0 root 0 comm 0x7f372c319c70 [nranks=4] stream 0x7f372c243780
[1,0]<stdout>:[all_reduce.cc] One tensor will be sent from rank 0 (ip:202.45.128.2320) to rank 1 (ip: 202.45.128.2320) with socket fd
[1,0]<stdout>:net-g12:50600:50618 [0] NCCL INFO AllReduce: opCount 3 sendbuff 0x7f98da000000 recvbuff 0x7f98da000000 count 512 datatype 7 op 0 root 0 comm 0x7f9984324140 [nranks=4] stream 0x55592fc92fc0
[1,3]<stdout>:[all_reduce.cc] One tensor will be sent from rank 3 (ip:202.45.128.2323) to rank 0 (ip: 202.45.128.2323) with socket fd
[1,3]<stdout>:net-g13:56788:56802 [1] NCCL INFO AllReduce: opCount 3 sendbuff 0x7fe69a000000 recvbuff 0x7fe69a000000 count 512 datatype 7 op 0 root 0 comm 0x7fe750322740 [nranks=4] stream 0x7fe75024c080
[1,2]<stdout>:[all_reduce.cc] One tensor will be sent from rank 2 (ip:202.45.128.2332) to rank 3 (ip: 202.45.128.2332) with socket fd
[1,2]<stdout>:net-g13:56787:56803 [0] NCCL INFO AllReduce: opCount 13 sendbuff 0x7fe3b0000000 recvbuff 0x7fe3b0000000 count 512 datatype 7 op 0 root 0 comm 0x7fe46c319a60 [nranks=4] stream 0x7fe46c2433f0
[1,0]<stdout>:[all_reduce.cc] One tensor will be sent from rank 0 (ip:202.45.128.2320) to rank 1 (ip: 202.45.128.2320) with socket fd
[1,0]<stdout>:net-g12:50600:50618 [0] NCCL INFO AllReduce: opCount 4 sendbuff 0x7f98da000000 recvbuff 0x7f98da000000 count 16072 datatype 7 op 0 root 0 comm 0x7f9984324140 [nranks=4] stream 0x55592fc92fc0
[1,1]<stdout>:[all_reduce.cc] One tensor will be sent from rank 1 (ip:202.45.128.2331) to rank 2 (ip: 202.45.128.2331) with socket fd
[1,1]<stdout>:net-g12:50601:50619 [1] NCCL INFO AllReduce: opCount 14 sendbuff 0x7f367c000000 recvbuff 0x7f367c000000 count 16072 datatype 7 op 0 root 0 comm 0x7f372c319c70 [nranks=4] stream 0x7f372c243780
[1,2]<stdout>:[all_reduce.cc] One tensor will be sent from rank 2 (ip:202.45.128.2332) to rank 3 (ip: 202.45.128.2332) with socket fd
[1,2]<stdout>:net-g13:56787:56803 [0] NCCL INFO AllReduce: opCount 14 sendbuff 0x7fe3b0000000 recvbuff 0x7fe3b0000000 count 16072 datatype 7 op 0 root 0 comm 0x7fe46c319a60 [nranks=4] stream 0x7fe46c2433f0
[1,3]<stdout>:[all_reduce.cc] One tensor will be sent from rank 3 (ip:202.45.128.2323) to rank 0 (ip: 202.45.128.2323) with socket fd
[1,3]<stdout>:net-g13:56788:56802 [1] NCCL INFO AllReduce: opCount 4 sendbuff 0x7fe69a000000 recvbuff 0x7fe69a000000 count 16072 datatype 7 op 0 root 0 comm 0x7fe750322740 [nranks=4] stream 0x7fe75024c080
[1,0]<stdout>:[all_reduce.cc] One tensor will be sent from rank 0 (ip:202.45.128.2320) to rank 1 (ip: 202.45.128.2320) with socket fd
[1,0]<stdout>:net-g12:50600:50618 [0] NCCL INFO AllReduce: opCount 5 sendbuff 0x7f98da000000 recvbuff 0x7f98da000000 count 5012 datatype 7 op 0 root 0 comm 0x7f9984324140 [nranks=4] stream 0x55592fc92fc0
[1,1]<stdout>:[all_reduce.cc] One tensor will be sent from rank 1 (ip:202.45.128.2331) to rank 2 (ip: 202.45.128.2331) with socket fd
[1,1]<stdout>:net-g12:50601:50619 [1] NCCL INFO AllReduce: opCount 15 sendbuff 0x7f367c000000 recvbuff 0x7f367c000000 count 5012 datatype 7 op 0 root 0 comm 0x7f372c319c70 [nranks=4] stream 0x7f372c243780
[1,2]<stdout>:[all_reduce.cc] One tensor will be sent from rank 2 (ip:202.45.128.2332) to rank 3 (ip: 202.45.128.2332) with socket fd
[1,2]<stdout>:net-g13:56787:56803 [0] NCCL INFO AllReduce: opCount 15 sendbuff 0x7fe3b0000000 recvbuff 0x7fe3b0000000 count 5012 datatype 7 op 0 root 0 comm 0x7fe46c319a60 [nranks=4] stream 0x7fe46c2433f0
[1,3]<stdout>:[all_reduce.cc] One tensor will be sent from rank 3 (ip:202.45.128.2323) to rank 0 (ip: 202.45.128.2323) with socket fd
[1,3]<stdout>:net-g13:56788:56802 [1] NCCL INFO AllReduce: opCount 5 sendbuff 0x7fe69a000000 recvbuff 0x7fe69a000000 count 5012 datatype 7 op 0 root 0 comm 0x7fe750322740 [nranks=4] stream 0x7fe75024c080
[1,0]<stdout>:[all_reduce.cc] One tensor will be sent from rank 0 (ip:202.45.128.2320) to rank 1 (ip: 202.45.128.2320) with socket fd
[1,0]<stdout>:net-g12:50600:50618 [0] NCCL INFO AllReduce: opCount 6 sendbuff 0x7f9902a15e00 recvbuff 0x7f9902a15e00 count 250 datatype 7 op 0 root 0 comm 0x7f9984324140 [nranks=4] stream 0x55592fc92fc0
[1,1]<stdout>:[all_reduce.cc] One tensor will be sent from rank 1 (ip:202.45.128.2331) to rank 2 (ip: 202.45.128.2331) with socket fd
[1,1]<stdout>:net-g12:50601:50619 [1] NCCL INFO AllReduce: opCount 16 sendbuff 0x7f36a6a15e00 recvbuff 0x7f36a6a15e00 count 250 datatype 7 op 0 root 0 comm 0x7f372c319c70 [nranks=4] stream 0x7f372c243780
[1,2]<stdout>:[all_reduce.cc] One tensor will be sent from rank 2 (ip:202.45.128.2332) to rank 3 (ip: 202.45.128.2332) with socket fd
[1,2]<stdout>:net-g13:56787:56803 [0] NCCL INFO AllReduce: opCount 16 sendbuff 0x7fe3e7415e00 recvbuff 0x7fe3e7415e00 count 250 datatype 7 op 0 root 0 comm 0x7fe46c319a60 [nranks=4] stream 0x7fe46c2433f0
[1,3]<stdout>:[all_reduce.cc] One tensor will be sent from rank 3 (ip:202.45.128.2323) to rank 0 (ip: 202.45.128.2323) with socket fd
[1,3]<stdout>:net-g13:56788:56802 [1] NCCL INFO AllReduce: opCount 6 sendbuff 0x7fe6bea15e00 recvbuff 0x7fe6bea15e00 count 250 datatype 7 op 0 root 0 comm 0x7fe750322740 [nranks=4] stream 0x7fe75024c080
[1,2]<stdout>:Train Epoch: 1 [64/15000 (0%)]	Loss: 2.313272
[1,0]<stdout>:Train Epoch: 1 [64/15000 (0%)]	Loss: 2.327068
[1,1]<stdout>:Train Epoch: 1 [64/15000 (0%)]	Loss: 2.304141
[1,3]<stdout>:Train Epoch: 1 [64/15000 (0%)]	Loss: 2.315045
[1,0]<stdout>:net-g12:50600:50618 [0] NCCL INFO Created 1 queue info, destroyed 1
[1,1]<stdout>:net-g12:50601:50619 [1] NCCL INFO Created 1 queue info, destroyed 1
[1,3]<stdout>:net-g13:56788:56802 [1] NCCL INFO Created 1 queue info, destroyed 1
[1,2]<stdout>:net-g13:56787:56803 [0] NCCL INFO Created 1 queue info, destroyed 1
