[1,1]<stdout>:net-g12:22417:22435 [1] NCCL INFO [all_reduce.cc] Process data: from rank 1 (ip:202.45.128.232) to peer rank 2 (ip: 202.45.128.233)
[1,1]<stdout>:
[1,1]<stdout>:net-g12:22417:22435 [1] NCCL INFO AllReduce: opCount 1d sendbuff 0x7fe204000000 recvbuff 0x7fe204000000 count 512 datatype 7 op 0 root 0 comm 0x7fe2bc31a220 [nranks=4] stream 0x7fe2bc243e10
[1,0]<stdout>:net-g12:22416:22434 [0] NCCL INFO [all_reduce.cc] Process data: from rank 0 (ip:202.45.128.232) to peer rank 1 (ip: 202.45.128.232)
[1,0]<stdout>:
[1,0]<stdout>:[all_reduce.cc] Open shared ....net-g12:22416:22434 [0] NCCL INFO AllReduce: opCount d sendbuff 0x7f37c2000000 recvbuff 0x7f37c2000000 count 512 datatype 7 op 0 root 0 comm 0x7f3868323f70 [nranks=4] stream 0x7f386824d0c0
[1,2]<stdout>:[all_reduce.cc] One tensor will be sent from rank 2 (ip:202.45.128.233) to rank 3 (ip: 202.45.128.233)
[1,2]<stdout>:net-g13:64591:64606 [0] NCCL INFO AllReduce: opCount 1d sendbuff 0x7f924c000000 recvbuff 0x7f924c000000 count 512 datatype 7 op 0 root 0 comm 0x7f92fc31a5f0 [nranks=4] stream 0x7f92fc244000
[1,3]<stdout>:[all_reduce.cc] One tensor will be sent from rank 3 (ip:202.45.128.233) to rank 0 (ip: 202.45.128.232)
[1,3]<stdout>:net-g13:64592:64607 [1] NCCL INFO AllReduce: opCount d sendbuff 0x7f1fc0000000 recvbuff 0x7f1fc0000000 count 512 datatype 7 op 0 root 0 comm 0x7f2068322ab0 [nranks=4] stream 0x7f206824c570
[1,1]<stdout>:net-g12:22417:22435 [1] NCCL INFO [all_reduce.cc] Process data: from rank 1 (ip:202.45.128.232) to peer rank 2 (ip: 202.45.128.233)
[1,1]<stdout>:
[1,1]<stdout>:net-g12:22417:22435 [1] NCCL INFO AllReduce: opCount 1e sendbuff 0x7fe204000000 recvbuff 0x7fe204000000 count 16072 datatype 7 op 0 root 0 comm 0x7fe2bc31a220 [nranks=4] stream 0x7fe2bc243e10
[1,3]<stdout>:[all_reduce.cc] One tensor will be sent from rank 3 (ip:202.45.128.233) to rank 0 (ip: 202.45.128.232)
[1,3]<stdout>:net-g13:64592:64607 [1] NCCL INFO AllReduce: opCount e sendbuff 0x7f1fc0000000 recvbuff 0x7f1fc0000000 count 16072 datatype 7 op 0 root 0 comm 0x7f2068322ab0 [nranks=4] stream 0x7f206824c570
[1,2]<stdout>:[all_reduce.cc] One tensor will be sent from rank 2 (ip:202.45.128.233) to rank 3 (ip: 202.45.128.233)
[1,2]<stdout>:net-g13:64591:64606 [0] NCCL INFO AllReduce: opCount 1e sendbuff 0x7f924c000000 recvbuff 0x7f924c000000 count 16072 datatype 7 op 0 root 0 comm 0x7f92fc31a5f0 [nranks=4] stream 0x7f92fc244000
[1,0]<stdout>:net-g12:22416:22434 [0] NCCL INFO [all_reduce.cc] Process data: from rank 0 (ip:202.45.128.232) to peer rank 1 (ip: 202.45.128.232)
[1,0]<stdout>:
[1,0]<stdout>:[all_reduce.cc] Open shared ....net-g12:22416:22434 [0] NCCL INFO AllReduce: opCount e sendbuff 0x7f37c2000000 recvbuff 0x7f37c2000000 count 16072 datatype 7 op 0 root 0 comm 0x7f3868323f70 [nranks=4] stream 0x7f386824d0c0
[1,1]<stdout>:net-g12:22417:22435 [1] NCCL INFO [all_reduce.cc] Process data: from rank 1 (ip:202.45.128.232) to peer rank 2 (ip: 202.45.128.233)
[1,1]<stdout>:
[1,1]<stdout>:net-g12:22417:22435 [1] NCCL INFO AllReduce: opCount 1f sendbuff 0x7fe204000000 recvbuff 0x7fe204000000 count 5012 datatype 7 op 0 root 0 comm 0x7fe2bc31a220 [nranks=4] stream 0x7fe2bc243e10
[1,0]<stdout>:net-g12:22416:22434 [0] NCCL INFO [all_reduce.cc] Process data: from rank 0 (ip:202.45.128.232) to peer rank 1 (ip: 202.45.128.232)
[1,0]<stdout>:
[1,0]<stdout>:[all_reduce.cc] Open shared ....net-g12:22416:22434 [0] NCCL INFO AllReduce: opCount f sendbuff 0x7f37c2000000 recvbuff 0x7f37c2000000 count 5012 datatype 7 op 0 root 0 comm 0x7f3868323f70 [nranks=4] stream 0x7f386824d0c0
[1,3]<stdout>:[all_reduce.cc] One tensor will be sent from rank 3 (ip:202.45.128.233) to rank 0 (ip: 202.45.128.232)
[1,3]<stdout>:net-g13:64592:64607 [1] NCCL INFO AllReduce: opCount f sendbuff 0x7f1fc0000000 recvbuff 0x7f1fc0000000 count 5012 datatype 7 op 0 root 0 comm 0x7f2068322ab0 [nranks=4] stream 0x7f206824c570
[1,2]<stdout>:[all_reduce.cc] One tensor will be sent from rank 2 (ip:202.45.128.233) to rank 3 (ip: 202.45.128.233)
[1,2]<stdout>:net-g13:64591:64606 [0] NCCL INFO AllReduce: opCount 1f sendbuff 0x7f924c000000 recvbuff 0x7f924c000000 count 5012 datatype 7 op 0 root 0 comm 0x7f92fc31a5f0 [nranks=4] stream 0x7f92fc244000
[1,1]<stdout>:net-g12:22417:22435 [1] NCCL INFO [all_reduce.cc] Process data: from rank 1 (ip:202.45.128.232) to peer rank 2 (ip: 202.45.128.233)
[1,1]<stdout>:
[1,1]<stdout>:net-g12:22417:22435 [1] NCCL INFO AllReduce: opCount 20 sendbuff 0x7fe253a15e00 recvbuff 0x7fe253a15e00 count 250 datatype 7 op 0 root 0 comm 0x7fe2bc31a220 [nranks=4] stream 0x7fe2bc243e10
[1,0]<stdout>:net-g12:22416:22434 [0] NCCL INFO [all_reduce.cc] Process data: from rank 0 (ip:202.45.128.232) to peer rank 1 (ip: 202.45.128.232)
[1,0]<stdout>:
[1,0]<stdout>:[all_reduce.cc] Open shared ....net-g12:22416:22434 [0] NCCL INFO AllReduce: opCount 10 sendbuff 0x7f3819a15e00 recvbuff 0x7f3819a15e00 count 250 datatype 7 op 0 root 0 comm 0x7f3868323f70 [nranks=4] stream 0x7f386824d0c0
[1,3]<stdout>:[all_reduce.cc] One tensor will be sent from rank 3 (ip:202.45.128.233) to rank 0 (ip: 202.45.128.232)
[1,3]<stdout>:net-g13:64592:64607 [1] NCCL INFO AllReduce: opCount 10 sendbuff 0x7f1feaa15e00 recvbuff 0x7f1feaa15e00 count 250 datatype 7 op 0 root 0 comm 0x7f2068322ab0 [nranks=4] stream 0x7f206824c570
[1,2]<stdout>:[all_reduce.cc] One tensor will be sent from rank 2 (ip:202.45.128.233) to rank 3 (ip: 202.45.128.233)
[1,2]<stdout>:net-g13:64591:64606 [0] NCCL INFO AllReduce: opCount 20 sendbuff 0x7f9276a15e00 recvbuff 0x7f9276a15e00 count 250 datatype 7 op 0 root 0 comm 0x7f92fc31a5f0 [nranks=4] stream 0x7f92fc244000
[1,2]<stdout>:Train Epoch: 1 [192/15000 (1%)]	Loss: 2.324682
[1,2]<stdout>:===== begin one interation step
[1,1]<stdout>:Train Epoch: 1 [192/15000 (1%)]	Loss: 2.336734
[1,3]<stdout>:Train Epoch: 1 [192/15000 (1%)]	Loss: 2.329172
[1,0]<stdout>:Train Epoch: 1 [192/15000 (1%)]	Loss: 2.334175
[1,1]<stdout>:===== begin one interation step
[1,3]<stdout>:===== begin one interation step
[1,0]<stdout>:===== begin one interation step
[1,1]<stdout>:net-g12:22417:22435 [1] NCCL INFO [all_reduce.cc] Process data: from rank 1 (ip:202.45.128.232) to peer rank 2 (ip: 202.45.128.233)
[1,1]<stdout>:
[1,1]<stdout>:net-g12:22417:22435 [1] NCCL INFO AllReduce: opCount 21 sendbuff 0x7fe204000000 recvbuff 0x7fe204000000 count 564 datatype 7 op 0 root 0 comm 0x7fe2bc31a220 [nranks=4] stream 0x7fe2bc243e10
[1,0]<stdout>:net-g12:22416:22434 [0] NCCL INFO [all_reduce.cc] Process data: from rank 0 (ip:202.45.128.232) to peer rank 1 (ip: 202.45.128.232)
[1,0]<stdout>:
[1,0]<stdout>:[all_reduce.cc] Open shared ....net-g12:22416:22434 [0] NCCL INFO AllReduce: opCount 11 sendbuff 0x7f37c2000000 recvbuff 0x7f37c2000000 count 564 datatype 7 op 0 root 0 comm 0x7f3868323f70 [nranks=4] stream 0x7f386824d0c0
[1,3]<stdout>:[all_reduce.cc] One tensor will be sent from rank 3 (ip:202.45.128.233) to rank 0 (ip: 202.45.128.232)
[1,3]<stdout>:net-g13:64592:64607 [1] NCCL INFO AllReduce: opCount 11 sendbuff 0x7f1fc0000000 recvbuff 0x7f1fc0000000 count 564 datatype 7 op 0 root 0 comm 0x7f2068322ab0 [nranks=4] stream 0x7f206824c570
[1,2]<stdout>:[all_reduce.cc] One tensor will be sent from rank 2 (ip:202.45.128.233) to rank 3 (ip: 202.45.128.233)
[1,2]<stdout>:net-g13:64591:64606 [0] NCCL INFO AllReduce: opCount 21 sendbuff 0x7f924c000000 recvbuff 0x7f924c000000 count 564 datatype 7 op 0 root 0 comm 0x7f92fc31a5f0 [nranks=4] stream 0x7f92fc244000
[1,1]<stdout>:net-g12:22417:22435 [1] NCCL INFO [all_reduce.cc] Process data: from rank 1 (ip:202.45.128.232) to peer rank 2 (ip: 202.45.128.233)
[1,1]<stdout>:
[1,1]<stdout>:net-g12:22417:22435 [1] NCCL INFO AllReduce: opCount 22 sendbuff 0x7fe204000000 recvbuff 0x7fe204000000 count 21020 datatype 7 op 0 root 0 comm 0x7fe2bc31a220 [nranks=4] stream 0x7fe2bc243e10
[1,0]<stdout>:net-g12:22416:22434 [0] NCCL INFO [all_reduce.cc] Process data: from rank 0 (ip:202.45.128.232) to peer rank 1 (ip: 202.45.128.232)
[1,0]<stdout>:
[1,0]<stdout>:[all_reduce.cc] Open shared ....net-g12:22416:22434 [0] NCCL INFO AllReduce: opCount 12 sendbuff 0x7f37c2000000 recvbuff 0x7f37c2000000 count 21020 datatype 7 op 0 root 0 comm 0x7f3868323f70 [nranks=4] stream 0x7f386824d0c0
[1,3]<stdout>:[all_reduce.cc] One tensor will be sent from rank 3 (ip:202.45.128.233) to rank 0 (ip: 202.45.128.232)
[1,3]<stdout>:net-g13:64592:64607 [1] NCCL INFO AllReduce: opCount 12 sendbuff 0x7f1fc0000000 recvbuff 0x7f1fc0000000 count 21020 datatype 7 op 0 root 0 comm 0x7f2068322ab0 [nranks=4] stream 0x7f206824c570
[1,2]<stdout>:[all_reduce.cc] One tensor will be sent from rank 2 (ip:202.45.128.233) to rank 3 (ip: 202.45.128.233)
[1,2]<stdout>:net-g13:64591:64606 [0] NCCL INFO AllReduce: opCount 22 sendbuff 0x7f924c000000 recvbuff 0x7f924c000000 count 21020 datatype 7 op 0 root 0 comm 0x7f92fc31a5f0 [nranks=4] stream 0x7f92fc244000
[1,1]<stdout>:net-g12:22417:22435 [1] NCCL INFO [all_reduce.cc] Process data: from rank 1 (ip:202.45.128.232) to peer rank 2 (ip: 202.45.128.233)
[1,1]<stdout>:
[1,1]<stdout>:net-g12:22417:22435 [1] NCCL INFO AllReduce: opCount 23 sendbuff 0x7fe204000000 recvbuff 0x7fe204000000 count 264 datatype 7 op 0 root 0 comm 0x7fe2bc31a220 [nranks=4] stream 0x7fe2bc243e10
[1,0]<stdout>:net-g12:22416:22434 [0] NCCL INFO [all_reduce.cc] Process data: from rank 0 (ip:202.45.128.232) to peer rank 1 (ip: 202.45.128.232)
[1,0]<stdout>:
[1,0]<stdout>:[all_reduce.cc] Open shared ....net-g12:22416:22434 [0] NCCL INFO AllReduce: opCount 13 sendbuff 0x7f37c2000000 recvbuff 0x7f37c2000000 count 264 datatype 7 op 0 root 0 comm 0x7f3868323f70 [nranks=4] stream 0x7f386824d0c0
[1,3]<stdout>:[all_reduce.cc] One tensor will be sent from rank 3 (ip:202.45.128.233) to rank 0 (ip: 202.45.128.232)
[1,3]<stdout>:net-g13:64592:64607 [1] NCCL INFO AllReduce: opCount 13 sendbuff 0x7f1fc0000000 recvbuff 0x7f1fc0000000 count 264 datatype 7 op 0 root 0 comm 0x7f2068322ab0 [nranks=4] stream 0x7f206824c570
[1,2]<stdout>:[all_reduce.cc] One tensor will be sent from rank 2 (ip:202.45.128.233) to rank 3 (ip: 202.45.128.233)
[1,2]<stdout>:net-g13:64591:64606 [0] NCCL INFO AllReduce: opCount 23 sendbuff 0x7f924c000000 recvbuff 0x7f924c000000 count 264 datatype 7 op 0 root 0 comm 0x7f92fc31a5f0 [nranks=4] stream 0x7f92fc244000
[1,1]<stdout>:Train Epoch: 1 [256/15000 (2%)]	Loss: 2.302462
[1,0]<stdout>:Train Epoch: 1 [256/15000 (2%)]	Loss: 2.293119
[1,2]<stdout>:Train Epoch: 1 [256/15000 (2%)]	Loss: 2.283986
[1,3]<stdout>:Train Epoch: 1 [256/15000 (2%)]	Loss: 2.296748
[1,1]<stdout>:net-g12:22417:22435 [1] NCCL INFO Created 1 queue info, destroyed 1
[1,0]<stdout>:net-g12:22416:22434 [0] NCCL INFO Created 1 queue info, destroyed 1
[1,2]<stdout>:net-g13:64591:64606 [0] NCCL INFO Created 1 queue info, destroyed 1
[1,3]<stdout>:net-g13:64592:64607 [1] NCCL INFO Created 1 queue info, destroyed 1
