Filtering local host names.
Remote host found: 202.45.128.233
Checking ssh on all remote hosts.
SSH was successful into all the remote hosts.
[1,0]<stdout>:net-g12:38160:38176 [0] NCCL INFO NCCL_SOCKET_IFNAME set by environment to eno3
[1,0]<stdout>:net-g12:38160:38176 [0] NCCL INFO NCCL_SOCKET_IFNAME set to eno3
[1,0]<stdout>:net-g12:38160:38176 [0] NCCL INFO Bootstrap : Using eno3:202.45.128.232<0>
[1,0]<stdout>:net-g12:38160:38176 [0] NCCL INFO NET/Plugin : No plugin found (libnccl-net.so), using internal implementation
[1,0]<stdout>:net-g12:38160:38176 [0] NCCL INFO NCCL_IB_DISABLE set by environment to 1.
[1,0]<stdout>:net-g12:38160:38176 [0] NCCL INFO NCCL_SOCKET_IFNAME set by environment to eno3
[1,0]<stdout>:net-g12:38160:38176 [0] NCCL INFO NCCL_SOCKET_IFNAME set to eno3
[1,0]<stdout>:net-g12:38160:38176 [0] NCCL INFO NET/Socket : Using [0]eno3:202.45.128.232<0>
[1,0]<stdout>:net-g12:38160:38176 [0] NCCL INFO Using network Socket
[1,0]<stdout>:NCCL version 2.11.4+cuda10.2
[1,0]<stdout>:net-g12:38160:38176 [0] NCCL INFO [CCP] Socekt.h: Set TCP cong to CCP.
[1,2]<stdout>:net-g13:48399:48424 [0] NCCL INFO NCCL_SOCKET_IFNAME set by environment to eno3
[1,2]<stdout>:net-g13:48399:48424 [0] NCCL INFO NCCL_SOCKET_IFNAME set to eno3
[1,2]<stdout>:net-g13:48399:48424 [0] NCCL INFO Bootstrap : Using eno3:202.45.128.233<0>
[1,2]<stdout>:net-g13:48399:48424 [0] NCCL INFO NET/Plugin : No plugin found (libnccl-net.so), using internal implementation
[1,2]<stdout>:net-g13:48399:48424 [0] NCCL INFO NCCL_IB_DISABLE set by environment to 1.
[1,2]<stdout>:net-g13:48399:48424 [0] NCCL INFO NCCL_SOCKET_IFNAME set by environment to eno3
[1,2]<stdout>:net-g13:48399:48424 [0] NCCL INFO NCCL_SOCKET_IFNAME set to eno3
[1,2]<stdout>:net-g13:48399:48424 [0] NCCL INFO NET/Socket : Using [0]eno3:202.45.128.233<0>
[1,2]<stdout>:net-g13:48399:48424 [0] NCCL INFO Using network Socket
[1,3]<stdout>:net-g13:48400:48425 [1] NCCL INFO NCCL_SOCKET_IFNAME set by environment to eno3
[1,3]<stdout>:net-g13:48400:48425 [1] NCCL INFO NCCL_SOCKET_IFNAME set to eno3
[1,3]<stdout>:net-g13:48400:48425 [1] NCCL INFO Bootstrap : Using eno3:202.45.128.233<0>
[1,3]<stdout>:net-g13:48400:48425 [1] NCCL INFO NET/Plugin : No plugin found (libnccl-net.so), using internal implementation
[1,3]<stdout>:net-g13:48400:48425 [1] NCCL INFO NCCL_IB_DISABLE set by environment to 1.
[1,3]<stdout>:net-g13:48400:48425 [1] NCCL INFO NCCL_SOCKET_IFNAME set by environment to eno3
[1,3]<stdout>:net-g13:48400:48425 [1] NCCL INFO NCCL_SOCKET_IFNAME set to eno3
[1,3]<stdout>:net-g13:48400:48425 [1] NCCL INFO NET/Socket : Using [0]eno3:202.45.128.233<0>
[1,3]<stdout>:net-g13:48400:48425 [1] NCCL INFO Using network Socket
[1,1]<stdout>:net-g12:38161:38175 [1] NCCL INFO NCCL_SOCKET_IFNAME set by environment to eno3
[1,1]<stdout>:net-g12:38161:38175 [1] NCCL INFO NCCL_SOCKET_IFNAME set to eno3
[1,1]<stdout>:net-g12:38161:38175 [1] NCCL INFO Bootstrap : Using eno3:202.45.128.232<0>
[1,1]<stdout>:net-g12:38161:38175 [1] NCCL INFO NET/Plugin : No plugin found (libnccl-net.so), using internal implementation
[1,1]<stdout>:net-g12:38161:38175 [1] NCCL INFO NCCL_IB_DISABLE set by environment to 1.
[1,1]<stdout>:net-g12:38161:38175 [1] NCCL INFO NCCL_SOCKET_IFNAME set by environment to eno3
[1,1]<stdout>:net-g12:38161:38175 [1] NCCL INFO NCCL_SOCKET_IFNAME set to eno3
[1,1]<stdout>:net-g12:38161:38175 [1] NCCL INFO NET/Socket : Using [0]eno3:202.45.128.232<0>
[1,1]<stdout>:net-g12:38161:38175 [1] NCCL INFO Using network Socket
[1,1]<stdout>:net-g12:38161:38175 [1] NCCL INFO [CCP] Socekt.h: Set TCP cong to CCP.
[1,0]<stdout>:net-g12:38160:38361 [0] NCCL INFO [CCP] Socekt.h: Set TCP cong to CCP.
[1,0]<stdout>:net-g12:38160:38361 [0] NCCL INFO [CCP] Socekt.h: Set TCP cong to CCP.
[1,0]<stdout>:net-g12:38160:38176 [0] NCCL INFO [CCP] Socekt.h: Set TCP cong to CCP.
[1,1]<stdout>:net-g12:38161:38175 [1] NCCL INFO [CCP] Socekt.h: Set TCP cong to CCP.
[1,0]<stdout>:net-g12:38160:38361 [0] NCCL INFO [CCP] Socekt.h: Set TCP cong to CCP.
[1,0]<stdout>:net-g12:38160:38361 [0] NCCL INFO [CCP] Socekt.h: Set TCP cong to CCP.
[1,1]<stdout>:[bootstrap.cc: rank 1 init done]
[1,1]<stdout>:sendaddr 202.45.128.233
[1,1]<stdout>:recvdaddr 202.45.128.232
[1,1]<stdout>:bootstrap 202.45.128.232
[1,1]<stdout>:extern var: 202.45.128.2331, 202.45.128.2331
[1,0]<stdout>:[bootstrap.cc: rank 0 init done]
[1,0]<stdout>:sendaddr 202.45.128.232
[1,0]<stdout>:recvdaddr 202.45.128.233
[1,0]<stdout>:bootstrap 202.45.128.232
[1,0]<stdout>:extern var: 202.45.128.2320, 202.45.128.2320
[1,1]<stdout>:net-g12:38161:38175 [1] NCCL INFO NCCL_MAX_NCHANNELS set by environment to 1.
[1,1]<stdout>:net-g12:38161:38175 [1] NCCL INFO Trees [0] -1/-1/-1->1->0
[1,1]<stdout>:net-g12:38161:38175 [1] NCCL INFO Setting affinity for GPU 1 to 5555,55555555,55555555
[1,0]<stdout>:net-g12:38160:38176 [0] NCCL INFO NCCL_MAX_NCHANNELS set by environment to 1.
[1,0]<stdout>:net-g12:38160:38176 [0] NCCL INFO Channel 00/01 :    0   1   2   3
[1,0]<stdout>:net-g12:38160:38176 [0] NCCL INFO Trees [0] 1/2/-1->0->-1
[1,0]<stdout>:net-g12:38160:38176 [0] NCCL INFO Setting affinity for GPU 0 to 5555,55555555,55555555
[1,2]<stdout>:net-g13:48399:48424 [0] NCCL INFO NCCL_MAX_NCHANNELS set by environment to 1.
[1,2]<stdout>:net-g13:48399:48424 [0] NCCL INFO Trees [0] 3/-1/-1->2->0
[1,2]<stdout>:net-g13:48399:48424 [0] NCCL INFO Setting affinity for GPU 0 to 5555,55555555,55555555
[1,3]<stdout>:net-g13:48400:48425 [1] NCCL INFO NCCL_MAX_NCHANNELS set by environment to 1.
[1,3]<stdout>:net-g13:48400:48425 [1] NCCL INFO Trees [0] -1/-1/-1->3->2
[1,3]<stdout>:net-g13:48400:48425 [1] NCCL INFO Setting affinity for GPU 1 to 5555,55555555,55555555
[1,0]<stdout>:net-g12:38160:38176 [0] NCCL INFO Channel 00 : 3[3b000] -> 0[18000] [receive] via NET/Socket/0
[1,0]<stdout>:net-g12:38160:38176 [0] NCCL INFO NCCL_NSOCKS_PERTHREAD set by environment to 1.
[1,0]<stdout>:net-g12:38160:38176 [0] NCCL INFO Channel 00 : 0[18000] -> 1[3b000] via P2P/IPC
[1,0]<stdout>:net-g12:38160:38176 [0] NCCL INFO [CCP] Socekt.h: Set TCP cong to CCP.
[1,0]<stdout>:net-g12:38160:38176 [0] NCCL INFO [CCP] Socekt.h: Set TCP cong to CCP.
[1,3]<stdout>:net-g13:48400:48425 [1] NCCL INFO Channel 00 : 3[3b000] -> 0[18000] [send] via NET/Socket/0
[1,1]<stdout>:net-g12:38161:38175 [1] NCCL INFO Channel 00 : 1[3b000] -> 2[18000] [send] via NET/Socket/0
[1,1]<stdout>:net-g12:38161:38175 [1] NCCL INFO [CCP] Socekt.h: Set TCP cong to CCP.
[1,1]<stdout>:net-g12:38161:38175 [1] NCCL INFO [CCP] Socekt.h: Set TCP cong to CCP.
[1,2]<stdout>:net-g13:48399:48424 [0] NCCL INFO Channel 00 : 1[3b000] -> 2[18000] [receive] via NET/Socket/0
[1,2]<stdout>:net-g13:48399:48424 [0] NCCL INFO NCCL_NSOCKS_PERTHREAD set by environment to 1.
[1,2]<stdout>:net-g13:48399:48424 [0] NCCL INFO Channel 00 : 2[18000] -> 3[3b000] via P2P/IPC
[1,1]<stdout>:[net_socket.cc] ncclSocketConnect
[1,1]<stdout>:net-g12:38161:38175 [1] NCCL INFO [CCP] Socekt.h: Set TCP cong to CCP.
[1,0]<stdout>:net-g12:38160:38176 [0] NCCL INFO Connected all rings
[1,1]<stdout>:net-g12:38161:38175 [1] NCCL INFO Connected all rings
[1,2]<stdout>:net-g13:48399:48424 [0] NCCL INFO Connected all rings
[1,3]<stdout>:net-g13:48400:48425 [1] NCCL INFO Connected all rings
[1,1]<stdout>:net-g12:38161:38175 [1] NCCL INFO Channel 00 : 1[3b000] -> 0[18000] via P2P/IPC
[1,1]<stdout>:net-g12:38161:38175 [1] NCCL INFO [CCP] Socekt.h: Set TCP cong to CCP.
[1,3]<stdout>:net-g13:48400:48425 [1] NCCL INFO Channel 00 : 3[3b000] -> 2[18000] via P2P/IPC
[1,0]<stdout>:net-g12:38160:38176 [0] NCCL INFO Channel 00 : 2[18000] -> 0[18000] [receive] via NET/Socket/0
[1,2]<stdout>:net-g13:48399:48424 [0] NCCL INFO Channel 00 : 0[18000] -> 2[18000] [receive] via NET/Socket/0
[1,2]<stdout>:net-g13:48399:48424 [0] NCCL INFO Channel 00 : 2[18000] -> 0[18000] [send] via NET/Socket/0
[1,0]<stdout>:net-g12:38160:38176 [0] NCCL INFO Channel 00 : 0[18000] -> 2[18000] [send] via NET/Socket/0
[1,0]<stdout>:net-g12:38160:38176 [0] NCCL INFO [CCP] Socekt.h: Set TCP cong to CCP.
[1,0]<stdout>:[net_socket.cc] ncclSocketConnect
[1,0]<stdout>:net-g12:38160:38176 [0] NCCL INFO [CCP] Socekt.h: Set TCP cong to CCP.
[1,0]<stdout>:net-g12:38160:38176 [0] NCCL INFO [CCP] Socekt.h: Set TCP cong to CCP.
[1,0]<stdout>:net-g12:38160:38176 [0] NCCL INFO Connected all trees
[1,0]<stdout>:net-g12:38160:38176 [0] NCCL INFO NCCL_PROTO set by environment to SIMPLE
[1,0]<stdout>:net-g12:38160:38176 [0] NCCL INFO NCCL_ALGO set by environment to RING
[1,0]<stdout>:net-g12:38160:38176 [0] NCCL INFO threadThresholds 8/8/64 | 32/8/64 | 8/8/512
[1,0]<stdout>:net-g12:38160:38176 [0] NCCL INFO 1 coll channels, 1 p2p channels, 1 p2p channels per peer
[1,0]<stdout>:net-g12:38160:38176 [0] NCCL INFO [CCP] Socekt.h: Set TCP cong to CCP.
[1,2]<stdout>:net-g13:48399:48424 [0] NCCL INFO Connected all trees
[1,2]<stdout>:net-g13:48399:48424 [0] NCCL INFO NCCL_PROTO set by environment to SIMPLE
[1,2]<stdout>:net-g13:48399:48424 [0] NCCL INFO NCCL_ALGO set by environment to RING
[1,2]<stdout>:net-g13:48399:48424 [0] NCCL INFO threadThresholds 8/8/64 | 32/8/64 | 8/8/512
[1,2]<stdout>:net-g13:48399:48424 [0] NCCL INFO 1 coll channels, 1 p2p channels, 1 p2p channels per peer
[1,1]<stdout>:net-g12:38161:38175 [1] NCCL INFO Connected all trees
[1,1]<stdout>:net-g12:38161:38175 [1] NCCL INFO NCCL_PROTO set by environment to SIMPLE
[1,1]<stdout>:net-g12:38161:38175 [1] NCCL INFO NCCL_ALGO set by environment to RING
[1,1]<stdout>:net-g12:38161:38175 [1] NCCL INFO threadThresholds 8/8/64 | 32/8/64 | 8/8/512
[1,1]<stdout>:net-g12:38161:38175 [1] NCCL INFO 1 coll channels, 1 p2p channels, 1 p2p channels per peer
[1,3]<stdout>:net-g13:48400:48425 [1] NCCL INFO Connected all trees
[1,1]<stdout>:net-g12:38161:38175 [1] NCCL INFO [CCP] Socekt.h: Set TCP cong to CCP.
[1,2]<stdout>:net-g13:48399:48424 [0] NCCL INFO comm 0x7fdcaf347e60 rank 2 nranks 4 cudaDev 0 busId 18000 - Init COMPLETE
[1,3]<stdout>:net-g13:48400:48425 [1] NCCL INFO NCCL_PROTO set by environment to SIMPLE
[1,3]<stdout>:net-g13:48400:48425 [1] NCCL INFO NCCL_ALGO set by environment to RING
[1,3]<stdout>:net-g13:48400:48425 [1] NCCL INFO threadThresholds 8/8/64 | 32/8/64 | 8/8/512
[1,3]<stdout>:net-g13:48400:48425 [1] NCCL INFO 1 coll channels, 1 p2p channels, 1 p2p channels per peer
[1,3]<stdout>:net-g13:48400:48425 [1] NCCL INFO comm 0x7fd3df3502d0 rank 3 nranks 4 cudaDev 1 busId 3b000 - Init COMPLETE
[1,0]<stdout>:net-g12:38160:38176 [0] NCCL INFO comm 0x7f72bc323f50 rank 0 nranks 4 cudaDev 0 busId 18000 - Init COMPLETE
[1,1]<stdout>:net-g12:38161:38175 [1] NCCL INFO comm 0x7f367431a220 rank 1 nranks 4 cudaDev 1 busId 3b000 - Init COMPLETE
[1,1]<stdout>:net-g12:38161:38175 [1] NCCL INFO Broadcast: opCount 0 sendbuff 0x7f361ba00400 recvbuff 0x7f361ba00400 count 40 datatype 0 op 0 root 0 comm 0x7f367431a220 [nranks=4] stream 0x7f3674243e10
[1,0]<stdout>:net-g12:38160:38176 [0] NCCL INFO Broadcast: opCount 0 sendbuff 0x7f7236a00400 recvbuff 0x7f7236a00400 count 40 datatype 0 op 0 root 0 comm 0x7f72bc323f50 [nranks=4] stream 0x7f72bc24cbe0
[1,0]<stdout>:net-g12:38160:38176 [0] NCCL INFO Launch mode Parallel
[1,3]<stdout>:net-g13:48400:48425 [1] NCCL INFO Broadcast: opCount 0 sendbuff 0x7fd356a00400 recvbuff 0x7fd356a00400 count 40 datatype 0 op 0 root 0 comm 0x7fd3df3502d0 [nranks=4] stream 0x7fd3dc24c590
[1,3]<stdout>:
[1,3]<stdout>:net-g13:48400:48425 [1] enqueue.cc:802 NCCL WARN Cuda failure 'API call is not supported in the installed CUDA driver'
[1,3]<stdout>:net-g13:48400:48425 [1] NCCL INFO enqueue.cc:884 -> 1
[1,2]<stdout>:net-g13:48399:48424 [0] NCCL INFO Broadcast: opCount 0 sendbuff 0x7fdc26a00400 recvbuff 0x7fdc26a00400 count 40 datatype 0 op 0 root 0 comm 0x7fdcaf347e60 [nranks=4] stream 0x565535ca8c80
[1,2]<stdout>:
[1,2]<stdout>:net-g13:48399:48424 [0] enqueue.cc:802 NCCL WARN Cuda failure 'API call is not supported in the installed CUDA driver'
[1,2]<stdout>:net-g13:48399:48424 [0] NCCL INFO enqueue.cc:884 -> 1
[1,1]<stdout>:net-g12:38161:38175 [1] NCCL INFO Broadcast: opCount 1 sendbuff 0x7f361ba00000 recvbuff 0x7f361ba00000 count 1000 datatype 0 op 0 root 0 comm 0x7f367431a220 [nranks=4] stream 0x7f3674243e10
[1,1]<stdout>:net-g12:38161:38175 [1] NCCL INFO Broadcast: opCount 2 sendbuff 0x7f361ba05600 recvbuff 0x7f361ba05600 count 80 datatype 0 op 0 root 0 comm 0x7f367431a220 [nranks=4] stream 0x7f3674243e10
[1,1]<stdout>:net-g12:38161:38175 [1] NCCL INFO Broadcast: opCount 3 sendbuff 0x7f361ba00600 recvbuff 0x7f361ba00600 count 20000 datatype 0 op 0 root 0 comm 0x7f367431a220 [nranks=4] stream 0x7f3674243e10
[1,0]<stdout>:net-g12:38160:38176 [0] NCCL INFO Broadcast: opCount 0 sendbuff 0x7f7236a00000 recvbuff 0x7f7236a00000 count 1000 datatype 0 op 0 root 0 comm 0x7f72bc323f50 [nranks=4] stream 0x7f72bc24cbe0
[1,1]<stdout>:net-g12:38161:38175 [1] NCCL INFO Broadcast: opCount 4 sendbuff 0x7f361ba15200 recvbuff 0x7f361ba15200 count 200 datatype 0 op 0 root 0 comm 0x7f367431a220 [nranks=4] stream 0x7f3674243e10
[1,1]<stdout>:net-g12:38161:38175 [1] NCCL INFO Broadcast: opCount 5 sendbuff 0x7f361ba05800 recvbuff 0x7f361ba05800 count 64000 datatype 0 op 0 root 0 comm 0x7f367431a220 [nranks=4] stream 0x7f3674243e10
[1,0]<stdout>:net-g12:38160:38176 [0] NCCL INFO Broadcast: opCount 0 sendbuff 0x7f7236a05600 recvbuff 0x7f7236a05600 count 80 datatype 0 op 0 root 0 comm 0x7f72bc323f50 [nranks=4] stream 0x7f72bc24cbe0
[1,1]<stdout>:net-g12:38161:38175 [1] NCCL INFO Broadcast: opCount 6 sendbuff 0x7f361ba15c00 recvbuff 0x7f361ba15c00 count 40 datatype 0 op 0 root 0 comm 0x7f367431a220 [nranks=4] stream 0x7f3674243e10
[1,0]<stdout>:net-g12:38160:38176 [0] NCCL INFO Broadcast: opCount 0 sendbuff 0x7f7236a00600 recvbuff 0x7f7236a00600 count 20000 datatype 0 op 0 root 0 comm 0x7f72bc323f50 [nranks=4] stream 0x7f72bc24cbe0
[1,1]<stdout>:net-g12:38161:38175 [1] NCCL INFO Broadcast: opCount 7 sendbuff 0x7f361ba15400 recvbuff 0x7f361ba15400 count 2000 datatype 0 op 0 root 0 comm 0x7f367431a220 [nranks=4] stream 0x7f3674243e10
[1,0]<stdout>:net-g12:38160:38176 [0] NCCL INFO Broadcast: opCount 0 sendbuff 0x7f7236a15200 recvbuff 0x7f7236a15200 count 200 datatype 0 op 0 root 0 comm 0x7f72bc323f50 [nranks=4] stream 0x7f72bc24cbe0
[1,0]<stdout>:net-g12:38160:38176 [0] NCCL INFO Broadcast: opCount 0 sendbuff 0x7f7236a05800 recvbuff 0x7f7236a05800 count 64000 datatype 0 op 0 root 0 comm 0x7f72bc323f50 [nranks=4] stream 0x7f72bc24cbe0
[1,0]<stdout>:net-g12:38160:38176 [0] NCCL INFO Broadcast: opCount 0 sendbuff 0x7f7236a15c00 recvbuff 0x7f7236a15c00 count 40 datatype 0 op 0 root 0 comm 0x7f72bc323f50 [nranks=4] stream 0x7f72bc24cbe0
[1,0]<stdout>:net-g12:38160:38176 [0] NCCL INFO Broadcast: opCount 0 sendbuff 0x7f7236a15400 recvbuff 0x7f7236a15400 count 2000 datatype 0 op 0 root 0 comm 0x7f72bc323f50 [nranks=4] stream 0x7f72bc24cbe0
[1,3]<stdout>:
[1,3]<stdout>:net-g13:48400:48425 [1] misc/argcheck.cc:39 NCCL WARN Broadcast : invalid root 0 (root should be in the 0..-1 range)
[1,3]<stdout>:net-g13:48400:48425 [1] NCCL INFO enqueue.cc:874 -> 4
[1,2]<stdout>:
[1,2]<stdout>:net-g13:48399:48424 [0] misc/argcheck.cc:39 NCCL WARN Broadcast : invalid root 0 (root should be in the 0..-1 range)
[1,2]<stdout>:net-g13:48399:48424 [0] NCCL INFO enqueue.cc:874 -> 4
