Filtering local host names.
Remote host found: 202.45.128.233
Checking ssh on all remote hosts.
SSH was successful into all the remote hosts.
[1,0]<stdout>:net-g12:6392:6485 [0] NCCL INFO NCCL_SOCKET_IFNAME set by environment to eno3
[1,0]<stdout>:net-g12:6392:6485 [0] NCCL INFO NCCL_SOCKET_IFNAME set to eno3
[1,0]<stdout>:net-g12:6392:6485 [0] NCCL INFO Bootstrap : Using eno3:202.45.128.232<0>
[1,0]<stdout>:net-g12:6392:6485 [0] NCCL INFO NET/Plugin : No plugin found (libnccl-net.so), using internal implementation
[1,0]<stdout>:net-g12:6392:6485 [0] NCCL INFO NCCL_IB_DISABLE set by environment to 1.
[1,0]<stdout>:net-g12:6392:6485 [0] NCCL INFO NCCL_SOCKET_IFNAME set by environment to eno3
[1,0]<stdout>:net-g12:6392:6485 [0] NCCL INFO NCCL_SOCKET_IFNAME set to eno3
[1,0]<stdout>:net-g12:6392:6485 [0] NCCL INFO NET/Socket : Using [0]eno3:202.45.128.232<0>
[1,0]<stdout>:net-g12:6392:6485 [0] NCCL INFO Using network Socket
[1,0]<stdout>:NCCL version 2.11.4+cuda10.2
[1,0]<stdout>:net-g12:6392:6485 [0] NCCL INFO [CCP] Socekt.h: Set TCP cong to CCP.
[1,1]<stdout>:net-g12:6393:6486 [1] NCCL INFO NCCL_SOCKET_IFNAME set by environment to eno3
[1,1]<stdout>:net-g12:6393:6486 [1] NCCL INFO NCCL_SOCKET_IFNAME set to eno3
[1,1]<stdout>:net-g12:6393:6486 [1] NCCL INFO Bootstrap : Using eno3:202.45.128.232<0>
[1,1]<stdout>:net-g12:6393:6486 [1] NCCL INFO NET/Plugin : No plugin found (libnccl-net.so), using internal implementation
[1,1]<stdout>:net-g12:6393:6486 [1] NCCL INFO NCCL_IB_DISABLE set by environment to 1.
[1,1]<stdout>:net-g12:6393:6486 [1] NCCL INFO NCCL_SOCKET_IFNAME set by environment to eno3
[1,1]<stdout>:net-g12:6393:6486 [1] NCCL INFO NCCL_SOCKET_IFNAME set to eno3
[1,1]<stdout>:net-g12:6393:6486 [1] NCCL INFO NET/Socket : Using [0]eno3:202.45.128.232<0>
[1,1]<stdout>:net-g12:6393:6486 [1] NCCL INFO Using network Socket
[1,1]<stdout>:net-g12:6393:6486 [1] NCCL INFO [CCP] Socekt.h: Set TCP cong to CCP.
[1,2]<stdout>:net-g13:46000:46108 [0] NCCL INFO NCCL_SOCKET_IFNAME set by environment to eno3
[1,2]<stdout>:net-g13:46000:46108 [0] NCCL INFO NCCL_SOCKET_IFNAME set to eno3
[1,3]<stdout>:net-g13:46001:46109 [1] NCCL INFO NCCL_SOCKET_IFNAME set by environment to eno3
[1,3]<stdout>:net-g13:46001:46109 [1] NCCL INFO NCCL_SOCKET_IFNAME set to eno3
[1,3]<stdout>:net-g13:46001:46109 [1] NCCL INFO Bootstrap : Using eno3:202.45.128.233<0>
[1,2]<stdout>:net-g13:46000:46108 [0] NCCL INFO Bootstrap : Using eno3:202.45.128.233<0>
[1,3]<stdout>:net-g13:46001:46109 [1] NCCL INFO NET/Plugin : No plugin found (libnccl-net.so), using internal implementation
[1,2]<stdout>:net-g13:46000:46108 [0] NCCL INFO NET/Plugin : No plugin found (libnccl-net.so), using internal implementation
[1,3]<stdout>:net-g13:46001:46109 [1] NCCL INFO NCCL_IB_DISABLE set by environment to 1.
[1,3]<stdout>:net-g13:46001:46109 [1] NCCL INFO NCCL_SOCKET_IFNAME set by environment to eno3
[1,3]<stdout>:net-g13:46001:46109 [1] NCCL INFO NCCL_SOCKET_IFNAME set to eno3
[1,2]<stdout>:net-g13:46000:46108 [0] NCCL INFO NCCL_IB_DISABLE set by environment to 1.
[1,2]<stdout>:net-g13:46000:46108 [0] NCCL INFO NCCL_SOCKET_IFNAME set by environment to eno3
[1,2]<stdout>:net-g13:46000:46108 [0] NCCL INFO NCCL_SOCKET_IFNAME set to eno3
[1,3]<stdout>:net-g13:46001:46109 [1] NCCL INFO NET/Socket : Using [0]eno3:202.45.128.233<0>
[1,3]<stdout>:net-g13:46001:46109 [1] NCCL INFO Using network Socket
[1,2]<stdout>:net-g13:46000:46108 [0] NCCL INFO NET/Socket : Using [0]eno3:202.45.128.233<0>
[1,2]<stdout>:net-g13:46000:46108 [0] NCCL INFO Using network Socket
[1,0]<stdout>:net-g12:6392:7048 [0] NCCL INFO [CCP] Socekt.h: Set TCP cong to CCP.
[1,0]<stdout>:net-g12:6392:6485 [0] NCCL INFO [CCP] Socekt.h: Set TCP cong to CCP.
[1,0]<stdout>:net-g12:6392:7048 [0] NCCL INFO [CCP] Socekt.h: Set TCP cong to CCP.
[1,1]<stdout>:net-g12:6393:6486 [1] NCCL INFO [CCP] Socekt.h: Set TCP cong to CCP.
[1,0]<stdout>:net-g12:6392:7048 [0] NCCL INFO [CCP] Socekt.h: Set TCP cong to CCP.
[1,0]<stdout>:net-g12:6392:7048 [0] NCCL INFO [CCP] Socekt.h: Set TCP cong to CCP.
[1,3]<stdout>:net-g13:46001:46109 [1] NCCL INFO [CCP] Socekt.h: Set TCP cong to CCP.
[1,2]<stdout>:net-g13:46000:46108 [0] NCCL INFO [CCP] Socekt.h: Set TCP cong to CCP.
[1,2]<stdout>:net-g13:46000:46108 [0] NCCL INFO [CCP] Socekt.h: Set TCP cong to CCP.
[1,3]<stdout>:net-g13:46001:46109 [1] NCCL INFO [CCP] Socekt.h: Set TCP cong to CCP.
[1,1]<stdout>:[bootstrap.cc: rank 1 init done]
[1,1]<stdout>:sendaddr 202.45.128.233
[1,1]<stdout>:recvdaddr 202.45.128.232
[1,1]<stdout>:bootstrap 202.45.128.232
[1,0]<stdout>:[bootstrap.cc: rank 0 init done]
[1,0]<stdout>:sendaddr 202.45.128.232
[1,0]<stdout>:recvdaddr 202.45.128.233
[1,0]<stdout>:bootstrap 202.45.128.232
[1,3]<stdout>:[bootstrap.cc: rank 3 init done]
[1,3]<stdout>:sendaddr 202.45.128.232
[1,3]<stdout>:recvdaddr 202.45.128.233
[1,3]<stdout>:bootstrap 202.45.128.233
[1,2]<stdout>:[bootstrap.cc: rank 2 init done]
[1,2]<stdout>:sendaddr 202.45.128.233
[1,2]<stdout>:recvdaddr 202.45.128.232
[1,2]<stdout>:bootstrap 202.45.128.233
[1,2]<stdout>:net-g13:46000:46108 [0] NCCL INFO NCCL_MAX_NCHANNELS set by environment to 1.
[1,2]<stdout>:net-g13:46000:46108 [0] NCCL INFO Trees [0] 3/-1/-1->2->0
[1,2]<stdout>:net-g13:46000:46108 [0] NCCL INFO Setting affinity for GPU 0 to 5555,55555555,55555555
[1,3]<stdout>:net-g13:46001:46109 [1] NCCL INFO NCCL_MAX_NCHANNELS set by environment to 1.
[1,3]<stdout>:net-g13:46001:46109 [1] NCCL INFO Trees [0] -1/-1/-1->3->2
[1,3]<stdout>:net-g13:46001:46109 [1] NCCL INFO Setting affinity for GPU 1 to 5555,55555555,55555555
[1,1]<stdout>:net-g12:6393:6486 [1] NCCL INFO NCCL_MAX_NCHANNELS set by environment to 1.
[1,1]<stdout>:net-g12:6393:6486 [1] NCCL INFO Trees [0] -1/-1/-1->1->0
[1,0]<stdout>:net-g12:6392:6485 [0] NCCL INFO NCCL_MAX_NCHANNELS set by environment to 1.
[1,0]<stdout>:net-g12:6392:6485 [0] NCCL INFO Channel 00/01 :    0   1   2   3
[1,0]<stdout>:net-g12:6392:6485 [0] NCCL INFO Trees [0] 1/2/-1->0->-1
[1,0]<stdout>:net-g12:6392:6485 [0] NCCL INFO Setting affinity for GPU 0 to 5555,55555555,55555555
[1,1]<stdout>:net-g12:6393:6486 [1] NCCL INFO Setting affinity for GPU 1 to 5555,55555555,55555555
[1,2]<stdout>:net-g13:46000:46108 [0] NCCL INFO Channel 00 : 1[3b000] -> 2[18000] [receive] via NET/Socket/0
[1,2]<stdout>:net-g13:46000:46108 [0] NCCL INFO NCCL_NSOCKS_PERTHREAD set by environment to 1.
[1,2]<stdout>:net-g13:46000:46108 [0] NCCL INFO Channel 00 : 2[18000] -> 3[3b000] via P2P/IPC
[1,2]<stdout>:net-g13:46000:46108 [0] NCCL INFO [CCP] Socekt.h: Set TCP cong to CCP.
[1,2]<stdout>:net-g13:46000:46108 [0] NCCL INFO [CCP] Socekt.h: Set TCP cong to CCP.
[1,3]<stdout>:net-g13:46001:46109 [1] NCCL INFO Channel 00 : 3[3b000] -> 0[18000] [send] via NET/Socket/0
[1,3]<stdout>:net-g13:46001:46109 [1] NCCL INFO [CCP] Socekt.h: Set TCP cong to CCP.
[1,3]<stdout>:net-g13:46001:46109 [1] NCCL INFO [CCP] Socekt.h: Set TCP cong to CCP.
[1,1]<stdout>:net-g12:6393:6486 [1] NCCL INFO Channel 00 : 1[3b000] -> 2[18000] [send] via NET/Socket/0
[1,1]<stdout>:net-g12:6393:6486 [1] NCCL INFO [CCP] Socekt.h: Set TCP cong to CCP.
[1,1]<stdout>:net-g12:6393:6486 [1] NCCL INFO [CCP] Socekt.h: Set TCP cong to CCP.
[1,0]<stdout>:net-g12:6392:6485 [0] NCCL INFO Channel 00 : 3[3b000] -> 0[18000] [receive] via NET/Socket/0
[1,0]<stdout>:net-g12:6392:6485 [0] NCCL INFO NCCL_NSOCKS_PERTHREAD set by environment to 1.
[1,0]<stdout>:net-g12:6392:6485 [0] NCCL INFO Channel 00 : 0[18000] -> 1[3b000] via P2P/IPC
[1,0]<stdout>:net-g12:6392:6485 [0] NCCL INFO [CCP] Socekt.h: Set TCP cong to CCP.
[1,0]<stdout>:net-g12:6392:6485 [0] NCCL INFO [CCP] Socekt.h: Set TCP cong to CCP.
[1,1]<stdout>:[net_socket.cc] ncclSocketConnect
[1,1]<stdout>:net-g12:6393:6486 [1] NCCL INFO [CCP] Socekt.h: Set TCP cong to CCP.
[1,3]<stdout>:[net_socket.cc] ncclSocketConnect
[1,3]<stdout>:net-g13:46001:46109 [1] NCCL INFO [CCP] Socekt.h: Set TCP cong to CCP.
[1,2]<stdout>:net-g13:46000:46108 [0] NCCL INFO Connected all rings
[1,1]<stdout>:net-g12:6393:6486 [1] NCCL INFO Connected all rings
[1,0]<stdout>:net-g12:6392:6485 [0] NCCL INFO Connected all rings
[1,3]<stdout>:net-g13:46001:46109 [1] NCCL INFO Connected all rings
[1,1]<stdout>:net-g12:6393:6486 [1] NCCL INFO Channel 00 : 1[3b000] -> 0[18000] via P2P/IPC
[1,1]<stdout>:net-g12:6393:6486 [1] NCCL INFO [CCP] Socekt.h: Set TCP cong to CCP.
[1,3]<stdout>:net-g13:46001:46109 [1] NCCL INFO Channel 00 : 3[3b000] -> 2[18000] via P2P/IPC
[1,3]<stdout>:net-g13:46001:46109 [1] NCCL INFO [CCP] Socekt.h: Set TCP cong to CCP.
[1,0]<stdout>:net-g12:6392:6485 [0] NCCL INFO Channel 00 : 2[18000] -> 0[18000] [receive] via NET/Socket/0
[1,2]<stdout>:net-g13:46000:46108 [0] NCCL INFO Channel 00 : 0[18000] -> 2[18000] [receive] via NET/Socket/0
[1,0]<stdout>:net-g12:6392:6485 [0] NCCL INFO Channel 00 : 0[18000] -> 2[18000] [send] via NET/Socket/0
[1,0]<stdout>:net-g12:6392:6485 [0] NCCL INFO [CCP] Socekt.h: Set TCP cong to CCP.
[1,2]<stdout>:net-g13:46000:46108 [0] NCCL INFO Channel 00 : 2[18000] -> 0[18000] [send] via NET/Socket/0
[1,2]<stdout>:net-g13:46000:46108 [0] NCCL INFO [CCP] Socekt.h: Set TCP cong to CCP.
[1,0]<stdout>:[net_socket.cc] ncclSocketConnect
[1,0]<stdout>:net-g12:6392:6485 [0] NCCL INFO [CCP] Socekt.h: Set TCP cong to CCP.
[1,2]<stdout>:[net_socket.cc] ncclSocketConnect
[1,2]<stdout>:net-g13:46000:46108 [0] NCCL INFO [CCP] Socekt.h: Set TCP cong to CCP.
[1,0]<stdout>:net-g12:6392:6485 [0] NCCL INFO [CCP] Socekt.h: Set TCP cong to CCP.
[1,2]<stdout>:net-g13:46000:46108 [0] NCCL INFO [CCP] Socekt.h: Set TCP cong to CCP.
[1,0]<stdout>:net-g12:6392:6485 [0] NCCL INFO Connected all trees
[1,0]<stdout>:net-g12:6392:6485 [0] NCCL INFO NCCL_PROTO set by environment to SIMPLE
[1,0]<stdout>:net-g12:6392:6485 [0] NCCL INFO NCCL_ALGO set by environment to RING
[1,0]<stdout>:net-g12:6392:6485 [0] NCCL INFO threadThresholds 8/8/64 | 32/8/64 | 8/8/512
[1,0]<stdout>:net-g12:6392:6485 [0] NCCL INFO 1 coll channels, 1 p2p channels, 1 p2p channels per peer
[1,0]<stdout>:net-g12:6392:6485 [0] NCCL INFO [CCP] Socekt.h: Set TCP cong to CCP.
[1,1]<stdout>:net-g12:6393:6486 [1] NCCL INFO Connected all trees
[1,1]<stdout>:net-g12:6393:6486 [1] NCCL INFO NCCL_PROTO set by environment to SIMPLE
[1,1]<stdout>:net-g12:6393:6486 [1] NCCL INFO NCCL_ALGO set by environment to RING
[1,1]<stdout>:net-g12:6393:6486 [1] NCCL INFO threadThresholds 8/8/64 | 32/8/64 | 8/8/512
[1,1]<stdout>:net-g12:6393:6486 [1] NCCL INFO 1 coll channels, 1 p2p channels, 1 p2p channels per peer
[1,1]<stdout>:net-g12:6393:6486 [1] NCCL INFO [CCP] Socekt.h: Set TCP cong to CCP.
[1,0]<stdout>:net-g12:6392:6485 [0] NCCL INFO comm 0x7fb5183242f0 rank 0 nranks 4 cudaDev 0 busId 18000 - Init COMPLETE
[1,1]<stdout>:net-g12:6393:6486 [1] NCCL INFO comm 0x7f4150319ee0 rank 1 nranks 4 cudaDev 1 busId 3b000 - Init COMPLETE
[1,3]<stdout>:net-g13:46001:46109 [1] NCCL INFO Connected all trees
[1,3]<stdout>:net-g13:46001:46109 [1] NCCL INFO NCCL_PROTO set by environment to SIMPLE
[1,3]<stdout>:net-g13:46001:46109 [1] NCCL INFO NCCL_ALGO set by environment to RING
[1,3]<stdout>:net-g13:46001:46109 [1] NCCL INFO threadThresholds 8/8/64 | 32/8/64 | 8/8/512
[1,3]<stdout>:net-g13:46001:46109 [1] NCCL INFO 1 coll channels, 1 p2p channels, 1 p2p channels per peer
[1,3]<stdout>:net-g13:46001:46109 [1] NCCL INFO [CCP] Socekt.h: Set TCP cong to CCP.
[1,2]<stdout>:net-g13:46000:46108 [0] NCCL INFO Connected all trees
[1,2]<stdout>:net-g13:46000:46108 [0] NCCL INFO NCCL_PROTO set by environment to SIMPLE
[1,2]<stdout>:net-g13:46000:46108 [0] NCCL INFO NCCL_ALGO set by environment to RING
[1,2]<stdout>:net-g13:46000:46108 [0] NCCL INFO threadThresholds 8/8/64 | 32/8/64 | 8/8/512
[1,2]<stdout>:net-g13:46000:46108 [0] NCCL INFO 1 coll channels, 1 p2p channels, 1 p2p channels per peer
[1,2]<stdout>:net-g13:46000:46108 [0] NCCL INFO [CCP] Socekt.h: Set TCP cong to CCP.
[1,2]<stdout>:net-g13:46000:46108 [0] NCCL INFO comm 0x7f7d5831a5d0 rank 2 nranks 4 cudaDev 0 busId 18000 - Init COMPLETE
[1,0]<stdout>:net-g12:6392:6485 [0] NCCL INFO Broadcast: opCount 0 sendbuff 0x7fb4c9a00400 recvbuff 0x7fb4c9a00400 count 40 datatype 0 op 0 root 0 comm 0x7fb5183242f0 [nranks=4] stream 0x7fb51824d5b0
[1,0]<stdout>:net-g12:6392:6485 [0] NCCL INFO Launch mode Parallel
[1,1]<stdout>:net-g12:6393:6486 [1] NCCL INFO Broadcast: opCount 0 sendbuff 0x7f40eba00400 recvbuff 0x7f40eba00400 count 40 datatype 0 op 0 root 0 comm 0x7f4150319ee0 [nranks=4] stream 0x7f4150243ad0
[1,3]<stdout>:net-g13:46001:46109 [1] NCCL INFO comm 0x7fc58c322a50 rank 3 nranks 4 cudaDev 1 busId 3b000 - Init COMPLETE
[1,2]<stdout>:net-g13:46000:46108 [0] NCCL INFO Broadcast: opCount 0 sendbuff 0x7f7d03a00400 recvbuff 0x7f7d03a00400 count 40 datatype 0 op 0 root 0 comm 0x7f7d5831a5d0 [nranks=4] stream 0x7f7d58244080
[1,3]<stdout>:net-g13:46001:46109 [1] NCCL INFO Broadcast: opCount 0 sendbuff 0x7fc502a00400 recvbuff 0x7fc502a00400 count 40 datatype 0 op 0 root 0 comm 0x7fc58c322a50 [nranks=4] stream 0x55a6307d71e0
[1,0]<stdout>:net-g12:6392:6485 [0] NCCL INFO Broadcast: opCount 0 sendbuff 0x7fb4c9a00000 recvbuff 0x7fb4c9a00000 count 1000 datatype 0 op 0 root 0 comm 0x7fb5183242f0 [nranks=4] stream 0x7fb51824d5b0
[1,0]<stdout>:net-g12:6392:6485 [0] NCCL INFO Broadcast: opCount 0 sendbuff 0x7fb4c9a05600 recvbuff 0x7fb4c9a05600 count 80 datatype 0 op 0 root 0 comm 0x7fb5183242f0 [nranks=4] stream 0x7fb51824d5b0
[1,0]<stdout>:net-g12:6392:6485 [0] NCCL INFO Broadcast: opCount 0 sendbuff 0x7fb4c9a00600 recvbuff 0x7fb4c9a00600 count 20000 datatype 0 op 0 root 0 comm 0x7fb5183242f0 [nranks=4] stream 0x7fb51824d5b0
[1,0]<stdout>:net-g12:6392:6485 [0] NCCL INFO Broadcast: opCount 0 sendbuff 0x7fb4c9a15200 recvbuff 0x7fb4c9a15200 count 200 datatype 0 op 0 root 0 comm 0x7fb5183242f0 [nranks=4] stream 0x7fb51824d5b0
[1,0]<stdout>:net-g12:6392:6485 [0] NCCL INFO Broadcast: opCount 0 sendbuff 0x7fb4c9a05800 recvbuff 0x7fb4c9a05800 count 64000 datatype 0 op 0 root 0 comm 0x7fb5183242f0 [nranks=4] stream 0x7fb51824d5b0
[1,0]<stdout>:net-g12:6392:6485 [0] NCCL INFO Broadcast: opCount 0 sendbuff 0x7fb4c9a15c00 recvbuff 0x7fb4c9a15c00 count 40 datatype 0 op 0 root 0 comm 0x7fb5183242f0 [nranks=4] stream 0x7fb51824d5b0
[1,0]<stdout>:net-g12:6392:6485 [0] NCCL INFO Broadcast: opCount 0 sendbuff 0x7fb4c9a15400 recvbuff 0x7fb4c9a15400 count 2000 datatype 0 op 0 root 0 comm 0x7fb5183242f0 [nranks=4] stream 0x7fb51824d5b0
[1,3]<stdout>:net-g13:46001:46109 [1] NCCL INFO Broadcast: opCount 0 sendbuff 0x7fc502a00000 recvbuff 0x7fc502a00000 count 1000 datatype 0 op 0 root 0 comm 0x7fc58c322a50 [nranks=4] stream 0x55a6307d71e0
[1,3]<stdout>:net-g13:46001:46109 [1] NCCL INFO Broadcast: opCount 0 sendbuff 0x7fc502a05600 recvbuff 0x7fc502a05600 count 80 datatype 0 op 0 root 0 comm 0x7fc58c322a50 [nranks=4] stream 0x55a6307d71e0
[1,3]<stdout>:net-g13:46001:46109 [1] NCCL INFO Broadcast: opCount 0 sendbuff 0x7fc502a00600 recvbuff 0x7fc502a00600 count 20000 datatype 0 op 0 root 0 comm 0x7fc58c322a50 [nranks=4] stream 0x55a6307d71e0
[1,2]<stdout>:net-g13:46000:46108 [0] NCCL INFO Broadcast: opCount 1 sendbuff 0x7f7d03a00000 recvbuff 0x7f7d03a00000 count 1000 datatype 0 op 0 root 0 comm 0x7f7d5831a5d0 [nranks=4] stream 0x7f7d58244080
[1,3]<stdout>:net-g13:46001:46109 [1] NCCL INFO Broadcast: opCount 0 sendbuff 0x7fc502a15200 recvbuff 0x7fc502a15200 count 200 datatype 0 op 0 root 0 comm 0x7fc58c322a50 [nranks=4] stream 0x55a6307d71e0
[1,2]<stdout>:net-g13:46000:46108 [0] NCCL INFO Broadcast: opCount 2 sendbuff 0x7f7d03a05600 recvbuff 0x7f7d03a05600 count 80 datatype 0 op 0 root 0 comm 0x7f7d5831a5d0 [nranks=4] stream 0x7f7d58244080
[1,3]<stdout>:net-g13:46001:46109 [1] NCCL INFO Broadcast: opCount 0 sendbuff 0x7fc502a05800 recvbuff 0x7fc502a05800 count 64000 datatype 0 op 0 root 0 comm 0x7fc58c322a50 [nranks=4] stream 0x55a6307d71e0
[1,2]<stdout>:net-g13:46000:46108 [0] NCCL INFO Broadcast: opCount 3 sendbuff 0x7f7d03a00600 recvbuff 0x7f7d03a00600 count 20000 datatype 0 op 0 root 0 comm 0x7f7d5831a5d0 [nranks=4] stream 0x7f7d58244080
[1,2]<stdout>:net-g13:46000:46108 [0] NCCL INFO Broadcast: opCount 4 sendbuff 0x7f7d03a15200 recvbuff 0x7f7d03a15200 count 200 datatype 0 op 0 root 0 comm 0x7f7d5831a5d0 [nranks=4] stream 0x7f7d58244080
[1,3]<stdout>:net-g13:46001:46109 [1] NCCL INFO Broadcast: opCount 0 sendbuff 0x7fc502a15c00 recvbuff 0x7fc502a15c00 count 40 datatype 0 op 0 root 0 comm 0x7fc58c322a50 [nranks=4] stream 0x55a6307d71e0
[1,3]<stdout>:net-g13:46001:46109 [1] NCCL INFO Broadcast: opCount 0 sendbuff 0x7fc502a15400 recvbuff 0x7fc502a15400 count 2000 datatype 0 op 0 root 0 comm 0x7fc58c322a50 [nranks=4] stream 0x55a6307d71e0
[1,2]<stdout>:net-g13:46000:46108 [0] NCCL INFO Broadcast: opCount 5 sendbuff 0x7f7d03a05800 recvbuff 0x7f7d03a05800 count 64000 datatype 0 op 0 root 0 comm 0x7f7d5831a5d0 [nranks=4] stream 0x7f7d58244080
[1,2]<stdout>:net-g13:46000:46108 [0] NCCL INFO Broadcast: opCount 6 sendbuff 0x7f7d03a15c00 recvbuff 0x7f7d03a15c00 count 40 datatype 0 op 0 root 0 comm 0x7f7d5831a5d0 [nranks=4] stream 0x7f7d58244080
[1,2]<stdout>:net-g13:46000:46108 [0] NCCL INFO Broadcast: opCount 7 sendbuff 0x7f7d03a15400 recvbuff 0x7f7d03a15400 count 2000 datatype 0 op 0 root 0 comm 0x7f7d5831a5d0 [nranks=4] stream 0x7f7d58244080
[1,1]<stdout>:net-g12:6393:6486 [1] NCCL INFO Broadcast: opCount 1 sendbuff 0x7f40eba00000 recvbuff 0x7f40eba00000 count 1000 datatype 0 op 0 root 0 comm 0x7f4150319ee0 [nranks=4] stream 0x7f4150243ad0
[1,1]<stdout>:net-g12:6393:6486 [1] NCCL INFO Broadcast: opCount 2 sendbuff 0x7f40eba05600 recvbuff 0x7f40eba05600 count 80 datatype 0 op 0 root 0 comm 0x7f4150319ee0 [nranks=4] stream 0x7f4150243ad0
[1,1]<stdout>:net-g12:6393:6486 [1] NCCL INFO Broadcast: opCount 3 sendbuff 0x7f40eba00600 recvbuff 0x7f40eba00600 count 20000 datatype 0 op 0 root 0 comm 0x7f4150319ee0 [nranks=4] stream 0x7f4150243ad0
[1,1]<stdout>:net-g12:6393:6486 [1] NCCL INFO Broadcast: opCount 4 sendbuff 0x7f40eba15200 recvbuff 0x7f40eba15200 count 200 datatype 0 op 0 root 0 comm 0x7f4150319ee0 [nranks=4] stream 0x7f4150243ad0
[1,1]<stdout>:net-g12:6393:6486 [1] NCCL INFO Broadcast: opCount 5 sendbuff 0x7f40eba05800 recvbuff 0x7f40eba05800 count 64000 datatype 0 op 0 root 0 comm 0x7f4150319ee0 [nranks=4] stream 0x7f4150243ad0
[1,1]<stdout>:net-g12:6393:6486 [1] NCCL INFO Broadcast: opCount 6 sendbuff 0x7f40eba15c00 recvbuff 0x7f40eba15c00 count 40 datatype 0 op 0 root 0 comm 0x7f4150319ee0 [nranks=4] stream 0x7f4150243ad0
[1,1]<stdout>:net-g12:6393:6486 [1] NCCL INFO Broadcast: opCount 7 sendbuff 0x7f40eba15400 recvbuff 0x7f40eba15400 count 2000 datatype 0 op 0 root 0 comm 0x7f4150319ee0 [nranks=4] stream 0x7f4150243ad0
[1,0]<stdout>:net-g12:6392:6485 [0] NCCL INFO Broadcast: opCount 0 sendbuff 0x7fb4c9a2bc00 recvbuff 0x7fb4c9a2bc00 count 1000 datatype 0 op 0 root 0 comm 0x7fb5183242f0 [nranks=4] stream 0x7fb51824d5b0
[1,1]<stdout>:net-g12:6393:6486 [1] NCCL INFO Broadcast: opCount 8 sendbuff 0x7f40eba2bc00 recvbuff 0x7f40eba2bc00 count 1000 datatype 0 op 0 root 0 comm 0x7f4150319ee0 [nranks=4] stream 0x7f4150243ad0
[1,0]<stdout>:net-g12:6392:6485 [0] NCCL INFO Broadcast: opCount 0 sendbuff 0x7fb4c9a2c000 recvbuff 0x7fb4c9a2c000 count 40 datatype 0 op 0 root 0 comm 0x7fb5183242f0 [nranks=4] stream 0x7fb51824d5b0
[1,1]<stdout>:net-g12:6393:6486 [1] NCCL INFO Broadcast: opCount 9 sendbuff 0x7f40eba2c000 recvbuff 0x7f40eba2c000 count 40 datatype 0 op 0 root 0 comm 0x7f4150319ee0 [nranks=4] stream 0x7f4150243ad0
[1,0]<stdout>:net-g12:6392:6485 [0] NCCL INFO Broadcast: opCount 0 sendbuff 0x7fb4c9a2c200 recvbuff 0x7fb4c9a2c200 count 20000 datatype 0 op 0 root 0 comm 0x7fb5183242f0 [nranks=4] stream 0x7fb51824d5b0
[1,1]<stdout>:net-g12:6393:6486 [1] NCCL INFO Broadcast: opCount a sendbuff 0x7f40eba2c200 recvbuff 0x7f40eba2c200 count 20000 datatype 0 op 0 root 0 comm 0x7f4150319ee0 [nranks=4] stream 0x7f4150243ad0
[1,0]<stdout>:net-g12:6392:6485 [0] NCCL INFO Broadcast: opCount 0 sendbuff 0x7fb4c9a31200 recvbuff 0x7fb4c9a31200 count 80 datatype 0 op 0 root 0 comm 0x7fb5183242f0 [nranks=4] stream 0x7fb51824d5b0
[1,1]<stdout>:net-g12:6393:6486 [1] NCCL INFO Broadcast: opCount b sendbuff 0x7f40eba31200 recvbuff 0x7f40eba31200 count 80 datatype 0 op 0 root 0 comm 0x7f4150319ee0 [nranks=4] stream 0x7f4150243ad0
[1,2]<stdout>:net-g13:46000:46108 [0] NCCL INFO Broadcast: opCount 8 sendbuff 0x7f7d03a2bc00 recvbuff 0x7f7d03a2bc00 count 1000 datatype 0 op 0 root 0 comm 0x7f7d5831a5d0 [nranks=4] stream 0x7f7d58244080
[1,0]<stdout>:net-g12:6392:6485 [0] NCCL INFO Broadcast: opCount 0 sendbuff 0x7fb4c9a31400 recvbuff 0x7fb4c9a31400 count 64000 datatype 0 op 0 root 0 comm 0x7fb5183242f0 [nranks=4] stream 0x7fb51824d5b0
[1,1]<stdout>:net-g12:6393:6486 [1] NCCL INFO Broadcast: opCount c sendbuff 0x7f40eba31400 recvbuff 0x7f40eba31400 count 64000 datatype 0 op 0 root 0 comm 0x7f4150319ee0 [nranks=4] stream 0x7f4150243ad0
[1,0]<stdout>:net-g12:6392:6485 [0] NCCL INFO Broadcast: opCount 0 sendbuff 0x7fb4c9a40e00 recvbuff 0x7fb4c9a40e00 count 200 datatype 0 op 0 root 0 comm 0x7fb5183242f0 [nranks=4] stream 0x7fb51824d5b0
[1,1]<stdout>:net-g12:6393:6486 [1] NCCL INFO Broadcast: opCount d sendbuff 0x7f40eba40e00 recvbuff 0x7f40eba40e00 count 200 datatype 0 op 0 root 0 comm 0x7f4150319ee0 [nranks=4] stream 0x7f4150243ad0
[1,0]<stdout>:net-g12:6392:6485 [0] NCCL INFO Broadcast: opCount 0 sendbuff 0x7fb4c9a41000 recvbuff 0x7fb4c9a41000 count 2000 datatype 0 op 0 root 0 comm 0x7fb5183242f0 [nranks=4] stream 0x7fb51824d5b0
[1,1]<stdout>:net-g12:6393:6486 [1] NCCL INFO Broadcast: opCount e sendbuff 0x7f40eba41000 recvbuff 0x7f40eba41000 count 2000 datatype 0 op 0 root 0 comm 0x7f4150319ee0 [nranks=4] stream 0x7f4150243ad0
[1,0]<stdout>:net-g12:6392:6485 [0] NCCL INFO Broadcast: opCount 0 sendbuff 0x7fb4c9a41800 recvbuff 0x7fb4c9a41800 count 40 datatype 0 op 0 root 0 comm 0x7fb5183242f0 [nranks=4] stream 0x7fb51824d5b0
[1,1]<stdout>:net-g12:6393:6486 [1] NCCL INFO Broadcast: opCount f sendbuff 0x7f40eba41800 recvbuff 0x7f40eba41800 count 40 datatype 0 op 0 root 0 comm 0x7f4150319ee0 [nranks=4] stream 0x7f4150243ad0
[1,3]<stdout>:net-g13:46001:46109 [1] NCCL INFO Broadcast: opCount 0 sendbuff 0x7fc502a2bc00 recvbuff 0x7fc502a2bc00 count 1000 datatype 0 op 0 root 0 comm 0x7fc58c322a50 [nranks=4] stream 0x55a6307d71e0
[1,3]<stdout>:net-g13:46001:46109 [1] NCCL INFO Broadcast: opCount 0 sendbuff 0x7fc502a2c000 recvbuff 0x7fc502a2c000 count 40 datatype 0 op 0 root 0 comm 0x7fc58c322a50 [nranks=4] stream 0x55a6307d71e0
[1,2]<stdout>:net-g13:46000:46108 [0] NCCL INFO Broadcast: opCount 9 sendbuff 0x7f7d03a2c000 recvbuff 0x7f7d03a2c000 count 40 datatype 0 op 0 root 0 comm 0x7f7d5831a5d0 [nranks=4] stream 0x7f7d58244080
[1,2]<stdout>:net-g13:46000:46108 [0] NCCL INFO Broadcast: opCount a sendbuff 0x7f7d03a2c200 recvbuff 0x7f7d03a2c200 count 20000 datatype 0 op 0 root 0 comm 0x7f7d5831a5d0 [nranks=4] stream 0x7f7d58244080
[1,3]<stdout>:net-g13:46001:46109 [1] NCCL INFO Broadcast: opCount 0 sendbuff 0x7fc502a2c200 recvbuff 0x7fc502a2c200 count 20000 datatype 0 op 0 root 0 comm 0x7fc58c322a50 [nranks=4] stream 0x55a6307d71e0
[1,3]<stdout>:net-g13:46001:46109 [1] NCCL INFO Broadcast: opCount 0 sendbuff 0x7fc502a31200 recvbuff 0x7fc502a31200 count 80 datatype 0 op 0 root 0 comm 0x7fc58c322a50 [nranks=4] stream 0x55a6307d71e0
[1,3]<stdout>:net-g13:46001:46109 [1] NCCL INFO Broadcast: opCount 0 sendbuff 0x7fc502a31400 recvbuff 0x7fc502a31400 count 64000 datatype 0 op 0 root 0 comm 0x7fc58c322a50 [nranks=4] stream 0x55a6307d71e0
[1,2]<stdout>:net-g13:46000:46108 [0] NCCL INFO Broadcast: opCount b sendbuff 0x7f7d03a31200 recvbuff 0x7f7d03a31200 count 80 datatype 0 op 0 root 0 comm 0x7f7d5831a5d0 [nranks=4] stream 0x7f7d58244080
[1,2]<stdout>:net-g13:46000:46108 [0] NCCL INFO Broadcast: opCount c sendbuff 0x7f7d03a31400 recvbuff 0x7f7d03a31400 count 64000 datatype 0 op 0 root 0 comm 0x7f7d5831a5d0 [nranks=4] stream 0x7f7d58244080
[1,2]<stdout>:net-g13:46000:46108 [0] NCCL INFO Broadcast: opCount d sendbuff 0x7f7d03a40e00 recvbuff 0x7f7d03a40e00 count 200 datatype 0 op 0 root 0 comm 0x7f7d5831a5d0 [nranks=4] stream 0x7f7d58244080
[1,3]<stdout>:net-g13:46001:46109 [1] NCCL INFO Broadcast: opCount 0 sendbuff 0x7fc502a40e00 recvbuff 0x7fc502a40e00 count 200 datatype 0 op 0 root 0 comm 0x7fc58c322a50 [nranks=4] stream 0x55a6307d71e0
[1,2]<stdout>:net-g13:46000:46108 [0] NCCL INFO Broadcast: opCount e sendbuff 0x7f7d03a41000 recvbuff 0x7f7d03a41000 count 2000 datatype 0 op 0 root 0 comm 0x7f7d5831a5d0 [nranks=4] stream 0x7f7d58244080
[1,3]<stdout>:net-g13:46001:46109 [1] NCCL INFO Broadcast: opCount 0 sendbuff 0x7fc502a41000 recvbuff 0x7fc502a41000 count 2000 datatype 0 op 0 root 0 comm 0x7fc58c322a50 [nranks=4] stream 0x55a6307d71e0
[1,3]<stdout>:net-g13:46001:46109 [1] NCCL INFO Broadcast: opCount 0 sendbuff 0x7fc502a41800 recvbuff 0x7fc502a41800 count 40 datatype 0 op 0 root 0 comm 0x7fc58c322a50 [nranks=4] stream 0x55a6307d71e0
[1,2]<stdout>:net-g13:46000:46108 [0] NCCL INFO Broadcast: opCount f sendbuff 0x7f7d03a41800 recvbuff 0x7f7d03a41800 count 40 datatype 0 op 0 root 0 comm 0x7f7d5831a5d0 [nranks=4] stream 0x7f7d58244080
[1,0]<stdout>:<class 'torch.nn.parameter.Parameter'> torch.Size([10, 1, 5, 5])
[1,0]<stdout>:<class 'torch.nn.parameter.Parameter'> torch.Size([10])
[1,0]<stdout>:<class 'torch.nn.parameter.Parameter'> torch.Size([20, 10, 5, 5])
[1,0]<stdout>:<class 'torch.nn.parameter.Parameter'> torch.Size([20])
[1,0]<stdout>:<class 'torch.nn.parameter.Parameter'> torch.Size([50, 320])
[1,0]<stdout>:<class 'torch.nn.parameter.Parameter'> torch.Size([50])
[1,0]<stdout>:<class 'torch.nn.parameter.Parameter'> torch.Size([10, 50])
[1,0]<stdout>:<class 'torch.nn.parameter.Parameter'> torch.Size([10])
[1,3]<stdout>:<class 'torch.nn.parameter.Parameter'> torch.Size([10, 1, 5, 5])
[1,2]<stdout>:<class 'torch.nn.parameter.Parameter'> torch.Size([10, 1, 5, 5])
[1,2]<stdout>:<class 'torch.nn.parameter.Parameter'> torch.Size([10])
[1,2]<stdout>:<class 'torch.nn.parameter.Parameter'> torch.Size([20, 10, 5, 5])
[1,2]<stdout>:<class 'torch.nn.parameter.Parameter'> torch.Size([20])
[1,2]<stdout>:<class 'torch.nn.parameter.Parameter'> torch.Size([50, 320])
[1,2]<stdout>:<class 'torch.nn.parameter.Parameter'> torch.Size([50])
[1,2]<stdout>:<class 'torch.nn.parameter.Parameter'> torch.Size([10, 50])
[1,2]<stdout>:<class 'torch.nn.parameter.Parameter'> torch.Size([10])
[1,3]<stdout>:<class 'torch.nn.parameter.Parameter'> torch.Size([10])
[1,3]<stdout>:<class 'torch.nn.parameter.Parameter'> torch.Size([20, 10, 5, 5])
[1,3]<stdout>:<class 'torch.nn.parameter.Parameter'> torch.Size([20])
[1,3]<stdout>:<class 'torch.nn.parameter.Parameter'> torch.Size([50, 320])
[1,3]<stdout>:<class 'torch.nn.parameter.Parameter'> torch.Size([50])
[1,3]<stdout>:<class 'torch.nn.parameter.Parameter'> torch.Size([10, 50])
[1,3]<stdout>:<class 'torch.nn.parameter.Parameter'> torch.Size([10])
[1,1]<stdout>:<class 'torch.nn.parameter.Parameter'> torch.Size([10, 1, 5, 5])
[1,1]<stdout>:<class 'torch.nn.parameter.Parameter'> torch.Size([10])
[1,1]<stdout>:<class 'torch.nn.parameter.Parameter'> torch.Size([20, 10, 5, 5])
[1,1]<stdout>:<class 'torch.nn.parameter.Parameter'> torch.Size([20])
[1,1]<stdout>:<class 'torch.nn.parameter.Parameter'> torch.Size([50, 320])
[1,1]<stdout>:<class 'torch.nn.parameter.Parameter'> torch.Size([50])
[1,1]<stdout>:<class 'torch.nn.parameter.Parameter'> torch.Size([10, 50])
[1,1]<stdout>:<class 'torch.nn.parameter.Parameter'> torch.Size([10])
[1,3]<stdout>:===== begin one interation step
[1,2]<stdout>:===== begin one interation step
[1,0]<stdout>:===== begin one interation step
[1,1]<stdout>:===== begin one interation step
[1,0]<stdout>:this is rank 0
[1,0]<stdout>:net-g12:6392:6485 [0] NCCL INFO AllReduce: opCount 0 sendbuff 0x7fb4a4a00000 recvbuff 0x7fb4a4a00000 count 564 datatype 7 op 0 root 0 comm 0x7fb5183242f0 [nranks=4] stream 0x7fb51824d5b0
[1,1]<stdout>:this is rank 1
[1,1]<stdout>:net-g12:6393:6486 [1] NCCL INFO AllReduce: opCount 10 sendbuff 0x7f40c2c00000 recvbuff 0x7f40c2c00000 count 564 datatype 7 op 0 root 0 comm 0x7f4150319ee0 [nranks=4] stream 0x7f4150243ad0
[1,3]<stdout>:this is rank 3
[1,3]<stdout>:net-g13:46001:46109 [1] NCCL INFO AllReduce: opCount 0 sendbuff 0x7fc513000000 recvbuff 0x7fc513000000 count 564 datatype 7 op 0 root 0 comm 0x7fc58c322a50 [nranks=4] stream 0x55a6307d71e0
[1,2]<stdout>:this is rank 2
[1,2]<stdout>:net-g13:46000:46108 [0] NCCL INFO AllReduce: opCount 10 sendbuff 0x7f7cdf400000 recvbuff 0x7f7cdf400000 count 564 datatype 7 op 0 root 0 comm 0x7f7d5831a5d0 [nranks=4] stream 0x7f7d58244080
[1,0]<stdout>:this is rank 0
[1,0]<stdout>:net-g12:6392:6485 [0] NCCL INFO AllReduce: opCount 1 sendbuff 0x7fb4a4a00000 recvbuff 0x7fb4a4a00000 count 16020 datatype 7 op 0 root 0 comm 0x7fb5183242f0 [nranks=4] stream 0x7fb51824d5b0
[1,3]<stdout>:this is rank 3
[1,3]<stdout>:net-g13:46001:46109 [1] NCCL INFO AllReduce: opCount 1 sendbuff 0x7fc513000000 recvbuff 0x7fc513000000 count 16020 datatype 7 op 0 root 0 comm 0x7fc58c322a50 [nranks=4] stream 0x55a6307d71e0
[1,2]<stdout>:this is rank 2
[1,2]<stdout>:net-g13:46000:46108 [0] NCCL INFO AllReduce: opCount 11 sendbuff 0x7f7cdf400000 recvbuff 0x7f7cdf400000 count 16020 datatype 7 op 0 root 0 comm 0x7f7d5831a5d0 [nranks=4] stream 0x7f7d58244080
[1,1]<stdout>:this is rank 1
[1,1]<stdout>:net-g12:6393:6486 [1] NCCL INFO AllReduce: opCount 11 sendbuff 0x7f40c2c00000 recvbuff 0x7f40c2c00000 count 16020 datatype 7 op 0 root 0 comm 0x7f4150319ee0 [nranks=4] stream 0x7f4150243ad0
[1,0]<stdout>:this is rank 0
[1,0]<stdout>:net-g12:6392:6485 [0] NCCL INFO AllReduce: opCount 2 sendbuff 0x7fb4a4a00000 recvbuff 0x7fb4a4a00000 count 5264 datatype 7 op 0 root 0 comm 0x7fb5183242f0 [nranks=4] stream 0x7fb51824d5b0
[1,1]<stdout>:this is rank 1
[1,1]<stdout>:net-g12:6393:6486 [1] NCCL INFO AllReduce: opCount 12 sendbuff 0x7f40c2c00000 recvbuff 0x7f40c2c00000 count 5264 datatype 7 op 0 root 0 comm 0x7f4150319ee0 [nranks=4] stream 0x7f4150243ad0
[1,3]<stdout>:this is rank 3
[1,3]<stdout>:net-g13:46001:46109 [1] NCCL INFO AllReduce: opCount 2 sendbuff 0x7fc513000000 recvbuff 0x7fc513000000 count 5264 datatype 7 op 0 root 0 comm 0x7fc58c322a50 [nranks=4] stream 0x55a6307d71e0
[1,2]<stdout>:this is rank 2
[1,2]<stdout>:net-g13:46000:46108 [0] NCCL INFO AllReduce: opCount 12 sendbuff 0x7f7cdf400000 recvbuff 0x7f7cdf400000 count 5264 datatype 7 op 0 root 0 comm 0x7f7d5831a5d0 [nranks=4] stream 0x7f7d58244080
[1,3]<stdout>:Train Epoch: 1 [0/15000 (0%)]	Loss: 2.354724
[1,2]<stdout>:Train Epoch: 1 [0/15000 (0%)]	Loss: 2.285889
[1,3]<stdout>:===== begin one interation step
[1,2]<stdout>:===== begin one interation step
[1,1]<stdout>:Train Epoch: 1 [0/15000 (0%)]	Loss: 2.305933
[1,1]<stdout>:===== begin one interation step
[1,0]<stdout>:Train Epoch: 1 [0/15000 (0%)]	Loss: 2.346126
[1,0]<stdout>:===== begin one interation step
[1,0]<stdout>:this is rank 0
[1,0]<stdout>:net-g12:6392:6485 [0] NCCL INFO AllReduce: opCount 3 sendbuff 0x7fb4a4a00000 recvbuff 0x7fb4a4a00000 count 512 datatype 7 op 0 root 0 comm 0x7fb5183242f0 [nranks=4] stream 0x7fb51824d5b0
[1,1]<stdout>:this is rank 1
[1,1]<stdout>:net-g12:6393:6486 [1] NCCL INFO AllReduce: opCount 13 sendbuff 0x7f40c2c00000 recvbuff 0x7f40c2c00000 count 512 datatype 7 op 0 root 0 comm 0x7f4150319ee0 [nranks=4] stream 0x7f4150243ad0
[1,2]<stdout>:this is rank 2
[1,2]<stdout>:net-g13:46000:46108 [0] NCCL INFO AllReduce: opCount 13 sendbuff 0x7f7cdf400000 recvbuff 0x7f7cdf400000 count 512 datatype 7 op 0 root 0 comm 0x7f7d5831a5d0 [nranks=4] stream 0x7f7d58244080
[1,3]<stdout>:this is rank 3
[1,3]<stdout>:net-g13:46001:46109 [1] NCCL INFO AllReduce: opCount 3 sendbuff 0x7fc513000000 recvbuff 0x7fc513000000 count 512 datatype 7 op 0 root 0 comm 0x7fc58c322a50 [nranks=4] stream 0x55a6307d71e0
[1,0]<stdout>:this is rank 0
[1,0]<stdout>:net-g12:6392:6485 [0] NCCL INFO AllReduce: opCount 4 sendbuff 0x7fb4a4a00000 recvbuff 0x7fb4a4a00000 count 21336 datatype 7 op 0 root 0 comm 0x7fb5183242f0 [nranks=4] stream 0x7fb51824d5b0
[1,2]<stdout>:this is rank 2
[1,2]<stdout>:net-g13:46000:46108 [0] NCCL INFO AllReduce: opCount 14 sendbuff 0x7f7cdf400000 recvbuff 0x7f7cdf400000 count 21336 datatype 7 op 0 root 0 comm 0x7f7d5831a5d0 [nranks=4] stream 0x7f7d58244080
[1,1]<stdout>:this is rank 1
[1,3]<stdout>:this is rank 3
[1,1]<stdout>:net-g12:6393:6486 [1] NCCL INFO AllReduce: opCount 14 sendbuff 0x7f40c2c00000 recvbuff 0x7f40c2c00000 count 21336 datatype 7 op 0 root 0 comm 0x7f4150319ee0 [nranks=4] stream 0x7f4150243ad0
[1,3]<stdout>:net-g13:46001:46109 [1] NCCL INFO AllReduce: opCount 4 sendbuff 0x7fc513000000 recvbuff 0x7fc513000000 count 21336 datatype 7 op 0 root 0 comm 0x7fc58c322a50 [nranks=4] stream 0x55a6307d71e0
[1,3]<stdout>:Train Epoch: 1 [64/15000 (0%)]	Loss: 2.315045
[1,2]<stdout>:Train Epoch: 1 [64/15000 (0%)]	Loss: 2.313272
[1,1]<stdout>:Train Epoch: 1 [64/15000 (0%)]	Loss: 2.304141
[1,0]<stdout>:Train Epoch: 1 [64/15000 (0%)]	Loss: 2.327068
[1,0]<stdout>:net-g12:6392:6485 [0] NCCL INFO Created 1 queue info, destroyed 1
[1,1]<stdout>:net-g12:6393:6486 [1] NCCL INFO Created 1 queue info, destroyed 1
[1,2]<stdout>:net-g13:46000:46108 [0] NCCL INFO Created 1 queue info, destroyed 1
[1,3]<stdout>:net-g13:46001:46109 [1] NCCL INFO Created 1 queue info, destroyed 1
