Filtering local host names.
Remote host found: 202.45.128.233
Checking ssh on all remote hosts.
SSH was successful into all the remote hosts.
[1,0]<stdout>:net-g12:77488:77500 [0] NCCL INFO NCCL_SOCKET_IFNAME set by environment to eno3
[1,0]<stdout>:net-g12:77488:77500 [0] NCCL INFO NCCL_SOCKET_IFNAME set to eno3
[1,0]<stdout>:net-g12:77488:77500 [0] NCCL INFO Bootstrap : Using eno3:202.45.128.232<0>
[1,0]<stdout>:net-g12:77488:77500 [0] NCCL INFO NET/Plugin : No plugin found (libnccl-net.so), using internal implementation
[1,0]<stdout>:net-g12:77488:77500 [0] NCCL INFO NCCL_IB_DISABLE set by environment to 1.
[1,0]<stdout>:net-g12:77488:77500 [0] NCCL INFO NCCL_SOCKET_IFNAME set by environment to eno3
[1,0]<stdout>:net-g12:77488:77500 [0] NCCL INFO NCCL_SOCKET_IFNAME set to eno3
[1,0]<stdout>:net-g12:77488:77500 [0] NCCL INFO NET/Socket : Using [0]eno3:202.45.128.232<0>
[1,0]<stdout>:net-g12:77488:77500 [0] NCCL INFO Using network Socket
[1,0]<stdout>:NCCL version 2.11.4+cuda10.2
[1,2]<stdout>:net-g13:38978:38990 [0] NCCL INFO NCCL_SOCKET_IFNAME set by environment to eno3
[1,2]<stdout>:net-g13:38978:38990 [0] NCCL INFO NCCL_SOCKET_IFNAME set to eno3
[1,1]<stdout>:net-g12:77489:77501 [1] NCCL INFO NCCL_SOCKET_IFNAME set by environment to eno3
[1,1]<stdout>:net-g12:77489:77501 [1] NCCL INFO NCCL_SOCKET_IFNAME set to eno3
[1,2]<stdout>:net-g13:38978:38990 [0] NCCL INFO Bootstrap : Using eno3:202.45.128.233<0>
[1,2]<stdout>:net-g13:38978:38990 [0] NCCL INFO NET/Plugin : No plugin found (libnccl-net.so), using internal implementation
[1,1]<stdout>:net-g12:77489:77501 [1] NCCL INFO Bootstrap : Using eno3:202.45.128.232<0>
[1,1]<stdout>:net-g12:77489:77501 [1] NCCL INFO NET/Plugin : No plugin found (libnccl-net.so), using internal implementation
[1,2]<stdout>:net-g13:38978:38990 [0] NCCL INFO NCCL_IB_DISABLE set by environment to 1.
[1,2]<stdout>:net-g13:38978:38990 [0] NCCL INFO NCCL_SOCKET_IFNAME set by environment to eno3
[1,2]<stdout>:net-g13:38978:38990 [0] NCCL INFO NCCL_SOCKET_IFNAME set to eno3
[1,1]<stdout>:net-g12:77489:77501 [1] NCCL INFO NCCL_IB_DISABLE set by environment to 1.
[1,1]<stdout>:net-g12:77489:77501 [1] NCCL INFO NCCL_SOCKET_IFNAME set by environment to eno3
[1,1]<stdout>:net-g12:77489:77501 [1] NCCL INFO NCCL_SOCKET_IFNAME set to eno3
[1,3]<stdout>:net-g13:38979:38991 [1] NCCL INFO NCCL_SOCKET_IFNAME set by environment to eno3
[1,3]<stdout>:net-g13:38979:38991 [1] NCCL INFO NCCL_SOCKET_IFNAME set to eno3
[1,1]<stdout>:net-g12:77489:77501 [1] NCCL INFO NET/Socket : Using [0]eno3:202.45.128.232<0>
[1,1]<stdout>:net-g12:77489:77501 [1] NCCL INFO Using network Socket
[1,3]<stdout>:net-g13:38979:38991 [1] NCCL INFO Bootstrap : Using eno3:202.45.128.233<0>
[1,2]<stdout>:net-g13:38978:38990 [0] NCCL INFO NET/Socket : Using [0]eno3:202.45.128.233<0>
[1,2]<stdout>:net-g13:38978:38990 [0] NCCL INFO Using network Socket
[1,3]<stdout>:net-g13:38979:38991 [1] NCCL INFO NET/Plugin : No plugin found (libnccl-net.so), using internal implementation
[1,3]<stdout>:net-g13:38979:38991 [1] NCCL INFO NCCL_IB_DISABLE set by environment to 1.
[1,3]<stdout>:net-g13:38979:38991 [1] NCCL INFO NCCL_SOCKET_IFNAME set by environment to eno3
[1,3]<stdout>:net-g13:38979:38991 [1] NCCL INFO NCCL_SOCKET_IFNAME set to eno3
[1,3]<stdout>:net-g13:38979:38991 [1] NCCL INFO NET/Socket : Using [0]eno3:202.45.128.233<0>
[1,3]<stdout>:net-g13:38979:38991 [1] NCCL INFO Using network Socket
[1,1]<stdout>:net-g12:77489:77501 [1] NCCL INFO NCCL_MAX_NCHANNELS set by environment to 1.
[1,1]<stdout>:net-g12:77489:77501 [1] NCCL INFO Trees [0] -1/-1/-1->1->0
[1,1]<stdout>:net-g12:77489:77501 [1] NCCL INFO Setting affinity for GPU 1 to 5555,55555555,55555555
[1,0]<stdout>:net-g12:77488:77500 [0] NCCL INFO NCCL_MAX_NCHANNELS set by environment to 1.
[1,0]<stdout>:net-g12:77488:77500 [0] NCCL INFO Channel 00/01 :    0   1   2   3
[1,0]<stdout>:net-g12:77488:77500 [0] NCCL INFO Trees [0] 1/2/-1->0->-1
[1,0]<stdout>:net-g12:77488:77500 [0] NCCL INFO Setting affinity for GPU 0 to 5555,55555555,55555555
[1,2]<stdout>:net-g13:38978:38990 [0] NCCL INFO NCCL_MAX_NCHANNELS set by environment to 1.
[1,2]<stdout>:net-g13:38978:38990 [0] NCCL INFO Trees [0] 3/-1/-1->2->0
[1,2]<stdout>:net-g13:38978:38990 [0] NCCL INFO Setting affinity for GPU 0 to 5555,55555555,55555555
[1,3]<stdout>:net-g13:38979:38991 [1] NCCL INFO NCCL_MAX_NCHANNELS set by environment to 1.
[1,3]<stdout>:net-g13:38979:38991 [1] NCCL INFO Trees [0] -1/-1/-1->3->2
[1,3]<stdout>:net-g13:38979:38991 [1] NCCL INFO Setting affinity for GPU 1 to 5555,55555555,55555555
[1,0]<stdout>:net-g12:77488:77500 [0] NCCL INFO Channel 00 : 3[3b000] -> 0[18000] [receive] via NET/Socket/0
[1,0]<stdout>:net-g12:77488:77500 [0] NCCL INFO NCCL_SOCKET_NTHREADS set by environment to 1.
[1,0]<stdout>:net-g12:77488:77500 [0] NCCL INFO NET/Socket: Using 1 threads and 1 sockets per thread
[1,2]<stdout>:net-g13:38978:38990 [0] NCCL INFO Channel 00 : 1[3b000] -> 2[18000] [receive] via NET/Socket/0
[1,2]<stdout>:net-g13:38978:38990 [0] NCCL INFO NCCL_SOCKET_NTHREADS set by environment to 1.
[1,2]<stdout>:net-g13:38978:38990 [0] NCCL INFO NET/Socket: Using 1 threads and 1 sockets per thread
[1,0]<stdout>:net-g12:77488:77500 [0] NCCL INFO Channel 00 : 0[18000] -> 1[3b000] via P2P/IPC
[1,2]<stdout>:net-g13:38978:38990 [0] NCCL INFO Channel 00 : 2[18000] -> 3[3b000] via P2P/IPC
[1,1]<stdout>:net-g12:77489:77501 [1] NCCL INFO Channel 00 : 1[3b000] -> 2[18000] [send] via NET/Socket/0
[1,1]<stdout>:net-g12:77489:77501 [1] NCCL INFO Connected all rings
[1,1]<stdout>:net-g12:77489:77501 [1] NCCL INFO Channel 00 : 1[3b000] -> 0[18000] via P2P/IPC
[1,3]<stdout>:net-g13:38979:38991 [1] NCCL INFO Channel 00 : 3[3b000] -> 0[18000] [send] via NET/Socket/0
[1,2]<stdout>:net-g13:38978:38990 [0] NCCL INFO Connected all rings
[1,0]<stdout>:net-g12:77488:77500 [0] NCCL INFO Connected all rings
[1,3]<stdout>:net-g13:38979:38991 [1] NCCL INFO Connected all rings
[1,3]<stdout>:net-g13:38979:38991 [1] NCCL INFO Channel 00 : 3[3b000] -> 2[18000] via P2P/IPC
[1,0]<stdout>:net-g12:77488:77500 [0] NCCL INFO Channel 00 : 2[18000] -> 0[18000] [receive] via NET/Socket/0
[1,0]<stdout>:net-g12:77488:77500 [0] NCCL INFO NET/Socket: Using 1 threads and 1 sockets per thread
[1,2]<stdout>:net-g13:38978:38990 [0] NCCL INFO Channel 00 : 0[18000] -> 2[18000] [receive] via NET/Socket/0
[1,2]<stdout>:net-g13:38978:38990 [0] NCCL INFO NET/Socket: Using 1 threads and 1 sockets per thread
[1,2]<stdout>:net-g13:38978:38990 [0] NCCL INFO Channel 00 : 2[18000] -> 0[18000] [send] via NET/Socket/0
[1,0]<stdout>:net-g12:77488:77500 [0] NCCL INFO Channel 00 : 0[18000] -> 2[18000] [send] via NET/Socket/0
[1,0]<stdout>:net-g12:77488:77500 [0] NCCL INFO Connected all trees
[1,0]<stdout>:net-g12:77488:77500 [0] NCCL INFO NCCL_ALGO set by environment to RING
[1,0]<stdout>:net-g12:77488:77500 [0] NCCL INFO threadThresholds 8/8/64 | 32/8/64 | 8/8/512
[1,0]<stdout>:net-g12:77488:77500 [0] NCCL INFO 1 coll channels, 1 p2p channels, 1 p2p channels per peer
[1,1]<stdout>:net-g12:77489:77501 [1] NCCL INFO Connected all trees
[1,1]<stdout>:net-g12:77489:77501 [1] NCCL INFO NCCL_ALGO set by environment to RING
[1,1]<stdout>:net-g12:77489:77501 [1] NCCL INFO threadThresholds 8/8/64 | 32/8/64 | 8/8/512
[1,1]<stdout>:net-g12:77489:77501 [1] NCCL INFO 1 coll channels, 1 p2p channels, 1 p2p channels per peer
[1,2]<stdout>:net-g13:38978:38990 [0] NCCL INFO Connected all trees
[1,2]<stdout>:net-g13:38978:38990 [0] NCCL INFO NCCL_ALGO set by environment to RING
[1,2]<stdout>:net-g13:38978:38990 [0] NCCL INFO threadThresholds 8/8/64 | 32/8/64 | 8/8/512
[1,2]<stdout>:net-g13:38978:38990 [0] NCCL INFO 1 coll channels, 1 p2p channels, 1 p2p channels per peer
[1,3]<stdout>:net-g13:38979:38991 [1] NCCL INFO Connected all trees
[1,3]<stdout>:net-g13:38979:38991 [1] NCCL INFO NCCL_ALGO set by environment to RING
[1,3]<stdout>:net-g13:38979:38991 [1] NCCL INFO threadThresholds 8/8/64 | 32/8/64 | 8/8/512
[1,3]<stdout>:net-g13:38979:38991 [1] NCCL INFO 1 coll channels, 1 p2p channels, 1 p2p channels per peer
[1,0]<stdout>:net-g12:77488:77500 [0] NCCL INFO comm 0x7f2fd4258ff0 rank 0 nranks 4 cudaDev 0 busId 18000 - Init COMPLETE
[1,1]<stdout>:net-g12:77489:77501 [1] NCCL INFO comm 0x7fae8824f340 rank 1 nranks 4 cudaDev 1 busId 3b000 - Init COMPLETE
[1,2]<stdout>:net-g13:38978:38990 [0] NCCL INFO comm 0x7f99b824e6a0 rank 2 nranks 4 cudaDev 0 busId 18000 - Init COMPLETE
[1,3]<stdout>:net-g13:38979:38991 [1] NCCL INFO comm 0x7efc60256a90 rank 3 nranks 4 cudaDev 1 busId 3b000 - Init COMPLETE
[1,1]<stdout>:net-g12:77489:77501 [1] NCCL INFO Broadcast: opCount 0 sendbuff 0x7fae0aa00400 recvbuff 0x7fae0aa00400 count 40 datatype 0 op 0 root 0 comm 0x7fae8824f340 [nranks=4] stream 0x7fae882443e0
[1,0]<stdout>:net-g12:77488:77500 [0] NCCL INFO Broadcast: opCount 0 sendbuff 0x7f2f52a00400 recvbuff 0x7f2f52a00400 count 40 datatype 0 op 0 root 0 comm 0x7f2fd4258ff0 [nranks=4] stream 0x7f2fd424d890
[1,0]<stdout>:net-g12:77488:77500 [0] NCCL INFO Launch mode Parallel
[1,3]<stdout>:net-g13:38979:38991 [1] NCCL INFO Broadcast: opCount 0 sendbuff 0x7efbcea00400 recvbuff 0x7efbcea00400 count 40 datatype 0 op 0 root 0 comm 0x7efc60256a90 [nranks=4] stream 0x7efc6024c5e0
[1,2]<stdout>:net-g13:38978:38990 [0] NCCL INFO Broadcast: opCount 0 sendbuff 0x7f995da00400 recvbuff 0x7f995da00400 count 40 datatype 0 op 0 root 0 comm 0x7f99b824e6a0 [nranks=4] stream 0x564844797a90
[1,1]<stdout>:net-g12:77489:77501 [1] NCCL INFO Broadcast: opCount 1 sendbuff 0x7fae0aa00000 recvbuff 0x7fae0aa00000 count 1000 datatype 0 op 0 root 0 comm 0x7fae8824f340 [nranks=4] stream 0x7fae882443e0
[1,0]<stdout>:net-g12:77488:77500 [0] NCCL INFO Broadcast: opCount 0 sendbuff 0x7f2f52a00000 recvbuff 0x7f2f52a00000 count 1000 datatype 0 op 0 root 0 comm 0x7f2fd4258ff0 [nranks=4] stream 0x7f2fd424d890
[1,0]<stdout>:net-g12:77488:77500 [0] NCCL INFO Broadcast: opCount 0 sendbuff 0x7f2f52a05600 recvbuff 0x7f2f52a05600 count 80 datatype 0 op 0 root 0 comm 0x7f2fd4258ff0 [nranks=4] stream 0x7f2fd424d890
[1,0]<stdout>:net-g12:77488:77500 [0] NCCL INFO Broadcast: opCount 0 sendbuff 0x7f2f52a00600 recvbuff 0x7f2f52a00600 count 20000 datatype 0 op 0 root 0 comm 0x7f2fd4258ff0 [nranks=4] stream 0x7f2fd424d890
[1,1]<stdout>:net-g12:77489:77501 [1] NCCL INFO Broadcast: opCount 2 sendbuff 0x7fae0aa05600 recvbuff 0x7fae0aa05600 count 80 datatype 0 op 0 root 0 comm 0x7fae8824f340 [nranks=4] stream 0x7fae882443e0
[1,0]<stdout>:net-g12:77488:77500 [0] NCCL INFO Broadcast: opCount 0 sendbuff 0x7f2f52a15200 recvbuff 0x7f2f52a15200 count 200 datatype 0 op 0 root 0 comm 0x7f2fd4258ff0 [nranks=4] stream 0x7f2fd424d890
[1,1]<stdout>:net-g12:77489:77501 [1] NCCL INFO Broadcast: opCount 3 sendbuff 0x7fae0aa00600 recvbuff 0x7fae0aa00600 count 20000 datatype 0 op 0 root 0 comm 0x7fae8824f340 [nranks=4] stream 0x7fae882443e0
[1,0]<stdout>:net-g12:77488:77500 [0] NCCL INFO Broadcast: opCount 0 sendbuff 0x7f2f52a05800 recvbuff 0x7f2f52a05800 count 64000 datatype 0 op 0 root 0 comm 0x7f2fd4258ff0 [nranks=4] stream 0x7f2fd424d890
[1,1]<stdout>:net-g12:77489:77501 [1] NCCL INFO Broadcast: opCount 4 sendbuff 0x7fae0aa15200 recvbuff 0x7fae0aa15200 count 200 datatype 0 op 0 root 0 comm 0x7fae8824f340 [nranks=4] stream 0x7fae882443e0
[1,0]<stdout>:net-g12:77488:77500 [0] NCCL INFO Broadcast: opCount 0 sendbuff 0x7f2f52a15c00 recvbuff 0x7f2f52a15c00 count 40 datatype 0 op 0 root 0 comm 0x7f2fd4258ff0 [nranks=4] stream 0x7f2fd424d890
[1,3]<stdout>:net-g13:38979:38991 [1] NCCL INFO Broadcast: opCount 0 sendbuff 0x7efbcea00000 recvbuff 0x7efbcea00000 count 1000 datatype 0 op 0 root 0 comm 0x7efc60256a90 [nranks=4] stream 0x7efc6024c5e0
[1,0]<stdout>:net-g12:77488:77500 [0] NCCL INFO Broadcast: opCount 0 sendbuff 0x7f2f52a15400 recvbuff 0x7f2f52a15400 count 2000 datatype 0 op 0 root 0 comm 0x7f2fd4258ff0 [nranks=4] stream 0x7f2fd424d890
[1,1]<stdout>:net-g12:77489:77501 [1] NCCL INFO Broadcast: opCount 5 sendbuff 0x7fae0aa05800 recvbuff 0x7fae0aa05800 count 64000 datatype 0 op 0 root 0 comm 0x7fae8824f340 [nranks=4] stream 0x7fae882443e0
[1,1]<stdout>:net-g12:77489:77501 [1] NCCL INFO Broadcast: opCount 6 sendbuff 0x7fae0aa15c00 recvbuff 0x7fae0aa15c00 count 40 datatype 0 op 0 root 0 comm 0x7fae8824f340 [nranks=4] stream 0x7fae882443e0
[1,2]<stdout>:net-g13:38978:38990 [0] NCCL INFO Broadcast: opCount 1 sendbuff 0x7f995da00000 recvbuff 0x7f995da00000 count 1000 datatype 0 op 0 root 0 comm 0x7f99b824e6a0 [nranks=4] stream 0x564844797a90
[1,2]<stdout>:net-g13:38978:38990 [0] NCCL INFO Broadcast: opCount 2 sendbuff 0x7f995da05600 recvbuff 0x7f995da05600 count 80 datatype 0 op 0 root 0 comm 0x7f99b824e6a0 [nranks=4] stream 0x564844797a90
[1,3]<stdout>:net-g13:38979:38991 [1] NCCL INFO Broadcast: opCount 0 sendbuff 0x7efbcea05600 recvbuff 0x7efbcea05600 count 80 datatype 0 op 0 root 0 comm 0x7efc60256a90 [nranks=4] stream 0x7efc6024c5e0
[1,1]<stdout>:net-g12:77489:77501 [1] NCCL INFO Broadcast: opCount 7 sendbuff 0x7fae0aa15400 recvbuff 0x7fae0aa15400 count 2000 datatype 0 op 0 root 0 comm 0x7fae8824f340 [nranks=4] stream 0x7fae882443e0
[1,2]<stdout>:net-g13:38978:38990 [0] NCCL INFO Broadcast: opCount 3 sendbuff 0x7f995da00600 recvbuff 0x7f995da00600 count 20000 datatype 0 op 0 root 0 comm 0x7f99b824e6a0 [nranks=4] stream 0x564844797a90
[1,2]<stdout>:net-g13:38978:38990 [0] NCCL INFO Broadcast: opCount 4 sendbuff 0x7f995da15200 recvbuff 0x7f995da15200 count 200 datatype 0 op 0 root 0 comm 0x7f99b824e6a0 [nranks=4] stream 0x564844797a90
[1,3]<stdout>:net-g13:38979:38991 [1] NCCL INFO Broadcast: opCount 0 sendbuff 0x7efbcea00600 recvbuff 0x7efbcea00600 count 20000 datatype 0 op 0 root 0 comm 0x7efc60256a90 [nranks=4] stream 0x7efc6024c5e0
[1,2]<stdout>:net-g13:38978:38990 [0] NCCL INFO Broadcast: opCount 5 sendbuff 0x7f995da05800 recvbuff 0x7f995da05800 count 64000 datatype 0 op 0 root 0 comm 0x7f99b824e6a0 [nranks=4] stream 0x564844797a90
[1,3]<stdout>:net-g13:38979:38991 [1] NCCL INFO Broadcast: opCount 0 sendbuff 0x7efbcea15200 recvbuff 0x7efbcea15200 count 200 datatype 0 op 0 root 0 comm 0x7efc60256a90 [nranks=4] stream 0x7efc6024c5e0
[1,2]<stdout>:net-g13:38978:38990 [0] NCCL INFO Broadcast: opCount 6 sendbuff 0x7f995da15c00 recvbuff 0x7f995da15c00 count 40 datatype 0 op 0 root 0 comm 0x7f99b824e6a0 [nranks=4] stream 0x564844797a90
[1,3]<stdout>:net-g13:38979:38991 [1] NCCL INFO Broadcast: opCount 0 sendbuff 0x7efbcea05800 recvbuff 0x7efbcea05800 count 64000 datatype 0 op 0 root 0 comm 0x7efc60256a90 [nranks=4] stream 0x7efc6024c5e0
[1,2]<stdout>:net-g13:38978:38990 [0] NCCL INFO Broadcast: opCount 7 sendbuff 0x7f995da15400 recvbuff 0x7f995da15400 count 2000 datatype 0 op 0 root 0 comm 0x7f99b824e6a0 [nranks=4] stream 0x564844797a90
[1,3]<stdout>:net-g13:38979:38991 [1] NCCL INFO Broadcast: opCount 0 sendbuff 0x7efbcea15c00 recvbuff 0x7efbcea15c00 count 40 datatype 0 op 0 root 0 comm 0x7efc60256a90 [nranks=4] stream 0x7efc6024c5e0
[1,3]<stdout>:net-g13:38979:38991 [1] NCCL INFO Broadcast: opCount 0 sendbuff 0x7efbcea15400 recvbuff 0x7efbcea15400 count 2000 datatype 0 op 0 root 0 comm 0x7efc60256a90 [nranks=4] stream 0x7efc6024c5e0
[1,1]<stdout>:net-g12:77489:77501 [1] NCCL INFO Broadcast: opCount 8 sendbuff 0x7fae0aa2bc00 recvbuff 0x7fae0aa2bc00 count 1000 datatype 0 op 0 root 0 comm 0x7fae8824f340 [nranks=4] stream 0x7fae882443e0
[1,0]<stdout>:net-g12:77488:77500 [0] NCCL INFO Broadcast: opCount 0 sendbuff 0x7f2f52a2bc00 recvbuff 0x7f2f52a2bc00 count 1000 datatype 0 op 0 root 0 comm 0x7f2fd4258ff0 [nranks=4] stream 0x7f2fd424d890
[1,0]<stdout>:net-g12:77488:77500 [0] NCCL INFO Broadcast: opCount 0 sendbuff 0x7f2f52a2c000 recvbuff 0x7f2f52a2c000 count 40 datatype 0 op 0 root 0 comm 0x7f2fd4258ff0 [nranks=4] stream 0x7f2fd424d890
[1,1]<stdout>:net-g12:77489:77501 [1] NCCL INFO Broadcast: opCount 9 sendbuff 0x7fae0aa2c000 recvbuff 0x7fae0aa2c000 count 40 datatype 0 op 0 root 0 comm 0x7fae8824f340 [nranks=4] stream 0x7fae882443e0
[1,0]<stdout>:net-g12:77488:77500 [0] NCCL INFO Broadcast: opCount 0 sendbuff 0x7f2f52a2c200 recvbuff 0x7f2f52a2c200 count 20000 datatype 0 op 0 root 0 comm 0x7f2fd4258ff0 [nranks=4] stream 0x7f2fd424d890
[1,1]<stdout>:net-g12:77489:77501 [1] NCCL INFO Broadcast: opCount a sendbuff 0x7fae0aa2c200 recvbuff 0x7fae0aa2c200 count 20000 datatype 0 op 0 root 0 comm 0x7fae8824f340 [nranks=4] stream 0x7fae882443e0
[1,0]<stdout>:net-g12:77488:77500 [0] NCCL INFO Broadcast: opCount 0 sendbuff 0x7f2f52a31200 recvbuff 0x7f2f52a31200 count 80 datatype 0 op 0 root 0 comm 0x7f2fd4258ff0 [nranks=4] stream 0x7f2fd424d890
[1,1]<stdout>:net-g12:77489:77501 [1] NCCL INFO Broadcast: opCount b sendbuff 0x7fae0aa31200 recvbuff 0x7fae0aa31200 count 80 datatype 0 op 0 root 0 comm 0x7fae8824f340 [nranks=4] stream 0x7fae882443e0
[1,0]<stdout>:net-g12:77488:77500 [0] NCCL INFO Broadcast: opCount 0 sendbuff 0x7f2f52a31400 recvbuff 0x7f2f52a31400 count 64000 datatype 0 op 0 root 0 comm 0x7f2fd4258ff0 [nranks=4] stream 0x7f2fd424d890
[1,1]<stdout>:net-g12:77489:77501 [1] NCCL INFO Broadcast: opCount c sendbuff 0x7fae0aa31400 recvbuff 0x7fae0aa31400 count 64000 datatype 0 op 0 root 0 comm 0x7fae8824f340 [nranks=4] stream 0x7fae882443e0
[1,0]<stdout>:net-g12:77488:77500 [0] NCCL INFO Broadcast: opCount 0 sendbuff 0x7f2f52a40e00 recvbuff 0x7f2f52a40e00 count 200 datatype 0 op 0 root 0 comm 0x7f2fd4258ff0 [nranks=4] stream 0x7f2fd424d890
[1,2]<stdout>:net-g13:38978:38990 [0] NCCL INFO Broadcast: opCount 8 sendbuff 0x7f995da2bc00 recvbuff 0x7f995da2bc00 count 1000 datatype 0 op 0 root 0 comm 0x7f99b824e6a0 [nranks=4] stream 0x564844797a90
[1,2]<stdout>:net-g13:38978:38990 [0] NCCL INFO Broadcast: opCount 9 sendbuff 0x7f995da2c000 recvbuff 0x7f995da2c000 count 40 datatype 0 op 0 root 0 comm 0x7f99b824e6a0 [nranks=4] stream 0x564844797a90
[1,1]<stdout>:net-g12:77489:77501 [1] NCCL INFO Broadcast: opCount d sendbuff 0x7fae0aa40e00 recvbuff 0x7fae0aa40e00 count 200 datatype 0 op 0 root 0 comm 0x7fae8824f340 [nranks=4] stream 0x7fae882443e0
[1,1]<stdout>:net-g12:77489:77501 [1] NCCL INFO Broadcast: opCount e sendbuff 0x7fae0aa41000 recvbuff 0x7fae0aa41000 count 2000 datatype 0 op 0 root 0 comm 0x7fae8824f340 [nranks=4] stream 0x7fae882443e0
[1,0]<stdout>:net-g12:77488:77500 [0] NCCL INFO Broadcast: opCount 0 sendbuff 0x7f2f52a41000 recvbuff 0x7f2f52a41000 count 2000 datatype 0 op 0 root 0 comm 0x7f2fd4258ff0 [nranks=4] stream 0x7f2fd424d890
[1,0]<stdout>:net-g12:77488:77500 [0] NCCL INFO Broadcast: opCount 0 sendbuff 0x7f2f52a41800 recvbuff 0x7f2f52a41800 count 40 datatype 0 op 0 root 0 comm 0x7f2fd4258ff0 [nranks=4] stream 0x7f2fd424d890
[1,3]<stdout>:net-g13:38979:38991 [1] NCCL INFO Broadcast: opCount 0 sendbuff 0x7efbcea2bc00 recvbuff 0x7efbcea2bc00 count 1000 datatype 0 op 0 root 0 comm 0x7efc60256a90 [nranks=4] stream 0x7efc6024c5e0
[1,3]<stdout>:net-g13:38979:38991 [1] NCCL INFO Broadcast: opCount 0 sendbuff 0x7efbcea2c000 recvbuff 0x7efbcea2c000 count 40 datatype 0 op 0 root 0 comm 0x7efc60256a90 [nranks=4] stream 0x7efc6024c5e0
[1,3]<stdout>:net-g13:38979:38991 [1] NCCL INFO Broadcast: opCount 0 sendbuff 0x7efbcea2c200 recvbuff 0x7efbcea2c200 count 20000 datatype 0 op 0 root 0 comm 0x7efc60256a90 [nranks=4] stream 0x7efc6024c5e0
[1,1]<stdout>:net-g12:77489:77501 [1] NCCL INFO Broadcast: opCount f sendbuff 0x7fae0aa41800 recvbuff 0x7fae0aa41800 count 40 datatype 0 op 0 root 0 comm 0x7fae8824f340 [nranks=4] stream 0x7fae882443e0
[1,2]<stdout>:net-g13:38978:38990 [0] NCCL INFO Broadcast: opCount a sendbuff 0x7f995da2c200 recvbuff 0x7f995da2c200 count 20000 datatype 0 op 0 root 0 comm 0x7f99b824e6a0 [nranks=4] stream 0x564844797a90
[1,2]<stdout>:net-g13:38978:38990 [0] NCCL INFO Broadcast: opCount b sendbuff 0x7f995da31200 recvbuff 0x7f995da31200 count 80 datatype 0 op 0 root 0 comm 0x7f99b824e6a0 [nranks=4] stream 0x564844797a90
[1,3]<stdout>:net-g13:38979:38991 [1] NCCL INFO Broadcast: opCount 0 sendbuff 0x7efbcea31200 recvbuff 0x7efbcea31200 count 80 datatype 0 op 0 root 0 comm 0x7efc60256a90 [nranks=4] stream 0x7efc6024c5e0
[1,2]<stdout>:net-g13:38978:38990 [0] NCCL INFO Broadcast: opCount c sendbuff 0x7f995da31400 recvbuff 0x7f995da31400 count 64000 datatype 0 op 0 root 0 comm 0x7f99b824e6a0 [nranks=4] stream 0x564844797a90
[1,2]<stdout>:net-g13:38978:38990 [0] NCCL INFO Broadcast: opCount d sendbuff 0x7f995da40e00 recvbuff 0x7f995da40e00 count 200 datatype 0 op 0 root 0 comm 0x7f99b824e6a0 [nranks=4] stream 0x564844797a90
[1,3]<stdout>:net-g13:38979:38991 [1] NCCL INFO Broadcast: opCount 0 sendbuff 0x7efbcea31400 recvbuff 0x7efbcea31400 count 64000 datatype 0 op 0 root 0 comm 0x7efc60256a90 [nranks=4] stream 0x7efc6024c5e0
[1,2]<stdout>:net-g13:38978:38990 [0] NCCL INFO Broadcast: opCount e sendbuff 0x7f995da41000 recvbuff 0x7f995da41000 count 2000 datatype 0 op 0 root 0 comm 0x7f99b824e6a0 [nranks=4] stream 0x564844797a90
[1,3]<stdout>:net-g13:38979:38991 [1] NCCL INFO Broadcast: opCount 0 sendbuff 0x7efbcea40e00 recvbuff 0x7efbcea40e00 count 200 datatype 0 op 0 root 0 comm 0x7efc60256a90 [nranks=4] stream 0x7efc6024c5e0
[1,2]<stdout>:net-g13:38978:38990 [0] NCCL INFO Broadcast: opCount f sendbuff 0x7f995da41800 recvbuff 0x7f995da41800 count 40 datatype 0 op 0 root 0 comm 0x7f99b824e6a0 [nranks=4] stream 0x564844797a90
[1,3]<stdout>:net-g13:38979:38991 [1] NCCL INFO Broadcast: opCount 0 sendbuff 0x7efbcea41000 recvbuff 0x7efbcea41000 count 2000 datatype 0 op 0 root 0 comm 0x7efc60256a90 [nranks=4] stream 0x7efc6024c5e0
[1,3]<stdout>:net-g13:38979:38991 [1] NCCL INFO Broadcast: opCount 0 sendbuff 0x7efbcea41800 recvbuff 0x7efbcea41800 count 40 datatype 0 op 0 root 0 comm 0x7efc60256a90 [nranks=4] stream 0x7efc6024c5e0
[1,1]<stdout>:net-g12:77489:77501 [1] NCCL INFO AllReduce: opCount 10 sendbuff 0x7fae18600000 recvbuff 0x7fae18600000 count 512 datatype 7 op 0 root 0 comm 0x7fae8824f340 [nranks=4] stream 0x7fae882443e0
[1,0]<stdout>:net-g12:77488:77500 [0] NCCL INFO AllReduce: opCount 0 sendbuff 0x7f2f62400000 recvbuff 0x7f2f62400000 count 512 datatype 7 op 0 root 0 comm 0x7f2fd4258ff0 [nranks=4] stream 0x7f2fd424d890
[1,2]<stdout>:net-g13:38978:38990 [0] NCCL INFO AllReduce: opCount 10 sendbuff 0x7f9937400000 recvbuff 0x7f9937400000 count 512 datatype 7 op 0 root 0 comm 0x7f99b824e6a0 [nranks=4] stream 0x564844797a90
[1,3]<stdout>:net-g13:38979:38991 [1] NCCL INFO AllReduce: opCount 0 sendbuff 0x7efbd8800000 recvbuff 0x7efbd8800000 count 512 datatype 7 op 0 root 0 comm 0x7efc60256a90 [nranks=4] stream 0x7efc6024c5e0
[1,0]<stdout>:net-g12:77488:77500 [0] NCCL INFO AllReduce: opCount 1 sendbuff 0x7f2f62400000 recvbuff 0x7f2f62400000 count 16072 datatype 7 op 0 root 0 comm 0x7f2fd4258ff0 [nranks=4] stream 0x7f2fd424d890
[1,1]<stdout>:net-g12:77489:77501 [1] NCCL INFO AllReduce: opCount 11 sendbuff 0x7fae18600000 recvbuff 0x7fae18600000 count 16072 datatype 7 op 0 root 0 comm 0x7fae8824f340 [nranks=4] stream 0x7fae882443e0
[1,2]<stdout>:net-g13:38978:38990 [0] NCCL INFO AllReduce: opCount 11 sendbuff 0x7f9937400000 recvbuff 0x7f9937400000 count 16072 datatype 7 op 0 root 0 comm 0x7f99b824e6a0 [nranks=4] stream 0x564844797a90
[1,3]<stdout>:net-g13:38979:38991 [1] NCCL INFO AllReduce: opCount 1 sendbuff 0x7efbd8800000 recvbuff 0x7efbd8800000 count 16072 datatype 7 op 0 root 0 comm 0x7efc60256a90 [nranks=4] stream 0x7efc6024c5e0
[1,0]<stdout>:net-g12:77488:77500 [0] NCCL INFO AllReduce: opCount 2 sendbuff 0x7f2f62400000 recvbuff 0x7f2f62400000 count 5264 datatype 7 op 0 root 0 comm 0x7f2fd4258ff0 [nranks=4] stream 0x7f2fd424d890
[1,1]<stdout>:net-g12:77489:77501 [1] NCCL INFO AllReduce: opCount 12 sendbuff 0x7fae18600000 recvbuff 0x7fae18600000 count 5264 datatype 7 op 0 root 0 comm 0x7fae8824f340 [nranks=4] stream 0x7fae882443e0
[1,3]<stdout>:net-g13:38979:38991 [1] NCCL INFO AllReduce: opCount 2 sendbuff 0x7efbd8800000 recvbuff 0x7efbd8800000 count 5264 datatype 7 op 0 root 0 comm 0x7efc60256a90 [nranks=4] stream 0x7efc6024c5e0
[1,2]<stdout>:net-g13:38978:38990 [0] NCCL INFO AllReduce: opCount 12 sendbuff 0x7f9937400000 recvbuff 0x7f9937400000 count 5264 datatype 7 op 0 root 0 comm 0x7f99b824e6a0 [nranks=4] stream 0x564844797a90
[1,1]<stdout>:Train Epoch: 1 [0/15000 (0%)]	Loss: 2.305933
[1,3]<stdout>:Train Epoch: 1 [0/15000 (0%)]	Loss: 2.354724
[1,2]<stdout>:Train Epoch: 1 [0/15000 (0%)]	Loss: 2.285889
[1,0]<stdout>:Train Epoch: 1 [0/15000 (0%)]	Loss: 2.346126
[1,1]<stdout>:net-g12:77489:77501 [1] NCCL INFO AllReduce: opCount 13 sendbuff 0x7fae18600000 recvbuff 0x7fae18600000 count 21848 datatype 7 op 0 root 0 comm 0x7fae8824f340 [nranks=4] stream 0x7fae882443e0
[1,0]<stdout>:net-g12:77488:77500 [0] NCCL INFO AllReduce: opCount 3 sendbuff 0x7f2f62400000 recvbuff 0x7f2f62400000 count 21848 datatype 7 op 0 root 0 comm 0x7f2fd4258ff0 [nranks=4] stream 0x7f2fd424d890
[1,3]<stdout>:net-g13:38979:38991 [1] NCCL INFO AllReduce: opCount 3 sendbuff 0x7efbd8800000 recvbuff 0x7efbd8800000 count 21848 datatype 7 op 0 root 0 comm 0x7efc60256a90 [nranks=4] stream 0x7efc6024c5e0
[1,2]<stdout>:net-g13:38978:38990 [0] NCCL INFO AllReduce: opCount 13 sendbuff 0x7f9937400000 recvbuff 0x7f9937400000 count 21848 datatype 7 op 0 root 0 comm 0x7f99b824e6a0 [nranks=4] stream 0x564844797a90
[1,1]<stdout>:net-g12:77489:77501 [1] NCCL INFO AllReduce: opCount 14 sendbuff 0x7fae18600000 recvbuff 0x7fae18600000 count 16584 datatype 7 op 0 root 0 comm 0x7fae8824f340 [nranks=4] stream 0x7fae882443e0
[1,0]<stdout>:net-g12:77488:77500 [0] NCCL INFO AllReduce: opCount 4 sendbuff 0x7f2f62400000 recvbuff 0x7f2f62400000 count 16584 datatype 7 op 0 root 0 comm 0x7f2fd4258ff0 [nranks=4] stream 0x7f2fd424d890
[1,3]<stdout>:net-g13:38979:38991 [1] NCCL INFO AllReduce: opCount 4 sendbuff 0x7efbd8800000 recvbuff 0x7efbd8800000 count 16584 datatype 7 op 0 root 0 comm 0x7efc60256a90 [nranks=4] stream 0x7efc6024c5e0
[1,2]<stdout>:net-g13:38978:38990 [0] NCCL INFO AllReduce: opCount 14 sendbuff 0x7f9937400000 recvbuff 0x7f9937400000 count 16584 datatype 7 op 0 root 0 comm 0x7f99b824e6a0 [nranks=4] stream 0x564844797a90
[1,0]<stdout>:net-g12:77488:77500 [0] NCCL INFO AllReduce: opCount 5 sendbuff 0x7f2f62400000 recvbuff 0x7f2f62400000 count 5264 datatype 7 op 0 root 0 comm 0x7f2fd4258ff0 [nranks=4] stream 0x7f2fd424d890
[1,1]<stdout>:net-g12:77489:77501 [1] NCCL INFO AllReduce: opCount 15 sendbuff 0x7fae18600000 recvbuff 0x7fae18600000 count 5264 datatype 7 op 0 root 0 comm 0x7fae8824f340 [nranks=4] stream 0x7fae882443e0
[1,2]<stdout>:net-g13:38978:38990 [0] NCCL INFO AllReduce: opCount 15 sendbuff 0x7f9937400000 recvbuff 0x7f9937400000 count 5264 datatype 7 op 0 root 0 comm 0x7f99b824e6a0 [nranks=4] stream 0x564844797a90
[1,3]<stdout>:net-g13:38979:38991 [1] NCCL INFO AllReduce: opCount 5 sendbuff 0x7efbd8800000 recvbuff 0x7efbd8800000 count 5264 datatype 7 op 0 root 0 comm 0x7efc60256a90 [nranks=4] stream 0x7efc6024c5e0
[1,1]<stdout>:net-g12:77489:77501 [1] NCCL INFO AllReduce: opCount 16 sendbuff 0x7fae18600000 recvbuff 0x7fae18600000 count 512 datatype 7 op 0 root 0 comm 0x7fae8824f340 [nranks=4] stream 0x7fae882443e0
[1,0]<stdout>:net-g12:77488:77500 [0] NCCL INFO AllReduce: opCount 6 sendbuff 0x7f2f62400000 recvbuff 0x7f2f62400000 count 512 datatype 7 op 0 root 0 comm 0x7f2fd4258ff0 [nranks=4] stream 0x7f2fd424d890
[1,2]<stdout>:net-g13:38978:38990 [0] NCCL INFO AllReduce: opCount 16 sendbuff 0x7f9937400000 recvbuff 0x7f9937400000 count 512 datatype 7 op 0 root 0 comm 0x7f99b824e6a0 [nranks=4] stream 0x564844797a90
[1,3]<stdout>:net-g13:38979:38991 [1] NCCL INFO AllReduce: opCount 6 sendbuff 0x7efbd8800000 recvbuff 0x7efbd8800000 count 512 datatype 7 op 0 root 0 comm 0x7efc60256a90 [nranks=4] stream 0x7efc6024c5e0
[1,0]<stdout>:net-g12:77488:77500 [0] NCCL INFO AllReduce: opCount 7 sendbuff 0x7f2f62400000 recvbuff 0x7f2f62400000 count 21084 datatype 7 op 0 root 0 comm 0x7f2fd4258ff0 [nranks=4] stream 0x7f2fd424d890
[1,1]<stdout>:net-g12:77489:77501 [1] NCCL INFO AllReduce: opCount 17 sendbuff 0x7fae18600000 recvbuff 0x7fae18600000 count 21084 datatype 7 op 0 root 0 comm 0x7fae8824f340 [nranks=4] stream 0x7fae882443e0
[1,2]<stdout>:net-g13:38978:38990 [0] NCCL INFO AllReduce: opCount 17 sendbuff 0x7f9937400000 recvbuff 0x7f9937400000 count 21084 datatype 7 op 0 root 0 comm 0x7f99b824e6a0 [nranks=4] stream 0x564844797a90
[1,3]<stdout>:net-g13:38979:38991 [1] NCCL INFO AllReduce: opCount 7 sendbuff 0x7efbd8800000 recvbuff 0x7efbd8800000 count 21084 datatype 7 op 0 root 0 comm 0x7efc60256a90 [nranks=4] stream 0x7efc6024c5e0
[1,2]<stdout>:net-g13:38978:38990 [0] NCCL INFO AllReduce: opCount 18 sendbuff 0x7f995da15e00 recvbuff 0x7f995da15e00 count 250 datatype 7 op 0 root 0 comm 0x7f99b824e6a0 [nranks=4] stream 0x564844797a90
[1,1]<stdout>:net-g12:77489:77501 [1] NCCL INFO AllReduce: opCount 18 sendbuff 0x7fae0aa15e00 recvbuff 0x7fae0aa15e00 count 250 datatype 7 op 0 root 0 comm 0x7fae8824f340 [nranks=4] stream 0x7fae882443e0
[1,0]<stdout>:net-g12:77488:77500 [0] NCCL INFO AllReduce: opCount 8 sendbuff 0x7f2f52a15e00 recvbuff 0x7f2f52a15e00 count 250 datatype 7 op 0 root 0 comm 0x7f2fd4258ff0 [nranks=4] stream 0x7f2fd424d890
[1,3]<stdout>:net-g13:38979:38991 [1] NCCL INFO AllReduce: opCount 8 sendbuff 0x7efbcea15e00 recvbuff 0x7efbcea15e00 count 250 datatype 7 op 0 root 0 comm 0x7efc60256a90 [nranks=4] stream 0x7efc6024c5e0
[1,1]<stdout>:net-g12:77489:77501 [1] NCCL INFO AllReduce: opCount 19 sendbuff 0x7fae18600000 recvbuff 0x7fae18600000 count 21584 datatype 7 op 0 root 0 comm 0x7fae8824f340 [nranks=4] stream 0x7fae882443e0
[1,0]<stdout>:net-g12:77488:77500 [0] NCCL INFO AllReduce: opCount 9 sendbuff 0x7f2f62400000 recvbuff 0x7f2f62400000 count 21584 datatype 7 op 0 root 0 comm 0x7f2fd4258ff0 [nranks=4] stream 0x7f2fd424d890
[1,2]<stdout>:net-g13:38978:38990 [0] NCCL INFO AllReduce: opCount 19 sendbuff 0x7f9937400000 recvbuff 0x7f9937400000 count 21584 datatype 7 op 0 root 0 comm 0x7f99b824e6a0 [nranks=4] stream 0x564844797a90
[1,3]<stdout>:net-g13:38979:38991 [1] NCCL INFO AllReduce: opCount 9 sendbuff 0x7efbd8800000 recvbuff 0x7efbd8800000 count 21584 datatype 7 op 0 root 0 comm 0x7efc60256a90 [nranks=4] stream 0x7efc6024c5e0
[1,1]<stdout>:net-g12:77489:77501 [1] NCCL INFO AllReduce: opCount 1a sendbuff 0x7fae18600000 recvbuff 0x7fae18600000 count 264 datatype 7 op 0 root 0 comm 0x7fae8824f340 [nranks=4] stream 0x7fae882443e0
[1,0]<stdout>:net-g12:77488:77500 [0] NCCL INFO AllReduce: opCount a sendbuff 0x7f2f62400000 recvbuff 0x7f2f62400000 count 264 datatype 7 op 0 root 0 comm 0x7f2fd4258ff0 [nranks=4] stream 0x7f2fd424d890
[1,2]<stdout>:net-g13:38978:38990 [0] NCCL INFO AllReduce: opCount 1a sendbuff 0x7f9937400000 recvbuff 0x7f9937400000 count 264 datatype 7 op 0 root 0 comm 0x7f99b824e6a0 [nranks=4] stream 0x564844797a90
[1,3]<stdout>:net-g13:38979:38991 [1] NCCL INFO AllReduce: opCount a sendbuff 0x7efbd8800000 recvbuff 0x7efbd8800000 count 264 datatype 7 op 0 root 0 comm 0x7efc60256a90 [nranks=4] stream 0x7efc6024c5e0
[1,1]<stdout>:net-g12:77489:77501 [1] NCCL INFO AllReduce: opCount 1b sendbuff 0x7fae18600000 recvbuff 0x7fae18600000 count 16584 datatype 7 op 0 root 0 comm 0x7fae8824f340 [nranks=4] stream 0x7fae882443e0
[1,0]<stdout>:net-g12:77488:77500 [0] NCCL INFO AllReduce: opCount b sendbuff 0x7f2f62400000 recvbuff 0x7f2f62400000 count 16584 datatype 7 op 0 root 0 comm 0x7f2fd4258ff0 [nranks=4] stream 0x7f2fd424d890
[1,2]<stdout>:net-g13:38978:38990 [0] NCCL INFO AllReduce: opCount 1b sendbuff 0x7f9937400000 recvbuff 0x7f9937400000 count 16584 datatype 7 op 0 root 0 comm 0x7f99b824e6a0 [nranks=4] stream 0x564844797a90
[1,3]<stdout>:net-g13:38979:38991 [1] NCCL INFO AllReduce: opCount b sendbuff 0x7efbd8800000 recvbuff 0x7efbd8800000 count 16584 datatype 7 op 0 root 0 comm 0x7efc60256a90 [nranks=4] stream 0x7efc6024c5e0
[1,1]<stdout>:net-g12:77489:77501 [1] NCCL INFO AllReduce: opCount 1c sendbuff 0x7fae18600000 recvbuff 0x7fae18600000 count 5012 datatype 7 op 0 root 0 comm 0x7fae8824f340 [nranks=4] stream 0x7fae882443e0
[1,2]<stdout>:net-g13:38978:38990 [0] NCCL INFO AllReduce: opCount 1c sendbuff 0x7f9937400000 recvbuff 0x7f9937400000 count 5012 datatype 7 op 0 root 0 comm 0x7f99b824e6a0 [nranks=4] stream 0x564844797a90
[1,0]<stdout>:net-g12:77488:77500 [0] NCCL INFO AllReduce: opCount c sendbuff 0x7f2f62400000 recvbuff 0x7f2f62400000 count 5012 datatype 7 op 0 root 0 comm 0x7f2fd4258ff0 [nranks=4] stream 0x7f2fd424d890
[1,3]<stdout>:net-g13:38979:38991 [1] NCCL INFO AllReduce: opCount c sendbuff 0x7efbd8800000 recvbuff 0x7efbd8800000 count 5012 datatype 7 op 0 root 0 comm 0x7efc60256a90 [nranks=4] stream 0x7efc6024c5e0
[1,1]<stdout>:net-g12:77489:77501 [1] NCCL INFO AllReduce: opCount 1d sendbuff 0x7fae0aa15e00 recvbuff 0x7fae0aa15e00 count 250 datatype 7 op 0 root 0 comm 0x7fae8824f340 [nranks=4] stream 0x7fae882443e0
[1,2]<stdout>:net-g13:38978:38990 [0] NCCL INFO AllReduce: opCount 1d sendbuff 0x7f995da15e00 recvbuff 0x7f995da15e00 count 250 datatype 7 op 0 root 0 comm 0x7f99b824e6a0 [nranks=4] stream 0x564844797a90
[1,0]<stdout>:net-g12:77488:77500 [0] NCCL INFO AllReduce: opCount d sendbuff 0x7f2f52a15e00 recvbuff 0x7f2f52a15e00 count 250 datatype 7 op 0 root 0 comm 0x7f2fd4258ff0 [nranks=4] stream 0x7f2fd424d890
[1,3]<stdout>:net-g13:38979:38991 [1] NCCL INFO AllReduce: opCount d sendbuff 0x7efbcea15e00 recvbuff 0x7efbcea15e00 count 250 datatype 7 op 0 root 0 comm 0x7efc60256a90 [nranks=4] stream 0x7efc6024c5e0
[1,1]<stdout>:net-g12:77489:77501 [1] NCCL INFO AllReduce: opCount 1e sendbuff 0x7fae18600000 recvbuff 0x7fae18600000 count 512 datatype 7 op 0 root 0 comm 0x7fae8824f340 [nranks=4] stream 0x7fae882443e0
[1,0]<stdout>:net-g12:77488:77500 [0] NCCL INFO AllReduce: opCount e sendbuff 0x7f2f62400000 recvbuff 0x7f2f62400000 count 512 datatype 7 op 0 root 0 comm 0x7f2fd4258ff0 [nranks=4] stream 0x7f2fd424d890
[1,2]<stdout>:net-g13:38978:38990 [0] NCCL INFO AllReduce: opCount 1e sendbuff 0x7f9937400000 recvbuff 0x7f9937400000 count 512 datatype 7 op 0 root 0 comm 0x7f99b824e6a0 [nranks=4] stream 0x564844797a90
[1,3]<stdout>:net-g13:38979:38991 [1] NCCL INFO AllReduce: opCount e sendbuff 0x7efbd8800000 recvbuff 0x7efbd8800000 count 512 datatype 7 op 0 root 0 comm 0x7efc60256a90 [nranks=4] stream 0x7efc6024c5e0
[1,0]<stdout>:net-g12:77488:77500 [0] NCCL INFO AllReduce: opCount f sendbuff 0x7f2f62400000 recvbuff 0x7f2f62400000 count 16072 datatype 7 op 0 root 0 comm 0x7f2fd4258ff0 [nranks=4] stream 0x7f2fd424d890
[1,1]<stdout>:net-g12:77489:77501 [1] NCCL INFO AllReduce: opCount 1f sendbuff 0x7fae18600000 recvbuff 0x7fae18600000 count 16072 datatype 7 op 0 root 0 comm 0x7fae8824f340 [nranks=4] stream 0x7fae882443e0
[1,3]<stdout>:net-g13:38979:38991 [1] NCCL INFO AllReduce: opCount f sendbuff 0x7efbd8800000 recvbuff 0x7efbd8800000 count 16072 datatype 7 op 0 root 0 comm 0x7efc60256a90 [nranks=4] stream 0x7efc6024c5e0
[1,2]<stdout>:net-g13:38978:38990 [0] NCCL INFO AllReduce: opCount 1f sendbuff 0x7f9937400000 recvbuff 0x7f9937400000 count 16072 datatype 7 op 0 root 0 comm 0x7f99b824e6a0 [nranks=4] stream 0x564844797a90
[1,1]<stdout>:net-g12:77489:77501 [1] NCCL INFO AllReduce: opCount 20 sendbuff 0x7fae18600000 recvbuff 0x7fae18600000 count 5012 datatype 7 op 0 root 0 comm 0x7fae8824f340 [nranks=4] stream 0x7fae882443e0
[1,3]<stdout>:net-g13:38979:38991 [1] NCCL INFO AllReduce: opCount 10 sendbuff 0x7efbd8800000 recvbuff 0x7efbd8800000 count 5012 datatype 7 op 0 root 0 comm 0x7efc60256a90 [nranks=4] stream 0x7efc6024c5e0
[1,0]<stdout>:net-g12:77488:77500 [0] NCCL INFO AllReduce: opCount 10 sendbuff 0x7f2f62400000 recvbuff 0x7f2f62400000 count 5012 datatype 7 op 0 root 0 comm 0x7f2fd4258ff0 [nranks=4] stream 0x7f2fd424d890
[1,2]<stdout>:net-g13:38978:38990 [0] NCCL INFO AllReduce: opCount 20 sendbuff 0x7f9937400000 recvbuff 0x7f9937400000 count 5012 datatype 7 op 0 root 0 comm 0x7f99b824e6a0 [nranks=4] stream 0x564844797a90
[1,1]<stdout>:net-g12:77489:77501 [1] NCCL INFO AllReduce: opCount 21 sendbuff 0x7fae0aa15e00 recvbuff 0x7fae0aa15e00 count 250 datatype 7 op 0 root 0 comm 0x7fae8824f340 [nranks=4] stream 0x7fae882443e0
[1,0]<stdout>:net-g12:77488:77500 [0] NCCL INFO AllReduce: opCount 11 sendbuff 0x7f2f52a15e00 recvbuff 0x7f2f52a15e00 count 250 datatype 7 op 0 root 0 comm 0x7f2fd4258ff0 [nranks=4] stream 0x7f2fd424d890
[1,3]<stdout>:net-g13:38979:38991 [1] NCCL INFO AllReduce: opCount 11 sendbuff 0x7efbcea15e00 recvbuff 0x7efbcea15e00 count 250 datatype 7 op 0 root 0 comm 0x7efc60256a90 [nranks=4] stream 0x7efc6024c5e0
[1,2]<stdout>:net-g13:38978:38990 [0] NCCL INFO AllReduce: opCount 21 sendbuff 0x7f995da15e00 recvbuff 0x7f995da15e00 count 250 datatype 7 op 0 root 0 comm 0x7f99b824e6a0 [nranks=4] stream 0x564844797a90
[1,1]<stdout>:net-g12:77489:77501 [1] NCCL INFO AllReduce: opCount 22 sendbuff 0x7fae18600000 recvbuff 0x7fae18600000 count 564 datatype 7 op 0 root 0 comm 0x7fae8824f340 [nranks=4] stream 0x7fae882443e0
[1,0]<stdout>:net-g12:77488:77500 [0] NCCL INFO AllReduce: opCount 12 sendbuff 0x7f2f62400000 recvbuff 0x7f2f62400000 count 564 datatype 7 op 0 root 0 comm 0x7f2fd4258ff0 [nranks=4] stream 0x7f2fd424d890
[1,2]<stdout>:net-g13:38978:38990 [0] NCCL INFO AllReduce: opCount 22 sendbuff 0x7f9937400000 recvbuff 0x7f9937400000 count 564 datatype 7 op 0 root 0 comm 0x7f99b824e6a0 [nranks=4] stream 0x564844797a90
[1,3]<stdout>:net-g13:38979:38991 [1] NCCL INFO AllReduce: opCount 12 sendbuff 0x7efbd8800000 recvbuff 0x7efbd8800000 count 564 datatype 7 op 0 root 0 comm 0x7efc60256a90 [nranks=4] stream 0x7efc6024c5e0
[1,1]<stdout>:net-g12:77489:77501 [1] NCCL INFO AllReduce: opCount 23 sendbuff 0x7fae18600000 recvbuff 0x7fae18600000 count 21284 datatype 7 op 0 root 0 comm 0x7fae8824f340 [nranks=4] stream 0x7fae882443e0
[1,0]<stdout>:net-g12:77488:77500 [0] NCCL INFO AllReduce: opCount 13 sendbuff 0x7f2f62400000 recvbuff 0x7f2f62400000 count 21284 datatype 7 op 0 root 0 comm 0x7f2fd4258ff0 [nranks=4] stream 0x7f2fd424d890
[1,3]<stdout>:net-g13:38979:38991 [1] NCCL INFO AllReduce: opCount 13 sendbuff 0x7efbd8800000 recvbuff 0x7efbd8800000 count 21284 datatype 7 op 0 root 0 comm 0x7efc60256a90 [nranks=4] stream 0x7efc6024c5e0
[1,2]<stdout>:net-g13:38978:38990 [0] NCCL INFO AllReduce: opCount 23 sendbuff 0x7f9937400000 recvbuff 0x7f9937400000 count 21284 datatype 7 op 0 root 0 comm 0x7f99b824e6a0 [nranks=4] stream 0x564844797a90
[1,1]<stdout>:net-g12:77489:77501 [1] NCCL INFO AllReduce: opCount 24 sendbuff 0x7fae18600000 recvbuff 0x7fae18600000 count 21584 datatype 7 op 0 root 0 comm 0x7fae8824f340 [nranks=4] stream 0x7fae882443e0
[1,0]<stdout>:net-g12:77488:77500 [0] NCCL INFO AllReduce: opCount 14 sendbuff 0x7f2f62400000 recvbuff 0x7f2f62400000 count 21584 datatype 7 op 0 root 0 comm 0x7f2fd4258ff0 [nranks=4] stream 0x7f2fd424d890
[1,2]<stdout>:net-g13:38978:38990 [0] NCCL INFO AllReduce: opCount 24 sendbuff 0x7f9937400000 recvbuff 0x7f9937400000 count 21584 datatype 7 op 0 root 0 comm 0x7f99b824e6a0 [nranks=4] stream 0x564844797a90
[1,3]<stdout>:net-g13:38979:38991 [1] NCCL INFO AllReduce: opCount 14 sendbuff 0x7efbd8800000 recvbuff 0x7efbd8800000 count 21584 datatype 7 op 0 root 0 comm 0x7efc60256a90 [nranks=4] stream 0x7efc6024c5e0
[1,1]<stdout>:net-g12:77489:77501 [1] NCCL INFO AllReduce: opCount 25 sendbuff 0x7fae18600000 recvbuff 0x7fae18600000 count 264 datatype 7 op 0 root 0 comm 0x7fae8824f340 [nranks=4] stream 0x7fae882443e0
[1,0]<stdout>:net-g12:77488:77500 [0] NCCL INFO AllReduce: opCount 15 sendbuff 0x7f2f62400000 recvbuff 0x7f2f62400000 count 264 datatype 7 op 0 root 0 comm 0x7f2fd4258ff0 [nranks=4] stream 0x7f2fd424d890
[1,2]<stdout>:net-g13:38978:38990 [0] NCCL INFO AllReduce: opCount 25 sendbuff 0x7f9937400000 recvbuff 0x7f9937400000 count 264 datatype 7 op 0 root 0 comm 0x7f99b824e6a0 [nranks=4] stream 0x564844797a90
[1,3]<stdout>:net-g13:38979:38991 [1] NCCL INFO AllReduce: opCount 15 sendbuff 0x7efbd8800000 recvbuff 0x7efbd8800000 count 264 datatype 7 op 0 root 0 comm 0x7efc60256a90 [nranks=4] stream 0x7efc6024c5e0
[1,1]<stdout>:net-g12:77489:77501 [1] NCCL INFO AllReduce: opCount 26 sendbuff 0x7fae18600000 recvbuff 0x7fae18600000 count 16584 datatype 7 op 0 root 0 comm 0x7fae8824f340 [nranks=4] stream 0x7fae882443e0
[1,0]<stdout>:net-g12:77488:77500 [0] NCCL INFO AllReduce: opCount 16 sendbuff 0x7f2f62400000 recvbuff 0x7f2f62400000 count 16584 datatype 7 op 0 root 0 comm 0x7f2fd4258ff0 [nranks=4] stream 0x7f2fd424d890
[1,3]<stdout>:net-g13:38979:38991 [1] NCCL INFO AllReduce: opCount 16 sendbuff 0x7efbd8800000 recvbuff 0x7efbd8800000 count 16584 datatype 7 op 0 root 0 comm 0x7efc60256a90 [nranks=4] stream 0x7efc6024c5e0
[1,2]<stdout>:net-g13:38978:38990 [0] NCCL INFO AllReduce: opCount 26 sendbuff 0x7f9937400000 recvbuff 0x7f9937400000 count 16584 datatype 7 op 0 root 0 comm 0x7f99b824e6a0 [nranks=4] stream 0x564844797a90
[1,1]<stdout>:net-g12:77489:77501 [1] NCCL INFO AllReduce: opCount 27 sendbuff 0x7fae18600000 recvbuff 0x7fae18600000 count 5264 datatype 7 op 0 root 0 comm 0x7fae8824f340 [nranks=4] stream 0x7fae882443e0
[1,0]<stdout>:net-g12:77488:77500 [0] NCCL INFO AllReduce: opCount 17 sendbuff 0x7f2f62400000 recvbuff 0x7f2f62400000 count 5264 datatype 7 op 0 root 0 comm 0x7f2fd4258ff0 [nranks=4] stream 0x7f2fd424d890
[1,3]<stdout>:net-g13:38979:38991 [1] NCCL INFO AllReduce: opCount 17 sendbuff 0x7efbd8800000 recvbuff 0x7efbd8800000 count 5264 datatype 7 op 0 root 0 comm 0x7efc60256a90 [nranks=4] stream 0x7efc6024c5e0
[1,2]<stdout>:net-g13:38978:38990 [0] NCCL INFO AllReduce: opCount 27 sendbuff 0x7f9937400000 recvbuff 0x7f9937400000 count 5264 datatype 7 op 0 root 0 comm 0x7f99b824e6a0 [nranks=4] stream 0x564844797a90
[1,1]<stdout>:net-g12:77489:77501 [1] NCCL INFO AllReduce: opCount 28 sendbuff 0x7fae18600000 recvbuff 0x7fae18600000 count 16584 datatype 7 op 0 root 0 comm 0x7fae8824f340 [nranks=4] stream 0x7fae882443e0
[1,0]<stdout>:net-g12:77488:77500 [0] NCCL INFO AllReduce: opCount 18 sendbuff 0x7f2f62400000 recvbuff 0x7f2f62400000 count 16584 datatype 7 op 0 root 0 comm 0x7f2fd4258ff0 [nranks=4] stream 0x7f2fd424d890
[1,3]<stdout>:net-g13:38979:38991 [1] NCCL INFO AllReduce: opCount 18 sendbuff 0x7efbd8800000 recvbuff 0x7efbd8800000 count 16584 datatype 7 op 0 root 0 comm 0x7efc60256a90 [nranks=4] stream 0x7efc6024c5e0
[1,2]<stdout>:net-g13:38978:38990 [0] NCCL INFO AllReduce: opCount 28 sendbuff 0x7f9937400000 recvbuff 0x7f9937400000 count 16584 datatype 7 op 0 root 0 comm 0x7f99b824e6a0 [nranks=4] stream 0x564844797a90
[1,1]<stdout>:net-g12:77489:77501 [1] NCCL INFO AllReduce: opCount 29 sendbuff 0x7fae18600000 recvbuff 0x7fae18600000 count 5264 datatype 7 op 0 root 0 comm 0x7fae8824f340 [nranks=4] stream 0x7fae882443e0
[1,0]<stdout>:net-g12:77488:77500 [0] NCCL INFO AllReduce: opCount 19 sendbuff 0x7f2f62400000 recvbuff 0x7f2f62400000 count 5264 datatype 7 op 0 root 0 comm 0x7f2fd4258ff0 [nranks=4] stream 0x7f2fd424d890
[1,2]<stdout>:net-g13:38978:38990 [0] NCCL INFO AllReduce: opCount 29 sendbuff 0x7f9937400000 recvbuff 0x7f9937400000 count 5264 datatype 7 op 0 root 0 comm 0x7f99b824e6a0 [nranks=4] stream 0x564844797a90
[1,3]<stdout>:net-g13:38979:38991 [1] NCCL INFO AllReduce: opCount 19 sendbuff 0x7efbd8800000 recvbuff 0x7efbd8800000 count 5264 datatype 7 op 0 root 0 comm 0x7efc60256a90 [nranks=4] stream 0x7efc6024c5e0
[1,3]<stdout>:Train Epoch: 1 [640/15000 (4%)]	Loss: 2.294685
[1,1]<stdout>:Train Epoch: 1 [640/15000 (4%)]	Loss: 2.289477
[1,2]<stdout>:Train Epoch: 1 [640/15000 (4%)]	Loss: 2.298300
[1,0]<stdout>:Train Epoch: 1 [640/15000 (4%)]	Loss: 2.293247
[1,1]<stdout>:net-g12:77489:77501 [1] NCCL INFO AllReduce: opCount 2a sendbuff 0x7fae18600000 recvbuff 0x7fae18600000 count 16584 datatype 7 op 0 root 0 comm 0x7fae8824f340 [nranks=4] stream 0x7fae882443e0
[1,0]<stdout>:net-g12:77488:77500 [0] NCCL INFO AllReduce: opCount 1a sendbuff 0x7f2f62400000 recvbuff 0x7f2f62400000 count 16584 datatype 7 op 0 root 0 comm 0x7f2fd4258ff0 [nranks=4] stream 0x7f2fd424d890
[1,2]<stdout>:net-g13:38978:38990 [0] NCCL INFO AllReduce: opCount 2a sendbuff 0x7f9937400000 recvbuff 0x7f9937400000 count 16584 datatype 7 op 0 root 0 comm 0x7f99b824e6a0 [nranks=4] stream 0x564844797a90
[1,3]<stdout>:net-g13:38979:38991 [1] NCCL INFO AllReduce: opCount 1a sendbuff 0x7efbd8800000 recvbuff 0x7efbd8800000 count 16584 datatype 7 op 0 root 0 comm 0x7efc60256a90 [nranks=4] stream 0x7efc6024c5e0
[1,1]<stdout>:net-g12:77489:77501 [1] NCCL INFO AllReduce: opCount 2b sendbuff 0x7fae18600000 recvbuff 0x7fae18600000 count 5264 datatype 7 op 0 root 0 comm 0x7fae8824f340 [nranks=4] stream 0x7fae882443e0
[1,0]<stdout>:net-g12:77488:77500 [0] NCCL INFO AllReduce: opCount 1b sendbuff 0x7f2f62400000 recvbuff 0x7f2f62400000 count 5264 datatype 7 op 0 root 0 comm 0x7f2fd4258ff0 [nranks=4] stream 0x7f2fd424d890
[1,2]<stdout>:net-g13:38978:38990 [0] NCCL INFO AllReduce: opCount 2b sendbuff 0x7f9937400000 recvbuff 0x7f9937400000 count 5264 datatype 7 op 0 root 0 comm 0x7f99b824e6a0 [nranks=4] stream 0x564844797a90
[1,3]<stdout>:net-g13:38979:38991 [1] NCCL INFO AllReduce: opCount 1b sendbuff 0x7efbd8800000 recvbuff 0x7efbd8800000 count 5264 datatype 7 op 0 root 0 comm 0x7efc60256a90 [nranks=4] stream 0x7efc6024c5e0
[1,1]<stdout>:net-g12:77489:77501 [1] NCCL INFO AllReduce: opCount 2c sendbuff 0x7fae18600000 recvbuff 0x7fae18600000 count 16564 datatype 7 op 0 root 0 comm 0x7fae8824f340 [nranks=4] stream 0x7fae882443e0
[1,0]<stdout>:net-g12:77488:77500 [0] NCCL INFO AllReduce: opCount 1c sendbuff 0x7f2f62400000 recvbuff 0x7f2f62400000 count 16564 datatype 7 op 0 root 0 comm 0x7f2fd4258ff0 [nranks=4] stream 0x7f2fd424d890
[1,3]<stdout>:net-g13:38979:38991 [1] NCCL INFO AllReduce: opCount 1c sendbuff 0x7efbd8800000 recvbuff 0x7efbd8800000 count 16564 datatype 7 op 0 root 0 comm 0x7efc60256a90 [nranks=4] stream 0x7efc6024c5e0
[1,2]<stdout>:net-g13:38978:38990 [0] NCCL INFO AllReduce: opCount 2c sendbuff 0x7f9937400000 recvbuff 0x7f9937400000 count 16564 datatype 7 op 0 root 0 comm 0x7f99b824e6a0 [nranks=4] stream 0x564844797a90
[1,1]<stdout>:net-g12:77489:77501 [1] NCCL INFO AllReduce: opCount 2d sendbuff 0x7fae18600000 recvbuff 0x7fae18600000 count 5032 datatype 7 op 0 root 0 comm 0x7fae8824f340 [nranks=4] stream 0x7fae882443e0
[1,0]<stdout>:net-g12:77488:77500 [0] NCCL INFO AllReduce: opCount 1d sendbuff 0x7f2f62400000 recvbuff 0x7f2f62400000 count 5032 datatype 7 op 0 root 0 comm 0x7f2fd4258ff0 [nranks=4] stream 0x7f2fd424d890
[1,3]<stdout>:net-g13:38979:38991 [1] NCCL INFO AllReduce: opCount 1d sendbuff 0x7efbd8800000 recvbuff 0x7efbd8800000 count 5032 datatype 7 op 0 root 0 comm 0x7efc60256a90 [nranks=4] stream 0x7efc6024c5e0
[1,2]<stdout>:net-g13:38978:38990 [0] NCCL INFO AllReduce: opCount 2d sendbuff 0x7f9937400000 recvbuff 0x7f9937400000 count 5032 datatype 7 op 0 root 0 comm 0x7f99b824e6a0 [nranks=4] stream 0x564844797a90
[1,1]<stdout>:net-g12:77489:77501 [1] NCCL INFO AllReduce: opCount 2e sendbuff 0x7fae0aa15e00 recvbuff 0x7fae0aa15e00 count 250 datatype 7 op 0 root 0 comm 0x7fae8824f340 [nranks=4] stream 0x7fae882443e0
[1,0]<stdout>:net-g12:77488:77500 [0] NCCL INFO AllReduce: opCount 1e sendbuff 0x7f2f52a15e00 recvbuff 0x7f2f52a15e00 count 250 datatype 7 op 0 root 0 comm 0x7f2fd4258ff0 [nranks=4] stream 0x7f2fd424d890
[1,3]<stdout>:net-g13:38979:38991 [1] NCCL INFO AllReduce: opCount 1e sendbuff 0x7efbcea15e00 recvbuff 0x7efbcea15e00 count 250 datatype 7 op 0 root 0 comm 0x7efc60256a90 [nranks=4] stream 0x7efc6024c5e0
[1,2]<stdout>:net-g13:38978:38990 [0] NCCL INFO AllReduce: opCount 2e sendbuff 0x7f995da15e00 recvbuff 0x7f995da15e00 count 250 datatype 7 op 0 root 0 comm 0x7f99b824e6a0 [nranks=4] stream 0x564844797a90
[1,1]<stdout>:net-g12:77489:77501 [1] NCCL INFO AllReduce: opCount 2f sendbuff 0x7fae18600000 recvbuff 0x7fae18600000 count 16564 datatype 7 op 0 root 0 comm 0x7fae8824f340 [nranks=4] stream 0x7fae882443e0
[1,0]<stdout>:net-g12:77488:77500 [0] NCCL INFO AllReduce: opCount 1f sendbuff 0x7f2f62400000 recvbuff 0x7f2f62400000 count 16564 datatype 7 op 0 root 0 comm 0x7f2fd4258ff0 [nranks=4] stream 0x7f2fd424d890
[1,2]<stdout>:net-g13:38978:38990 [0] NCCL INFO AllReduce: opCount 2f sendbuff 0x7f9937400000 recvbuff 0x7f9937400000 count 16564 datatype 7 op 0 root 0 comm 0x7f99b824e6a0 [nranks=4] stream 0x564844797a90
[1,3]<stdout>:net-g13:38979:38991 [1] NCCL INFO AllReduce: opCount 1f sendbuff 0x7efbd8800000 recvbuff 0x7efbd8800000 count 16564 datatype 7 op 0 root 0 comm 0x7efc60256a90 [nranks=4] stream 0x7efc6024c5e0
[1,1]<stdout>:net-g12:77489:77501 [1] NCCL INFO AllReduce: opCount 30 sendbuff 0x7fae18600000 recvbuff 0x7fae18600000 count 5284 datatype 7 op 0 root 0 comm 0x7fae8824f340 [nranks=4] stream 0x7fae882443e0
[1,0]<stdout>:net-g12:77488:77500 [0] NCCL INFO AllReduce: opCount 20 sendbuff 0x7f2f62400000 recvbuff 0x7f2f62400000 count 5284 datatype 7 op 0 root 0 comm 0x7f2fd4258ff0 [nranks=4] stream 0x7f2fd424d890
[1,2]<stdout>:net-g13:38978:38990 [0] NCCL INFO AllReduce: opCount 30 sendbuff 0x7f9937400000 recvbuff 0x7f9937400000 count 5284 datatype 7 op 0 root 0 comm 0x7f99b824e6a0 [nranks=4] stream 0x564844797a90
[1,3]<stdout>:net-g13:38979:38991 [1] NCCL INFO AllReduce: opCount 20 sendbuff 0x7efbd8800000 recvbuff 0x7efbd8800000 count 5284 datatype 7 op 0 root 0 comm 0x7efc60256a90 [nranks=4] stream 0x7efc6024c5e0
[1,1]<stdout>:net-g12:77489:77501 [1] NCCL INFO AllReduce: opCount 31 sendbuff 0x7fae18600000 recvbuff 0x7fae18600000 count 16584 datatype 7 op 0 root 0 comm 0x7fae8824f340 [nranks=4] stream 0x7fae882443e0
[1,0]<stdout>:net-g12:77488:77500 [0] NCCL INFO AllReduce: opCount 21 sendbuff 0x7f2f62400000 recvbuff 0x7f2f62400000 count 16584 datatype 7 op 0 root 0 comm 0x7f2fd4258ff0 [nranks=4] stream 0x7f2fd424d890
[1,2]<stdout>:net-g13:38978:38990 [0] NCCL INFO AllReduce: opCount 31 sendbuff 0x7f9937400000 recvbuff 0x7f9937400000 count 16584 datatype 7 op 0 root 0 comm 0x7f99b824e6a0 [nranks=4] stream 0x564844797a90
[1,3]<stdout>:net-g13:38979:38991 [1] NCCL INFO AllReduce: opCount 21 sendbuff 0x7efbd8800000 recvbuff 0x7efbd8800000 count 16584 datatype 7 op 0 root 0 comm 0x7efc60256a90 [nranks=4] stream 0x7efc6024c5e0
