[1,2]<stdout>:net-g13:38978:38990 [0] NCCL INFO AllReduce: opCount e6 sendbuff 0x7f9937400000 recvbuff 0x7f9937400000 count 5032 datatype 7 op 0 root 0 comm 0x7f99b824e6a0 [nranks=4] stream 0x564844797a90
[1,1]<stdout>:net-g12:77489:77501 [1] NCCL INFO AllReduce: opCount e7 sendbuff 0x7fae0aa15e00 recvbuff 0x7fae0aa15e00 count 250 datatype 7 op 0 root 0 comm 0x7fae8824f340 [nranks=4] stream 0x7fae882443e0
[1,3]<stdout>:net-g13:38979:38991 [1] NCCL INFO AllReduce: opCount d7 sendbuff 0x7efbcea15e00 recvbuff 0x7efbcea15e00 count 250 datatype 7 op 0 root 0 comm 0x7efc60256a90 [nranks=4] stream 0x7efc6024c5e0
[1,0]<stdout>:net-g12:77488:77500 [0] NCCL INFO AllReduce: opCount d7 sendbuff 0x7f2f52a15e00 recvbuff 0x7f2f52a15e00 count 250 datatype 7 op 0 root 0 comm 0x7f2fd4258ff0 [nranks=4] stream 0x7f2fd424d890
[1,2]<stdout>:net-g13:38978:38990 [0] NCCL INFO AllReduce: opCount e7 sendbuff 0x7f995da15e00 recvbuff 0x7f995da15e00 count 250 datatype 7 op 0 root 0 comm 0x7f99b824e6a0 [nranks=4] stream 0x564844797a90
[1,1]<stdout>:net-g12:77489:77501 [1] NCCL INFO AllReduce: opCount e8 sendbuff 0x7fae18600000 recvbuff 0x7fae18600000 count 16584 datatype 7 op 0 root 0 comm 0x7fae8824f340 [nranks=4] stream 0x7fae882443e0
[1,0]<stdout>:net-g12:77488:77500 [0] NCCL INFO AllReduce: opCount d8 sendbuff 0x7f2f62400000 recvbuff 0x7f2f62400000 count 16584 datatype 7 op 0 root 0 comm 0x7f2fd4258ff0 [nranks=4] stream 0x7f2fd424d890
[1,2]<stdout>:net-g13:38978:38990 [0] NCCL INFO AllReduce: opCount e8 sendbuff 0x7f9937400000 recvbuff 0x7f9937400000 count 16584 datatype 7 op 0 root 0 comm 0x7f99b824e6a0 [nranks=4] stream 0x564844797a90
[1,3]<stdout>:net-g13:38979:38991 [1] NCCL INFO AllReduce: opCount d8 sendbuff 0x7efbd8800000 recvbuff 0x7efbd8800000 count 16584 datatype 7 op 0 root 0 comm 0x7efc60256a90 [nranks=4] stream 0x7efc6024c5e0
[1,1]<stdout>:net-g12:77489:77501 [1] NCCL INFO AllReduce: opCount e9 sendbuff 0x7fae18600000 recvbuff 0x7fae18600000 count 5264 datatype 7 op 0 root 0 comm 0x7fae8824f340 [nranks=4] stream 0x7fae882443e0
[1,3]<stdout>:net-g13:38979:38991 [1] NCCL INFO AllReduce: opCount d9 sendbuff 0x7efbd8800000 recvbuff 0x7efbd8800000 count 5264 datatype 7 op 0 root 0 comm 0x7efc60256a90 [nranks=4] stream 0x7efc6024c5e0
[1,0]<stdout>:net-g12:77488:77500 [0] NCCL INFO AllReduce: opCount d9 sendbuff 0x7f2f62400000 recvbuff 0x7f2f62400000 count 5264 datatype 7 op 0 root 0 comm 0x7f2fd4258ff0 [nranks=4] stream 0x7f2fd424d890
[1,2]<stdout>:net-g13:38978:38990 [0] NCCL INFO AllReduce: opCount e9 sendbuff 0x7f9937400000 recvbuff 0x7f9937400000 count 5264 datatype 7 op 0 root 0 comm 0x7f99b824e6a0 [nranks=4] stream 0x564844797a90
[1,0]<stdout>:Train Epoch: 1 [5120/15000 (34%)]	Loss: 0.839755
[1,1]<stdout>:Train Epoch: 1 [5120/15000 (34%)]	Loss: 1.015213
[1,3]<stdout>:Train Epoch: 1 [5120/15000 (34%)]	Loss: 0.854579
[1,2]<stdout>:Train Epoch: 1 [5120/15000 (34%)]	Loss: 1.245685
[1,0]<stdout>:net-g12:77488:77500 [0] NCCL INFO AllReduce: opCount da sendbuff 0x7f2f62400000 recvbuff 0x7f2f62400000 count 512 datatype 7 op 0 root 0 comm 0x7f2fd4258ff0 [nranks=4] stream 0x7f2fd424d890
[1,1]<stdout>:net-g12:77489:77501 [1] NCCL INFO AllReduce: opCount ea sendbuff 0x7fae18600000 recvbuff 0x7fae18600000 count 512 datatype 7 op 0 root 0 comm 0x7fae8824f340 [nranks=4] stream 0x7fae882443e0
[1,3]<stdout>:net-g13:38979:38991 [1] NCCL INFO AllReduce: opCount da sendbuff 0x7efbd8800000 recvbuff 0x7efbd8800000 count 512 datatype 7 op 0 root 0 comm 0x7efc60256a90 [nranks=4] stream 0x7efc6024c5e0
[1,2]<stdout>:net-g13:38978:38990 [0] NCCL INFO AllReduce: opCount ea sendbuff 0x7f9937400000 recvbuff 0x7f9937400000 count 512 datatype 7 op 0 root 0 comm 0x7f99b824e6a0 [nranks=4] stream 0x564844797a90
[1,1]<stdout>:net-g12:77489:77501 [1] NCCL INFO AllReduce: opCount eb sendbuff 0x7fae18600000 recvbuff 0x7fae18600000 count 21072 datatype 7 op 0 root 0 comm 0x7fae8824f340 [nranks=4] stream 0x7fae882443e0
[1,0]<stdout>:net-g12:77488:77500 [0] NCCL INFO AllReduce: opCount db sendbuff 0x7f2f62400000 recvbuff 0x7f2f62400000 count 21072 datatype 7 op 0 root 0 comm 0x7f2fd4258ff0 [nranks=4] stream 0x7f2fd424d890
[1,3]<stdout>:net-g13:38979:38991 [1] NCCL INFO AllReduce: opCount db sendbuff 0x7efbd8800000 recvbuff 0x7efbd8800000 count 21072 datatype 7 op 0 root 0 comm 0x7efc60256a90 [nranks=4] stream 0x7efc6024c5e0
[1,2]<stdout>:net-g13:38978:38990 [0] NCCL INFO AllReduce: opCount eb sendbuff 0x7f9937400000 recvbuff 0x7f9937400000 count 21072 datatype 7 op 0 root 0 comm 0x7f99b824e6a0 [nranks=4] stream 0x564844797a90
[1,3]<stdout>:net-g13:38979:38991 [1] NCCL INFO AllReduce: opCount dc sendbuff 0x7efbd8800000 recvbuff 0x7efbd8800000 count 264 datatype 7 op 0 root 0 comm 0x7efc60256a90 [nranks=4] stream 0x7efc6024c5e0
[1,1]<stdout>:net-g12:77489:77501 [1] NCCL INFO AllReduce: opCount ec sendbuff 0x7fae18600000 recvbuff 0x7fae18600000 count 264 datatype 7 op 0 root 0 comm 0x7fae8824f340 [nranks=4] stream 0x7fae882443e0
[1,0]<stdout>:net-g12:77488:77500 [0] NCCL INFO AllReduce: opCount dc sendbuff 0x7f2f62400000 recvbuff 0x7f2f62400000 count 264 datatype 7 op 0 root 0 comm 0x7f2fd4258ff0 [nranks=4] stream 0x7f2fd424d890
[1,2]<stdout>:net-g13:38978:38990 [0] NCCL INFO AllReduce: opCount ec sendbuff 0x7f9937400000 recvbuff 0x7f9937400000 count 264 datatype 7 op 0 root 0 comm 0x7f99b824e6a0 [nranks=4] stream 0x564844797a90
[1,1]<stdout>:net-g12:77489:77501 [1] NCCL INFO AllReduce: opCount ed sendbuff 0x7fae18600000 recvbuff 0x7fae18600000 count 512 datatype 7 op 0 root 0 comm 0x7fae8824f340 [nranks=4] stream 0x7fae882443e0
[1,0]<stdout>:net-g12:77488:77500 [0] NCCL INFO AllReduce: opCount dd sendbuff 0x7f2f62400000 recvbuff 0x7f2f62400000 count 512 datatype 7 op 0 root 0 comm 0x7f2fd4258ff0 [nranks=4] stream 0x7f2fd424d890
[1,2]<stdout>:net-g13:38978:38990 [0] NCCL INFO AllReduce: opCount ed sendbuff 0x7f9937400000 recvbuff 0x7f9937400000 count 512 datatype 7 op 0 root 0 comm 0x7f99b824e6a0 [nranks=4] stream 0x564844797a90
[1,3]<stdout>:net-g13:38979:38991 [1] NCCL INFO AllReduce: opCount dd sendbuff 0x7efbd8800000 recvbuff 0x7efbd8800000 count 512 datatype 7 op 0 root 0 comm 0x7efc60256a90 [nranks=4] stream 0x7efc6024c5e0
[1,1]<stdout>:net-g12:77489:77501 [1] NCCL INFO AllReduce: opCount ee sendbuff 0x7fae18600000 recvbuff 0x7fae18600000 count 16072 datatype 7 op 0 root 0 comm 0x7fae8824f340 [nranks=4] stream 0x7fae882443e0
[1,0]<stdout>:net-g12:77488:77500 [0] NCCL INFO AllReduce: opCount de sendbuff 0x7f2f62400000 recvbuff 0x7f2f62400000 count 16072 datatype 7 op 0 root 0 comm 0x7f2fd4258ff0 [nranks=4] stream 0x7f2fd424d890
[1,3]<stdout>:net-g13:38979:38991 [1] NCCL INFO AllReduce: opCount de sendbuff 0x7efbd8800000 recvbuff 0x7efbd8800000 count 16072 datatype 7 op 0 root 0 comm 0x7efc60256a90 [nranks=4] stream 0x7efc6024c5e0
[1,2]<stdout>:net-g13:38978:38990 [0] NCCL INFO AllReduce: opCount ee sendbuff 0x7f9937400000 recvbuff 0x7f9937400000 count 16072 datatype 7 op 0 root 0 comm 0x7f99b824e6a0 [nranks=4] stream 0x564844797a90
[1,1]<stdout>:net-g12:77489:77501 [1] NCCL INFO AllReduce: opCount ef sendbuff 0x7fae18600000 recvbuff 0x7fae18600000 count 5264 datatype 7 op 0 root 0 comm 0x7fae8824f340 [nranks=4] stream 0x7fae882443e0
[1,3]<stdout>:net-g13:38979:38991 [1] NCCL INFO AllReduce: opCount df sendbuff 0x7efbd8800000 recvbuff 0x7efbd8800000 count 5264 datatype 7 op 0 root 0 comm 0x7efc60256a90 [nranks=4] stream 0x7efc6024c5e0
[1,0]<stdout>:net-g12:77488:77500 [0] NCCL INFO AllReduce: opCount df sendbuff 0x7f2f62400000 recvbuff 0x7f2f62400000 count 5264 datatype 7 op 0 root 0 comm 0x7f2fd4258ff0 [nranks=4] stream 0x7f2fd424d890
[1,2]<stdout>:net-g13:38978:38990 [0] NCCL INFO AllReduce: opCount ef sendbuff 0x7f9937400000 recvbuff 0x7f9937400000 count 5264 datatype 7 op 0 root 0 comm 0x7f99b824e6a0 [nranks=4] stream 0x564844797a90
[1,1]<stdout>:net-g12:77489:77501 [1] NCCL INFO AllReduce: opCount f0 sendbuff 0x7fae0aa2ba00 recvbuff 0x7fae0aa2ba00 count 10 datatype 7 op 0 root 0 comm 0x7fae8824f340 [nranks=4] stream 0x7fae882443e0
[1,0]<stdout>:net-g12:77488:77500 [0] NCCL INFO AllReduce: opCount e0 sendbuff 0x7f2f52a2ba00 recvbuff 0x7f2f52a2ba00 count 10 datatype 7 op 0 root 0 comm 0x7f2fd4258ff0 [nranks=4] stream 0x7f2fd424d890
[1,3]<stdout>:net-g13:38979:38991 [1] NCCL INFO AllReduce: opCount e0 sendbuff 0x7efbcea2ba00 recvbuff 0x7efbcea2ba00 count 10 datatype 7 op 0 root 0 comm 0x7efc60256a90 [nranks=4] stream 0x7efc6024c5e0
[1,2]<stdout>:net-g13:38978:38990 [0] NCCL INFO AllReduce: opCount f0 sendbuff 0x7f995da2ba00 recvbuff 0x7f995da2ba00 count 10 datatype 7 op 0 root 0 comm 0x7f99b824e6a0 [nranks=4] stream 0x564844797a90
[1,1]<stdout>:net-g12:77489:77501 [1] NCCL INFO AllReduce: opCount f1 sendbuff 0x7fae18600000 recvbuff 0x7fae18600000 count 16572 datatype 7 op 0 root 0 comm 0x7fae8824f340 [nranks=4] stream 0x7fae882443e0
[1,0]<stdout>:net-g12:77488:77500 [0] NCCL INFO AllReduce: opCount e1 sendbuff 0x7f2f62400000 recvbuff 0x7f2f62400000 count 16572 datatype 7 op 0 root 0 comm 0x7f2fd4258ff0 [nranks=4] stream 0x7f2fd424d890
[1,3]<stdout>:net-g13:38979:38991 [1] NCCL INFO AllReduce: opCount e1 sendbuff 0x7efbd8800000 recvbuff 0x7efbd8800000 count 16572 datatype 7 op 0 root 0 comm 0x7efc60256a90 [nranks=4] stream 0x7efc6024c5e0
[1,2]<stdout>:net-g13:38978:38990 [0] NCCL INFO AllReduce: opCount f1 sendbuff 0x7f9937400000 recvbuff 0x7f9937400000 count 16572 datatype 7 op 0 root 0 comm 0x7f99b824e6a0 [nranks=4] stream 0x564844797a90
[1,1]<stdout>:net-g12:77489:77501 [1] NCCL INFO AllReduce: opCount f2 sendbuff 0x7fae18600000 recvbuff 0x7fae18600000 count 5012 datatype 7 op 0 root 0 comm 0x7fae8824f340 [nranks=4] stream 0x7fae882443e0
[1,3]<stdout>:net-g13:38979:38991 [1] NCCL INFO AllReduce: opCount e2 sendbuff 0x7efbd8800000 recvbuff 0x7efbd8800000 count 5012 datatype 7 op 0 root 0 comm 0x7efc60256a90 [nranks=4] stream 0x7efc6024c5e0
[1,0]<stdout>:net-g12:77488:77500 [0] NCCL INFO AllReduce: opCount e2 sendbuff 0x7f2f62400000 recvbuff 0x7f2f62400000 count 5012 datatype 7 op 0 root 0 comm 0x7f2fd4258ff0 [nranks=4] stream 0x7f2fd424d890
[1,2]<stdout>:net-g13:38978:38990 [0] NCCL INFO AllReduce: opCount f2 sendbuff 0x7f9937400000 recvbuff 0x7f9937400000 count 5012 datatype 7 op 0 root 0 comm 0x7f99b824e6a0 [nranks=4] stream 0x564844797a90
[1,1]<stdout>:net-g12:77489:77501 [1] NCCL INFO AllReduce: opCount f3 sendbuff 0x7fae0aa15e00 recvbuff 0x7fae0aa15e00 count 250 datatype 7 op 0 root 0 comm 0x7fae8824f340 [nranks=4] stream 0x7fae882443e0
[1,3]<stdout>:net-g13:38979:38991 [1] NCCL INFO AllReduce: opCount e3 sendbuff 0x7efbcea15e00 recvbuff 0x7efbcea15e00 count 250 datatype 7 op 0 root 0 comm 0x7efc60256a90 [nranks=4] stream 0x7efc6024c5e0
[1,2]<stdout>:net-g13:38978:38990 [0] NCCL INFO AllReduce: opCount f3 sendbuff 0x7f995da15e00 recvbuff 0x7f995da15e00 count 250 datatype 7 op 0 root 0 comm 0x7f99b824e6a0 [nranks=4] stream 0x564844797a90
[1,0]<stdout>:net-g12:77488:77500 [0] NCCL INFO AllReduce: opCount e3 sendbuff 0x7f2f52a15e00 recvbuff 0x7f2f52a15e00 count 250 datatype 7 op 0 root 0 comm 0x7f2fd4258ff0 [nranks=4] stream 0x7f2fd424d890
[1,1]<stdout>:net-g12:77489:77501 [1] NCCL INFO AllReduce: opCount f4 sendbuff 0x7fae18600000 recvbuff 0x7fae18600000 count 16584 datatype 7 op 0 root 0 comm 0x7fae8824f340 [nranks=4] stream 0x7fae882443e0
[1,0]<stdout>:net-g12:77488:77500 [0] NCCL INFO AllReduce: opCount e4 sendbuff 0x7f2f62400000 recvbuff 0x7f2f62400000 count 16584 datatype 7 op 0 root 0 comm 0x7f2fd4258ff0 [nranks=4] stream 0x7f2fd424d890
[1,3]<stdout>:net-g13:38979:38991 [1] NCCL INFO AllReduce: opCount e4 sendbuff 0x7efbd8800000 recvbuff 0x7efbd8800000 count 16584 datatype 7 op 0 root 0 comm 0x7efc60256a90 [nranks=4] stream 0x7efc6024c5e0
[1,2]<stdout>:net-g13:38978:38990 [0] NCCL INFO AllReduce: opCount f4 sendbuff 0x7f9937400000 recvbuff 0x7f9937400000 count 16584 datatype 7 op 0 root 0 comm 0x7f99b824e6a0 [nranks=4] stream 0x564844797a90
[1,1]<stdout>:net-g12:77489:77501 [1] NCCL INFO AllReduce: opCount f5 sendbuff 0x7fae18600000 recvbuff 0x7fae18600000 count 5264 datatype 7 op 0 root 0 comm 0x7fae8824f340 [nranks=4] stream 0x7fae882443e0
[1,3]<stdout>:net-g13:38979:38991 [1] NCCL INFO AllReduce: opCount e5 sendbuff 0x7efbd8800000 recvbuff 0x7efbd8800000 count 5264 datatype 7 op 0 root 0 comm 0x7efc60256a90 [nranks=4] stream 0x7efc6024c5e0
[1,0]<stdout>:net-g12:77488:77500 [0] NCCL INFO AllReduce: opCount e5 sendbuff 0x7f2f62400000 recvbuff 0x7f2f62400000 count 5264 datatype 7 op 0 root 0 comm 0x7f2fd4258ff0 [nranks=4] stream 0x7f2fd424d890
[1,2]<stdout>:net-g13:38978:38990 [0] NCCL INFO AllReduce: opCount f5 sendbuff 0x7f9937400000 recvbuff 0x7f9937400000 count 5264 datatype 7 op 0 root 0 comm 0x7f99b824e6a0 [nranks=4] stream 0x564844797a90
[1,1]<stdout>:net-g12:77489:77501 [1] NCCL INFO AllReduce: opCount f6 sendbuff 0x7fae18600000 recvbuff 0x7fae18600000 count 512 datatype 7 op 0 root 0 comm 0x7fae8824f340 [nranks=4] stream 0x7fae882443e0
[1,0]<stdout>:net-g12:77488:77500 [0] NCCL INFO AllReduce: opCount e6 sendbuff 0x7f2f62400000 recvbuff 0x7f2f62400000 count 512 datatype 7 op 0 root 0 comm 0x7f2fd4258ff0 [nranks=4] stream 0x7f2fd424d890
[1,2]<stdout>:net-g13:38978:38990 [0] NCCL INFO AllReduce: opCount f6 sendbuff 0x7f9937400000 recvbuff 0x7f9937400000 count 512 datatype 7 op 0 root 0 comm 0x7f99b824e6a0 [nranks=4] stream 0x564844797a90
[1,3]<stdout>:net-g13:38979:38991 [1] NCCL INFO AllReduce: opCount e6 sendbuff 0x7efbd8800000 recvbuff 0x7efbd8800000 count 512 datatype 7 op 0 root 0 comm 0x7efc60256a90 [nranks=4] stream 0x7efc6024c5e0
[1,1]<stdout>:net-g12:77489:77501 [1] NCCL INFO AllReduce: opCount f7 sendbuff 0x7fae18600000 recvbuff 0x7fae18600000 count 16072 datatype 7 op 0 root 0 comm 0x7fae8824f340 [nranks=4] stream 0x7fae882443e0
[1,0]<stdout>:net-g12:77488:77500 [0] NCCL INFO AllReduce: opCount e7 sendbuff 0x7f2f62400000 recvbuff 0x7f2f62400000 count 16072 datatype 7 op 0 root 0 comm 0x7f2fd4258ff0 [nranks=4] stream 0x7f2fd424d890
[1,3]<stdout>:net-g13:38979:38991 [1] NCCL INFO AllReduce: opCount e7 sendbuff 0x7efbd8800000 recvbuff 0x7efbd8800000 count 16072 datatype 7 op 0 root 0 comm 0x7efc60256a90 [nranks=4] stream 0x7efc6024c5e0
[1,2]<stdout>:net-g13:38978:38990 [0] NCCL INFO AllReduce: opCount f7 sendbuff 0x7f9937400000 recvbuff 0x7f9937400000 count 16072 datatype 7 op 0 root 0 comm 0x7f99b824e6a0 [nranks=4] stream 0x564844797a90
[1,1]<stdout>:net-g12:77489:77501 [1] NCCL INFO AllReduce: opCount f8 sendbuff 0x7fae18600000 recvbuff 0x7fae18600000 count 5264 datatype 7 op 0 root 0 comm 0x7fae8824f340 [nranks=4] stream 0x7fae882443e0
[1,3]<stdout>:net-g13:38979:38991 [1] NCCL INFO AllReduce: opCount e8 sendbuff 0x7efbd8800000 recvbuff 0x7efbd8800000 count 5264 datatype 7 op 0 root 0 comm 0x7efc60256a90 [nranks=4] stream 0x7efc6024c5e0
[1,0]<stdout>:net-g12:77488:77500 [0] NCCL INFO AllReduce: opCount e8 sendbuff 0x7f2f62400000 recvbuff 0x7f2f62400000 count 5264 datatype 7 op 0 root 0 comm 0x7f2fd4258ff0 [nranks=4] stream 0x7f2fd424d890
[1,2]<stdout>:net-g13:38978:38990 [0] NCCL INFO AllReduce: opCount f8 sendbuff 0x7f9937400000 recvbuff 0x7f9937400000 count 5264 datatype 7 op 0 root 0 comm 0x7f99b824e6a0 [nranks=4] stream 0x564844797a90
[1,1]<stdout>:net-g12:77489:77501 [1] NCCL INFO AllReduce: opCount f9 sendbuff 0x7fae18600000 recvbuff 0x7fae18600000 count 16584 datatype 7 op 0 root 0 comm 0x7fae8824f340 [nranks=4] stream 0x7fae882443e0
[1,0]<stdout>:net-g12:77488:77500 [0] NCCL INFO AllReduce: opCount e9 sendbuff 0x7f2f62400000 recvbuff 0x7f2f62400000 count 16584 datatype 7 op 0 root 0 comm 0x7f2fd4258ff0 [nranks=4] stream 0x7f2fd424d890
[1,3]<stdout>:net-g13:38979:38991 [1] NCCL INFO AllReduce: opCount e9 sendbuff 0x7efbd8800000 recvbuff 0x7efbd8800000 count 16584 datatype 7 op 0 root 0 comm 0x7efc60256a90 [nranks=4] stream 0x7efc6024c5e0
[1,2]<stdout>:net-g13:38978:38990 [0] NCCL INFO AllReduce: opCount f9 sendbuff 0x7f9937400000 recvbuff 0x7f9937400000 count 16584 datatype 7 op 0 root 0 comm 0x7f99b824e6a0 [nranks=4] stream 0x564844797a90
[1,1]<stdout>:net-g12:77489:77501 [1] NCCL INFO AllReduce: opCount fa sendbuff 0x7fae18600000 recvbuff 0x7fae18600000 count 5012 datatype 7 op 0 root 0 comm 0x7fae8824f340 [nranks=4] stream 0x7fae882443e0
[1,0]<stdout>:net-g12:77488:77500 [0] NCCL INFO AllReduce: opCount ea sendbuff 0x7f2f62400000 recvbuff 0x7f2f62400000 count 5012 datatype 7 op 0 root 0 comm 0x7f2fd4258ff0 [nranks=4] stream 0x7f2fd424d890
[1,3]<stdout>:net-g13:38979:38991 [1] NCCL INFO AllReduce: opCount ea sendbuff 0x7efbd8800000 recvbuff 0x7efbd8800000 count 5012 datatype 7 op 0 root 0 comm 0x7efc60256a90 [nranks=4] stream 0x7efc6024c5e0
[1,2]<stdout>:net-g13:38978:38990 [0] NCCL INFO AllReduce: opCount fa sendbuff 0x7f9937400000 recvbuff 0x7f9937400000 count 5012 datatype 7 op 0 root 0 comm 0x7f99b824e6a0 [nranks=4] stream 0x564844797a90
[1,1]<stdout>:net-g12:77489:77501 [1] NCCL INFO AllReduce: opCount fb sendbuff 0x7fae0aa15e00 recvbuff 0x7fae0aa15e00 count 250 datatype 7 op 0 root 0 comm 0x7fae8824f340 [nranks=4] stream 0x7fae882443e0
[1,3]<stdout>:net-g13:38979:38991 [1] NCCL INFO AllReduce: opCount eb sendbuff 0x7efbcea15e00 recvbuff 0x7efbcea15e00 count 250 datatype 7 op 0 root 0 comm 0x7efc60256a90 [nranks=4] stream 0x7efc6024c5e0
[1,0]<stdout>:net-g12:77488:77500 [0] NCCL INFO AllReduce: opCount eb sendbuff 0x7f2f52a15e00 recvbuff 0x7f2f52a15e00 count 250 datatype 7 op 0 root 0 comm 0x7f2fd4258ff0 [nranks=4] stream 0x7f2fd424d890
[1,2]<stdout>:net-g13:38978:38990 [0] NCCL INFO AllReduce: opCount fb sendbuff 0x7f995da15e00 recvbuff 0x7f995da15e00 count 250 datatype 7 op 0 root 0 comm 0x7f99b824e6a0 [nranks=4] stream 0x564844797a90
[1,0]<stdout>:net-g12:77488:77500 [0] NCCL INFO AllReduce: opCount ec sendbuff 0x7f2f62400000 recvbuff 0x7f2f62400000 count 512 datatype 7 op 0 root 0 comm 0x7f2fd4258ff0 [nranks=4] stream 0x7f2fd424d890
[1,1]<stdout>:net-g12:77489:77501 [1] NCCL INFO AllReduce: opCount fc sendbuff 0x7fae18600000 recvbuff 0x7fae18600000 count 512 datatype 7 op 0 root 0 comm 0x7fae8824f340 [nranks=4] stream 0x7fae882443e0
[1,3]<stdout>:net-g13:38979:38991 [1] NCCL INFO AllReduce: opCount ec sendbuff 0x7efbd8800000 recvbuff 0x7efbd8800000 count 512 datatype 7 op 0 root 0 comm 0x7efc60256a90 [nranks=4] stream 0x7efc6024c5e0
[1,2]<stdout>:net-g13:38978:38990 [0] NCCL INFO AllReduce: opCount fc sendbuff 0x7f9937400000 recvbuff 0x7f9937400000 count 512 datatype 7 op 0 root 0 comm 0x7f99b824e6a0 [nranks=4] stream 0x564844797a90
[1,1]<stdout>:net-g12:77489:77501 [1] NCCL INFO AllReduce: opCount fd sendbuff 0x7fae18600000 recvbuff 0x7fae18600000 count 16072 datatype 7 op 0 root 0 comm 0x7fae8824f340 [nranks=4] stream 0x7fae882443e0
[1,0]<stdout>:net-g12:77488:77500 [0] NCCL INFO AllReduce: opCount ed sendbuff 0x7f2f62400000 recvbuff 0x7f2f62400000 count 16072 datatype 7 op 0 root 0 comm 0x7f2fd4258ff0 [nranks=4] stream 0x7f2fd424d890
[1,3]<stdout>:net-g13:38979:38991 [1] NCCL INFO AllReduce: opCount ed sendbuff 0x7efbd8800000 recvbuff 0x7efbd8800000 count 16072 datatype 7 op 0 root 0 comm 0x7efc60256a90 [nranks=4] stream 0x7efc6024c5e0
[1,2]<stdout>:net-g13:38978:38990 [0] NCCL INFO AllReduce: opCount fd sendbuff 0x7f9937400000 recvbuff 0x7f9937400000 count 16072 datatype 7 op 0 root 0 comm 0x7f99b824e6a0 [nranks=4] stream 0x564844797a90
[1,3]<stdout>:net-g13:38979:38991 [1] NCCL INFO AllReduce: opCount ee sendbuff 0x7efbd8800000 recvbuff 0x7efbd8800000 count 5264 datatype 7 op 0 root 0 comm 0x7efc60256a90 [nranks=4] stream 0x7efc6024c5e0
[1,1]<stdout>:net-g12:77489:77501 [1] NCCL INFO AllReduce: opCount fe sendbuff 0x7fae18600000 recvbuff 0x7fae18600000 count 5264 datatype 7 op 0 root 0 comm 0x7fae8824f340 [nranks=4] stream 0x7fae882443e0
[1,0]<stdout>:net-g12:77488:77500 [0] NCCL INFO AllReduce: opCount ee sendbuff 0x7f2f62400000 recvbuff 0x7f2f62400000 count 5264 datatype 7 op 0 root 0 comm 0x7f2fd4258ff0 [nranks=4] stream 0x7f2fd424d890
[1,2]<stdout>:net-g13:38978:38990 [0] NCCL INFO AllReduce: opCount fe sendbuff 0x7f9937400000 recvbuff 0x7f9937400000 count 5264 datatype 7 op 0 root 0 comm 0x7f99b824e6a0 [nranks=4] stream 0x564844797a90
[1,1]<stdout>:net-g12:77489:77501 [1] NCCL INFO AllReduce: opCount ff sendbuff 0x7fae18600000 recvbuff 0x7fae18600000 count 16564 datatype 7 op 0 root 0 comm 0x7fae8824f340 [nranks=4] stream 0x7fae882443e0
[1,0]<stdout>:net-g12:77488:77500 [0] NCCL INFO AllReduce: opCount ef sendbuff 0x7f2f62400000 recvbuff 0x7f2f62400000 count 16564 datatype 7 op 0 root 0 comm 0x7f2fd4258ff0 [nranks=4] stream 0x7f2fd424d890
[1,3]<stdout>:net-g13:38979:38991 [1] NCCL INFO AllReduce: opCount ef sendbuff 0x7efbd8800000 recvbuff 0x7efbd8800000 count 16564 datatype 7 op 0 root 0 comm 0x7efc60256a90 [nranks=4] stream 0x7efc6024c5e0
[1,2]<stdout>:net-g13:38978:38990 [0] NCCL INFO AllReduce: opCount ff sendbuff 0x7f9937400000 recvbuff 0x7f9937400000 count 16564 datatype 7 op 0 root 0 comm 0x7f99b824e6a0 [nranks=4] stream 0x564844797a90
[1,1]<stdout>:net-g12:77489:77501 [1] NCCL INFO AllReduce: opCount 100 sendbuff 0x7fae18600000 recvbuff 0x7fae18600000 count 5284 datatype 7 op 0 root 0 comm 0x7fae8824f340 [nranks=4] stream 0x7fae882443e0
[1,0]<stdout>:net-g12:77488:77500 [0] NCCL INFO AllReduce: opCount f0 sendbuff 0x7f2f62400000 recvbuff 0x7f2f62400000 count 5284 datatype 7 op 0 root 0 comm 0x7f2fd4258ff0 [nranks=4] stream 0x7f2fd424d890
[1,3]<stdout>:net-g13:38979:38991 [1] NCCL INFO AllReduce: opCount f0 sendbuff 0x7efbd8800000 recvbuff 0x7efbd8800000 count 5284 datatype 7 op 0 root 0 comm 0x7efc60256a90 [nranks=4] stream 0x7efc6024c5e0
[1,2]<stdout>:net-g13:38978:38990 [0] NCCL INFO AllReduce: opCount 100 sendbuff 0x7f9937400000 recvbuff 0x7f9937400000 count 5284 datatype 7 op 0 root 0 comm 0x7f99b824e6a0 [nranks=4] stream 0x564844797a90
[1,1]<stdout>:net-g12:77489:77501 [1] NCCL INFO AllReduce: opCount 101 sendbuff 0x7fae18600000 recvbuff 0x7fae18600000 count 564 datatype 7 op 0 root 0 comm 0x7fae8824f340 [nranks=4] stream 0x7fae882443e0
[1,0]<stdout>:net-g12:77488:77500 [0] NCCL INFO AllReduce: opCount f1 sendbuff 0x7f2f62400000 recvbuff 0x7f2f62400000 count 564 datatype 7 op 0 root 0 comm 0x7f2fd4258ff0 [nranks=4] stream 0x7f2fd424d890
[1,2]<stdout>:net-g13:38978:38990 [0] NCCL INFO AllReduce: opCount 101 sendbuff 0x7f9937400000 recvbuff 0x7f9937400000 count 564 datatype 7 op 0 root 0 comm 0x7f99b824e6a0 [nranks=4] stream 0x564844797a90
[1,3]<stdout>:net-g13:38979:38991 [1] NCCL INFO AllReduce: opCount f1 sendbuff 0x7efbd8800000 recvbuff 0x7efbd8800000 count 564 datatype 7 op 0 root 0 comm 0x7efc60256a90 [nranks=4] stream 0x7efc6024c5e0
[1,1]<stdout>:net-g12:77489:77501 [1] NCCL INFO AllReduce: opCount 102 sendbuff 0x7fae18600000 recvbuff 0x7fae18600000 count 21020 datatype 7 op 0 root 0 comm 0x7fae8824f340 [nranks=4] stream 0x7fae882443e0
[1,0]<stdout>:net-g12:77488:77500 [0] NCCL INFO AllReduce: opCount f2 sendbuff 0x7f2f62400000 recvbuff 0x7f2f62400000 count 21020 datatype 7 op 0 root 0 comm 0x7f2fd4258ff0 [nranks=4] stream 0x7f2fd424d890
[1,3]<stdout>:net-g13:38979:38991 [1] NCCL INFO AllReduce: opCount f2 sendbuff 0x7efbd8800000 recvbuff 0x7efbd8800000 count 21020 datatype 7 op 0 root 0 comm 0x7efc60256a90 [nranks=4] stream 0x7efc6024c5e0
[1,2]<stdout>:net-g13:38978:38990 [0] NCCL INFO AllReduce: opCount 102 sendbuff 0x7f9937400000 recvbuff 0x7f9937400000 count 21020 datatype 7 op 0 root 0 comm 0x7f99b824e6a0 [nranks=4] stream 0x564844797a90
[1,3]<stdout>:net-g13:38979:38991 [1] NCCL INFO AllReduce: opCount f3 sendbuff 0x7efbd8800000 recvbuff 0x7efbd8800000 count 264 datatype 7 op 0 root 0 comm 0x7efc60256a90 [nranks=4] stream 0x7efc6024c5e0
[1,1]<stdout>:net-g12:77489:77501 [1] NCCL INFO AllReduce: opCount 103 sendbuff 0x7fae18600000 recvbuff 0x7fae18600000 count 264 datatype 7 op 0 root 0 comm 0x7fae8824f340 [nranks=4] stream 0x7fae882443e0
[1,0]<stdout>:net-g12:77488:77500 [0] NCCL INFO AllReduce: opCount f3 sendbuff 0x7f2f62400000 recvbuff 0x7f2f62400000 count 264 datatype 7 op 0 root 0 comm 0x7f2fd4258ff0 [nranks=4] stream 0x7f2fd424d890
[1,2]<stdout>:net-g13:38978:38990 [0] NCCL INFO AllReduce: opCount 103 sendbuff 0x7f9937400000 recvbuff 0x7f9937400000 count 264 datatype 7 op 0 root 0 comm 0x7f99b824e6a0 [nranks=4] stream 0x564844797a90
[1,1]<stdout>:net-g12:77489:77501 [1] NCCL INFO AllReduce: opCount 104 sendbuff 0x7fae18600000 recvbuff 0x7fae18600000 count 16564 datatype 7 op 0 root 0 comm 0x7fae8824f340 [nranks=4] stream 0x7fae882443e0
[1,0]<stdout>:net-g12:77488:77500 [0] NCCL INFO AllReduce: opCount f4 sendbuff 0x7f2f62400000 recvbuff 0x7f2f62400000 count 16564 datatype 7 op 0 root 0 comm 0x7f2fd4258ff0 [nranks=4] stream 0x7f2fd424d890
[1,2]<stdout>:net-g13:38978:38990 [0] NCCL INFO AllReduce: opCount 104 sendbuff 0x7f9937400000 recvbuff 0x7f9937400000 count 16564 datatype 7 op 0 root 0 comm 0x7f99b824e6a0 [nranks=4] stream 0x564844797a90
[1,3]<stdout>:net-g13:38979:38991 [1] NCCL INFO AllReduce: opCount f4 sendbuff 0x7efbd8800000 recvbuff 0x7efbd8800000 count 16564 datatype 7 op 0 root 0 comm 0x7efc60256a90 [nranks=4] stream 0x7efc6024c5e0
[1,1]<stdout>:net-g12:77489:77501 [1] NCCL INFO AllReduce: opCount 105 sendbuff 0x7fae18600000 recvbuff 0x7fae18600000 count 5020 datatype 7 op 0 root 0 comm 0x7fae8824f340 [nranks=4] stream 0x7fae882443e0
[1,0]<stdout>:net-g12:77488:77500 [0] NCCL INFO AllReduce: opCount f5 sendbuff 0x7f2f62400000 recvbuff 0x7f2f62400000 count 5020 datatype 7 op 0 root 0 comm 0x7f2fd4258ff0 [nranks=4] stream 0x7f2fd424d890
[1,3]<stdout>:net-g13:38979:38991 [1] NCCL INFO AllReduce: opCount f5 sendbuff 0x7efbd8800000 recvbuff 0x7efbd8800000 count 5020 datatype 7 op 0 root 0 comm 0x7efc60256a90 [nranks=4] stream 0x7efc6024c5e0
[1,2]<stdout>:net-g13:38978:38990 [0] NCCL INFO AllReduce: opCount 105 sendbuff 0x7f9937400000 recvbuff 0x7f9937400000 count 5020 datatype 7 op 0 root 0 comm 0x7f99b824e6a0 [nranks=4] stream 0x564844797a90
[1,1]<stdout>:net-g12:77489:77501 [1] NCCL INFO AllReduce: opCount 106 sendbuff 0x7fae18600000 recvbuff 0x7fae18600000 count 264 datatype 7 op 0 root 0 comm 0x7fae8824f340 [nranks=4] stream 0x7fae882443e0
[1,0]<stdout>:net-g12:77488:77500 [0] NCCL INFO AllReduce: opCount f6 sendbuff 0x7f2f62400000 recvbuff 0x7f2f62400000 count 264 datatype 7 op 0 root 0 comm 0x7f2fd4258ff0 [nranks=4] stream 0x7f2fd424d890
[1,3]<stdout>:net-g13:38979:38991 [1] NCCL INFO AllReduce: opCount f6 sendbuff 0x7efbd8800000 recvbuff 0x7efbd8800000 count 264 datatype 7 op 0 root 0 comm 0x7efc60256a90 [nranks=4] stream 0x7efc6024c5e0
[1,2]<stdout>:net-g13:38978:38990 [0] NCCL INFO AllReduce: opCount 106 sendbuff 0x7f9937400000 recvbuff 0x7f9937400000 count 264 datatype 7 op 0 root 0 comm 0x7f99b824e6a0 [nranks=4] stream 0x564844797a90
[1,3]<stdout>:Train Epoch: 1 [5760/15000 (38%)]	Loss: 0.819225
[1,1]<stdout>:Train Epoch: 1 [5760/15000 (38%)]	Loss: 0.830383
[1,0]<stdout>:Train Epoch: 1 [5760/15000 (38%)]	Loss: 0.868754
[1,2]<stdout>:Train Epoch: 1 [5760/15000 (38%)]	Loss: 0.825696
[1,1]<stdout>:net-g12:77489:77501 [1] NCCL INFO AllReduce: opCount 107 sendbuff 0x7fae18600000 recvbuff 0x7fae18600000 count 512 datatype 7 op 0 root 0 comm 0x7fae8824f340 [nranks=4] stream 0x7fae882443e0
[1,0]<stdout>:net-g12:77488:77500 [0] NCCL INFO AllReduce: opCount f7 sendbuff 0x7f2f62400000 recvbuff 0x7f2f62400000 count 512 datatype 7 op 0 root 0 comm 0x7f2fd4258ff0 [nranks=4] stream 0x7f2fd424d890
[1,3]<stdout>:net-g13:38979:38991 [1] NCCL INFO AllReduce: opCount f7 sendbuff 0x7efbd8800000 recvbuff 0x7efbd8800000 count 512 datatype 7 op 0 root 0 comm 0x7efc60256a90 [nranks=4] stream 0x7efc6024c5e0
[1,2]<stdout>:net-g13:38978:38990 [0] NCCL INFO AllReduce: opCount 107 sendbuff 0x7f9937400000 recvbuff 0x7f9937400000 count 512 datatype 7 op 0 root 0 comm 0x7f99b824e6a0 [nranks=4] stream 0x564844797a90
[1,1]<stdout>:net-g12:77489:77501 [1] NCCL INFO AllReduce: opCount 108 sendbuff 0x7fae18600000 recvbuff 0x7fae18600000 count 16072 datatype 7 op 0 root 0 comm 0x7fae8824f340 [nranks=4] stream 0x7fae882443e0
[1,0]<stdout>:net-g12:77488:77500 [0] NCCL INFO AllReduce: opCount f8 sendbuff 0x7f2f62400000 recvbuff 0x7f2f62400000 count 16072 datatype 7 op 0 root 0 comm 0x7f2fd4258ff0 [nranks=4] stream 0x7f2fd424d890
[1,3]<stdout>:net-g13:38979:38991 [1] NCCL INFO AllReduce: opCount f8 sendbuff 0x7efbd8800000 recvbuff 0x7efbd8800000 count 16072 datatype 7 op 0 root 0 comm 0x7efc60256a90 [nranks=4] stream 0x7efc6024c5e0
[1,2]<stdout>:net-g13:38978:38990 [0] NCCL INFO AllReduce: opCount 108 sendbuff 0x7f9937400000 recvbuff 0x7f9937400000 count 16072 datatype 7 op 0 root 0 comm 0x7f99b824e6a0 [nranks=4] stream 0x564844797a90
[1,1]<stdout>:net-g12:77489:77501 [1] NCCL INFO AllReduce: opCount 109 sendbuff 0x7fae18600000 recvbuff 0x7fae18600000 count 5264 datatype 7 op 0 root 0 comm 0x7fae8824f340 [nranks=4] stream 0x7fae882443e0
[1,3]<stdout>:net-g13:38979:38991 [1] NCCL INFO AllReduce: opCount f9 sendbuff 0x7efbd8800000 recvbuff 0x7efbd8800000 count 5264 datatype 7 op 0 root 0 comm 0x7efc60256a90 [nranks=4] stream 0x7efc6024c5e0
[1,2]<stdout>:net-g13:38978:38990 [0] NCCL INFO AllReduce: opCount 109 sendbuff 0x7f9937400000 recvbuff 0x7f9937400000 count 5264 datatype 7 op 0 root 0 comm 0x7f99b824e6a0 [nranks=4] stream 0x564844797a90
[1,0]<stdout>:net-g12:77488:77500 [0] NCCL INFO AllReduce: opCount f9 sendbuff 0x7f2f62400000 recvbuff 0x7f2f62400000 count 5264 datatype 7 op 0 root 0 comm 0x7f2fd4258ff0 [nranks=4] stream 0x7f2fd424d890
[1,1]<stdout>:net-g12:77489:77501 [1] NCCL INFO AllReduce: opCount 10a sendbuff 0x7fae18600000 recvbuff 0x7fae18600000 count 16564 datatype 7 op 0 root 0 comm 0x7fae8824f340 [nranks=4] stream 0x7fae882443e0
[1,0]<stdout>:net-g12:77488:77500 [0] NCCL INFO AllReduce: opCount fa sendbuff 0x7f2f62400000 recvbuff 0x7f2f62400000 count 16564 datatype 7 op 0 root 0 comm 0x7f2fd4258ff0 [nranks=4] stream 0x7f2fd424d890
[1,3]<stdout>:net-g13:38979:38991 [1] NCCL INFO AllReduce: opCount fa sendbuff 0x7efbd8800000 recvbuff 0x7efbd8800000 count 16564 datatype 7 op 0 root 0 comm 0x7efc60256a90 [nranks=4] stream 0x7efc6024c5e0
[1,2]<stdout>:net-g13:38978:38990 [0] NCCL INFO AllReduce: opCount 10a sendbuff 0x7f9937400000 recvbuff 0x7f9937400000 count 16564 datatype 7 op 0 root 0 comm 0x7f99b824e6a0 [nranks=4] stream 0x564844797a90
[1,1]<stdout>:net-g12:77489:77501 [1] NCCL INFO AllReduce: opCount 10b sendbuff 0x7fae18600000 recvbuff 0x7fae18600000 count 5020 datatype 7 op 0 root 0 comm 0x7fae8824f340 [nranks=4] stream 0x7fae882443e0
[1,3]<stdout>:net-g13:38979:38991 [1] NCCL INFO AllReduce: opCount fb sendbuff 0x7efbd8800000 recvbuff 0x7efbd8800000 count 5020 datatype 7 op 0 root 0 comm 0x7efc60256a90 [nranks=4] stream 0x7efc6024c5e0
[1,2]<stdout>:net-g13:38978:38990 [0] NCCL INFO AllReduce: opCount 10b sendbuff 0x7f9937400000 recvbuff 0x7f9937400000 count 5020 datatype 7 op 0 root 0 comm 0x7f99b824e6a0 [nranks=4] stream 0x564844797a90
[1,0]<stdout>:net-g12:77488:77500 [0] NCCL INFO AllReduce: opCount fb sendbuff 0x7f2f62400000 recvbuff 0x7f2f62400000 count 5020 datatype 7 op 0 root 0 comm 0x7f2fd4258ff0 [nranks=4] stream 0x7f2fd424d890
[1,1]<stdout>:net-g12:77489:77501 [1] NCCL INFO AllReduce: opCount 10c sendbuff 0x7fae18600000 recvbuff 0x7fae18600000 count 264 datatype 7 op 0 root 0 comm 0x7fae8824f340 [nranks=4] stream 0x7fae882443e0
[1,3]<stdout>:net-g13:38979:38991 [1] NCCL INFO AllReduce: opCount fc sendbuff 0x7efbd8800000 recvbuff 0x7efbd8800000 count 264 datatype 7 op 0 root 0 comm 0x7efc60256a90 [nranks=4] stream 0x7efc6024c5e0
[1,0]<stdout>:net-g12:77488:77500 [0] NCCL INFO AllReduce: opCount fc sendbuff 0x7f2f62400000 recvbuff 0x7f2f62400000 count 264 datatype 7 op 0 root 0 comm 0x7f2fd4258ff0 [nranks=4] stream 0x7f2fd424d890
[1,2]<stdout>:net-g13:38978:38990 [0] NCCL INFO AllReduce: opCount 10c sendbuff 0x7f9937400000 recvbuff 0x7f9937400000 count 264 datatype 7 op 0 root 0 comm 0x7f99b824e6a0 [nranks=4] stream 0x564844797a90
[1,1]<stdout>:net-g12:77489:77501 [1] NCCL INFO AllReduce: opCount 10d sendbuff 0x7fae18600000 recvbuff 0x7fae18600000 count 16584 datatype 7 op 0 root 0 comm 0x7fae8824f340 [nranks=4] stream 0x7fae882443e0
[1,0]<stdout>:net-g12:77488:77500 [0] NCCL INFO AllReduce: opCount fd sendbuff 0x7f2f62400000 recvbuff 0x7f2f62400000 count 16584 datatype 7 op 0 root 0 comm 0x7f2fd4258ff0 [nranks=4] stream 0x7f2fd424d890
[1,3]<stdout>:net-g13:38979:38991 [1] NCCL INFO AllReduce: opCount fd sendbuff 0x7efbd8800000 recvbuff 0x7efbd8800000 count 16584 datatype 7 op 0 root 0 comm 0x7efc60256a90 [nranks=4] stream 0x7efc6024c5e0
[1,2]<stdout>:net-g13:38978:38990 [0] NCCL INFO AllReduce: opCount 10d sendbuff 0x7f9937400000 recvbuff 0x7f9937400000 count 16584 datatype 7 op 0 root 0 comm 0x7f99b824e6a0 [nranks=4] stream 0x564844797a90
[1,1]<stdout>:net-g12:77489:77501 [1] NCCL INFO AllReduce: opCount 10e sendbuff 0x7fae18600000 recvbuff 0x7fae18600000 count 5264 datatype 7 op 0 root 0 comm 0x7fae8824f340 [nranks=4] stream 0x7fae882443e0
[1,0]<stdout>:net-g12:77488:77500 [0] NCCL INFO AllReduce: opCount fe sendbuff 0x7f2f62400000 recvbuff 0x7f2f62400000 count 5264 datatype 7 op 0 root 0 comm 0x7f2fd4258ff0 [nranks=4] stream 0x7f2fd424d890
[1,3]<stdout>:net-g13:38979:38991 [1] NCCL INFO AllReduce: opCount fe sendbuff 0x7efbd8800000 recvbuff 0x7efbd8800000 count 5264 datatype 7 op 0 root 0 comm 0x7efc60256a90 [nranks=4] stream 0x7efc6024c5e0
[1,2]<stdout>:net-g13:38978:38990 [0] NCCL INFO AllReduce: opCount 10e sendbuff 0x7f9937400000 recvbuff 0x7f9937400000 count 5264 datatype 7 op 0 root 0 comm 0x7f99b824e6a0 [nranks=4] stream 0x564844797a90
[1,1]<stdout>:net-g12:77489:77501 [1] NCCL INFO AllReduce: opCount 10f sendbuff 0x7fae18600000 recvbuff 0x7fae18600000 count 16564 datatype 7 op 0 root 0 comm 0x7fae8824f340 [nranks=4] stream 0x7fae882443e0
[1,0]<stdout>:net-g12:77488:77500 [0] NCCL INFO AllReduce: opCount ff sendbuff 0x7f2f62400000 recvbuff 0x7f2f62400000 count 16564 datatype 7 op 0 root 0 comm 0x7f2fd4258ff0 [nranks=4] stream 0x7f2fd424d890
[1,3]<stdout>:net-g13:38979:38991 [1] NCCL INFO AllReduce: opCount ff sendbuff 0x7efbd8800000 recvbuff 0x7efbd8800000 count 16564 datatype 7 op 0 root 0 comm 0x7efc60256a90 [nranks=4] stream 0x7efc6024c5e0
[1,2]<stdout>:net-g13:38978:38990 [0] NCCL INFO AllReduce: opCount 10f sendbuff 0x7f9937400000 recvbuff 0x7f9937400000 count 16564 datatype 7 op 0 root 0 comm 0x7f99b824e6a0 [nranks=4] stream 0x564844797a90
[1,1]<stdout>:net-g12:77489:77501 [1] NCCL INFO AllReduce: opCount 110 sendbuff 0x7fae18600000 recvbuff 0x7fae18600000 count 5032 datatype 7 op 0 root 0 comm 0x7fae8824f340 [nranks=4] stream 0x7fae882443e0
[1,3]<stdout>:net-g13:38979:38991 [1] NCCL INFO AllReduce: opCount 100 sendbuff 0x7efbd8800000 recvbuff 0x7efbd8800000 count 5032 datatype 7 op 0 root 0 comm 0x7efc60256a90 [nranks=4] stream 0x7efc6024c5e0
[1,0]<stdout>:net-g12:77488:77500 [0] NCCL INFO AllReduce: opCount 100 sendbuff 0x7f2f62400000 recvbuff 0x7f2f62400000 count 5032 datatype 7 op 0 root 0 comm 0x7f2fd4258ff0 [nranks=4] stream 0x7f2fd424d890
[1,2]<stdout>:net-g13:38978:38990 [0] NCCL INFO AllReduce: opCount 110 sendbuff 0x7f9937400000 recvbuff 0x7f9937400000 count 5032 datatype 7 op 0 root 0 comm 0x7f99b824e6a0 [nranks=4] stream 0x564844797a90
[1,1]<stdout>:net-g12:77489:77501 [1] NCCL INFO AllReduce: opCount 111 sendbuff 0x7fae0aa15e00 recvbuff 0x7fae0aa15e00 count 250 datatype 7 op 0 root 0 comm 0x7fae8824f340 [nranks=4] stream 0x7fae882443e0
[1,3]<stdout>:net-g13:38979:38991 [1] NCCL INFO AllReduce: opCount 101 sendbuff 0x7efbcea15e00 recvbuff 0x7efbcea15e00 count 250 datatype 7 op 0 root 0 comm 0x7efc60256a90 [nranks=4] stream 0x7efc6024c5e0
[1,0]<stdout>:net-g12:77488:77500 [0] NCCL INFO AllReduce: opCount 101 sendbuff 0x7f2f52a15e00 recvbuff 0x7f2f52a15e00 count 250 datatype 7 op 0 root 0 comm 0x7f2fd4258ff0 [nranks=4] stream 0x7f2fd424d890
[1,2]<stdout>:net-g13:38978:38990 [0] NCCL INFO AllReduce: opCount 111 sendbuff 0x7f995da15e00 recvbuff 0x7f995da15e00 count 250 datatype 7 op 0 root 0 comm 0x7f99b824e6a0 [nranks=4] stream 0x564844797a90
[1,0]<stdout>:net-g12:77488:77500 [0] NCCL INFO AllReduce: opCount 102 sendbuff 0x7f2f62400000 recvbuff 0x7f2f62400000 count 16584 datatype 7 op 0 root 0 comm 0x7f2fd4258ff0 [nranks=4] stream 0x7f2fd424d890
[1,1]<stdout>:net-g12:77489:77501 [1] NCCL INFO AllReduce: opCount 112 sendbuff 0x7fae18600000 recvbuff 0x7fae18600000 count 16584 datatype 7 op 0 root 0 comm 0x7fae8824f340 [nranks=4] stream 0x7fae882443e0
[1,3]<stdout>:net-g13:38979:38991 [1] NCCL INFO AllReduce: opCount 102 sendbuff 0x7efbd8800000 recvbuff 0x7efbd8800000 count 16584 datatype 7 op 0 root 0 comm 0x7efc60256a90 [nranks=4] stream 0x7efc6024c5e0
[1,2]<stdout>:net-g13:38978:38990 [0] NCCL INFO AllReduce: opCount 112 sendbuff 0x7f9937400000 recvbuff 0x7f9937400000 count 16584 datatype 7 op 0 root 0 comm 0x7f99b824e6a0 [nranks=4] stream 0x564844797a90
[1,1]<stdout>:net-g12:77489:77501 [1] NCCL INFO AllReduce: opCount 113 sendbuff 0x7fae18600000 recvbuff 0x7fae18600000 count 5012 datatype 7 op 0 root 0 comm 0x7fae8824f340 [nranks=4] stream 0x7fae882443e0
[1,3]<stdout>:net-g13:38979:38991 [1] NCCL INFO AllReduce: opCount 103 sendbuff 0x7efbd8800000 recvbuff 0x7efbd8800000 count 5012 datatype 7 op 0 root 0 comm 0x7efc60256a90 [nranks=4] stream 0x7efc6024c5e0
[1,0]<stdout>:net-g12:77488:77500 [0] NCCL INFO AllReduce: opCount 103 sendbuff 0x7f2f62400000 recvbuff 0x7f2f62400000 count 5012 datatype 7 op 0 root 0 comm 0x7f2fd4258ff0 [nranks=4] stream 0x7f2fd424d890
[1,2]<stdout>:net-g13:38978:38990 [0] NCCL INFO AllReduce: opCount 113 sendbuff 0x7f9937400000 recvbuff 0x7f9937400000 count 5012 datatype 7 op 0 root 0 comm 0x7f99b824e6a0 [nranks=4] stream 0x564844797a90
[1,1]<stdout>:net-g12:77489:77501 [1] NCCL INFO AllReduce: opCount 114 sendbuff 0x7fae0aa15e00 recvbuff 0x7fae0aa15e00 count 250 datatype 7 op 0 root 0 comm 0x7fae8824f340 [nranks=4] stream 0x7fae882443e0
[1,3]<stdout>:net-g13:38979:38991 [1] NCCL INFO AllReduce: opCount 104 sendbuff 0x7efbcea15e00 recvbuff 0x7efbcea15e00 count 250 datatype 7 op 0 root 0 comm 0x7efc60256a90 [nranks=4] stream 0x7efc6024c5e0
[1,2]<stdout>:net-g13:38978:38990 [0] NCCL INFO AllReduce: opCount 114 sendbuff 0x7f995da15e00 recvbuff 0x7f995da15e00 count 250 datatype 7 op 0 root 0 comm 0x7f99b824e6a0 [nranks=4] stream 0x564844797a90
[1,0]<stdout>:net-g12:77488:77500 [0] NCCL INFO AllReduce: opCount 104 sendbuff 0x7f2f52a15e00 recvbuff 0x7f2f52a15e00 count 250 datatype 7 op 0 root 0 comm 0x7f2fd4258ff0 [nranks=4] stream 0x7f2fd424d890
[1,1]<stdout>:net-g12:77489:77501 [1] NCCL INFO AllReduce: opCount 115 sendbuff 0x7fae0aa2ba00 recvbuff 0x7fae0aa2ba00 count 10 datatype 7 op 0 root 0 comm 0x7fae8824f340 [nranks=4] stream 0x7fae882443e0
[1,0]<stdout>:net-g12:77488:77500 [0] NCCL INFO AllReduce: opCount 105 sendbuff 0x7f2f52a2ba00 recvbuff 0x7f2f52a2ba00 count 10 datatype 7 op 0 root 0 comm 0x7f2fd4258ff0 [nranks=4] stream 0x7f2fd424d890
[1,3]<stdout>:net-g13:38979:38991 [1] NCCL INFO AllReduce: opCount 105 sendbuff 0x7efbcea2ba00 recvbuff 0x7efbcea2ba00 count 10 datatype 7 op 0 root 0 comm 0x7efc60256a90 [nranks=4] stream 0x7efc6024c5e0
[1,2]<stdout>:net-g13:38978:38990 [0] NCCL INFO AllReduce: opCount 115 sendbuff 0x7f995da2ba00 recvbuff 0x7f995da2ba00 count 10 datatype 7 op 0 root 0 comm 0x7f99b824e6a0 [nranks=4] stream 0x564844797a90
[1,1]<stdout>:net-g12:77489:77501 [1] NCCL INFO AllReduce: opCount 116 sendbuff 0x7fae18600000 recvbuff 0x7fae18600000 count 16572 datatype 7 op 0 root 0 comm 0x7fae8824f340 [nranks=4] stream 0x7fae882443e0
[1,0]<stdout>:net-g12:77488:77500 [0] NCCL INFO AllReduce: opCount 106 sendbuff 0x7f2f62400000 recvbuff 0x7f2f62400000 count 16572 datatype 7 op 0 root 0 comm 0x7f2fd4258ff0 [nranks=4] stream 0x7f2fd424d890
[1,3]<stdout>:net-g13:38979:38991 [1] NCCL INFO AllReduce: opCount 106 sendbuff 0x7efbd8800000 recvbuff 0x7efbd8800000 count 16572 datatype 7 op 0 root 0 comm 0x7efc60256a90 [nranks=4] stream 0x7efc6024c5e0
[1,2]<stdout>:net-g13:38978:38990 [0] NCCL INFO AllReduce: opCount 116 sendbuff 0x7f9937400000 recvbuff 0x7f9937400000 count 16572 datatype 7 op 0 root 0 comm 0x7f99b824e6a0 [nranks=4] stream 0x564844797a90
[1,1]<stdout>:net-g12:77489:77501 [1] NCCL INFO AllReduce: opCount 117 sendbuff 0x7fae18600000 recvbuff 0x7fae18600000 count 5264 datatype 7 op 0 root 0 comm 0x7fae8824f340 [nranks=4] stream 0x7fae882443e0
[1,3]<stdout>:net-g13:38979:38991 [1] NCCL INFO AllReduce: opCount 107 sendbuff 0x7efbd8800000 recvbuff 0x7efbd8800000 count 5264 datatype 7 op 0 root 0 comm 0x7efc60256a90 [nranks=4] stream 0x7efc6024c5e0
[1,0]<stdout>:net-g12:77488:77500 [0] NCCL INFO AllReduce: opCount 107 sendbuff 0x7f2f62400000 recvbuff 0x7f2f62400000 count 5264 datatype 7 op 0 root 0 comm 0x7f2fd4258ff0 [nranks=4] stream 0x7f2fd424d890
[1,2]<stdout>:net-g13:38978:38990 [0] NCCL INFO AllReduce: opCount 117 sendbuff 0x7f9937400000 recvbuff 0x7f9937400000 count 5264 datatype 7 op 0 root 0 comm 0x7f99b824e6a0 [nranks=4] stream 0x564844797a90
[1,1]<stdout>:net-g12:77489:77501 [1] NCCL INFO AllReduce: opCount 118 sendbuff 0x7fae18600000 recvbuff 0x7fae18600000 count 512 datatype 7 op 0 root 0 comm 0x7fae8824f340 [nranks=4] stream 0x7fae882443e0
[1,0]<stdout>:net-g12:77488:77500 [0] NCCL INFO AllReduce: opCount 108 sendbuff 0x7f2f62400000 recvbuff 0x7f2f62400000 count 512 datatype 7 op 0 root 0 comm 0x7f2fd4258ff0 [nranks=4] stream 0x7f2fd424d890
[1,2]<stdout>:net-g13:38978:38990 [0] NCCL INFO AllReduce: opCount 118 sendbuff 0x7f9937400000 recvbuff 0x7f9937400000 count 512 datatype 7 op 0 root 0 comm 0x7f99b824e6a0 [nranks=4] stream 0x564844797a90
[1,3]<stdout>:net-g13:38979:38991 [1] NCCL INFO AllReduce: opCount 108 sendbuff 0x7efbd8800000 recvbuff 0x7efbd8800000 count 512 datatype 7 op 0 root 0 comm 0x7efc60256a90 [nranks=4] stream 0x7efc6024c5e0
[1,1]<stdout>:net-g12:77489:77501 [1] NCCL INFO AllReduce: opCount 119 sendbuff 0x7fae18600000 recvbuff 0x7fae18600000 count 16072 datatype 7 op 0 root 0 comm 0x7fae8824f340 [nranks=4] stream 0x7fae882443e0
[1,0]<stdout>:net-g12:77488:77500 [0] NCCL INFO AllReduce: opCount 109 sendbuff 0x7f2f62400000 recvbuff 0x7f2f62400000 count 16072 datatype 7 op 0 root 0 comm 0x7f2fd4258ff0 [nranks=4] stream 0x7f2fd424d890
[1,3]<stdout>:net-g13:38979:38991 [1] NCCL INFO AllReduce: opCount 109 sendbuff 0x7efbd8800000 recvbuff 0x7efbd8800000 count 16072 datatype 7 op 0 root 0 comm 0x7efc60256a90 [nranks=4] stream 0x7efc6024c5e0
[1,2]<stdout>:net-g13:38978:38990 [0] NCCL INFO AllReduce: opCount 119 sendbuff 0x7f9937400000 recvbuff 0x7f9937400000 count 16072 datatype 7 op 0 root 0 comm 0x7f99b824e6a0 [nranks=4] stream 0x564844797a90
[1,1]<stdout>:net-g12:77489:77501 [1] NCCL INFO AllReduce: opCount 11a sendbuff 0x7fae18600000 recvbuff 0x7fae18600000 count 5264 datatype 7 op 0 root 0 comm 0x7fae8824f340 [nranks=4] stream 0x7fae882443e0
[1,3]<stdout>:net-g13:38979:38991 [1] NCCL INFO AllReduce: opCount 10a sendbuff 0x7efbd8800000 recvbuff 0x7efbd8800000 count 5264 datatype 7 op 0 root 0 comm 0x7efc60256a90 [nranks=4] stream 0x7efc6024c5e0
[1,0]<stdout>:net-g12:77488:77500 [0] NCCL INFO AllReduce: opCount 10a sendbuff 0x7f2f62400000 recvbuff 0x7f2f62400000 count 5264 datatype 7 op 0 root 0 comm 0x7f2fd4258ff0 [nranks=4] stream 0x7f2fd424d890
[1,2]<stdout>:net-g13:38978:38990 [0] NCCL INFO AllReduce: opCount 11a sendbuff 0x7f9937400000 recvbuff 0x7f9937400000 count 5264 datatype 7 op 0 root 0 comm 0x7f99b824e6a0 [nranks=4] stream 0x564844797a90
[1,1]<stdout>:net-g12:77489:77501 [1] NCCL INFO AllReduce: opCount 11b sendbuff 0x7fae18600000 recvbuff 0x7fae18600000 count 21584 datatype 7 op 0 root 0 comm 0x7fae8824f340 [nranks=4] stream 0x7fae882443e0
[1,0]<stdout>:net-g12:77488:77500 [0] NCCL INFO AllReduce: opCount 10b sendbuff 0x7f2f62400000 recvbuff 0x7f2f62400000 count 21584 datatype 7 op 0 root 0 comm 0x7f2fd4258ff0 [nranks=4] stream 0x7f2fd424d890
[1,3]<stdout>:net-g13:38979:38991 [1] NCCL INFO AllReduce: opCount 10b sendbuff 0x7efbd8800000 recvbuff 0x7efbd8800000 count 21584 datatype 7 op 0 root 0 comm 0x7efc60256a90 [nranks=4] stream 0x7efc6024c5e0
[1,2]<stdout>:net-g13:38978:38990 [0] NCCL INFO AllReduce: opCount 11b sendbuff 0x7f9937400000 recvbuff 0x7f9937400000 count 21584 datatype 7 op 0 root 0 comm 0x7f99b824e6a0 [nranks=4] stream 0x564844797a90
[1,1]<stdout>:net-g12:77489:77501 [1] NCCL INFO AllReduce: opCount 11c sendbuff 0x7fae18600000 recvbuff 0x7fae18600000 count 264 datatype 7 op 0 root 0 comm 0x7fae8824f340 [nranks=4] stream 0x7fae882443e0
[1,0]<stdout>:net-g12:77488:77500 [0] NCCL INFO AllReduce: opCount 10c sendbuff 0x7f2f62400000 recvbuff 0x7f2f62400000 count 264 datatype 7 op 0 root 0 comm 0x7f2fd4258ff0 [nranks=4] stream 0x7f2fd424d890
[1,3]<stdout>:net-g13:38979:38991 [1] NCCL INFO AllReduce: opCount 10c sendbuff 0x7efbd8800000 recvbuff 0x7efbd8800000 count 264 datatype 7 op 0 root 0 comm 0x7efc60256a90 [nranks=4] stream 0x7efc6024c5e0
[1,2]<stdout>:net-g13:38978:38990 [0] NCCL INFO AllReduce: opCount 11c sendbuff 0x7f9937400000 recvbuff 0x7f9937400000 count 264 datatype 7 op 0 root 0 comm 0x7f99b824e6a0 [nranks=4] stream 0x564844797a90
[1,1]<stdout>:net-g12:77489:77501 [1] NCCL INFO AllReduce: opCount 11d sendbuff 0x7fae18600000 recvbuff 0x7fae18600000 count 16564 datatype 7 op 0 root 0 comm 0x7fae8824f340 [nranks=4] stream 0x7fae882443e0
[1,0]<stdout>:net-g12:77488:77500 [0] NCCL INFO AllReduce: opCount 10d sendbuff 0x7f2f62400000 recvbuff 0x7f2f62400000 count 16564 datatype 7 op 0 root 0 comm 0x7f2fd4258ff0 [nranks=4] stream 0x7f2fd424d890
[1,3]<stdout>:net-g13:38979:38991 [1] NCCL INFO AllReduce: opCount 10d sendbuff 0x7efbd8800000 recvbuff 0x7efbd8800000 count 16564 datatype 7 op 0 root 0 comm 0x7efc60256a90 [nranks=4] stream 0x7efc6024c5e0
[1,2]<stdout>:net-g13:38978:38990 [0] NCCL INFO AllReduce: opCount 11d sendbuff 0x7f9937400000 recvbuff 0x7f9937400000 count 16564 datatype 7 op 0 root 0 comm 0x7f99b824e6a0 [nranks=4] stream 0x564844797a90
[1,1]<stdout>:net-g12:77489:77501 [1] NCCL INFO AllReduce: opCount 11e sendbuff 0x7fae18600000 recvbuff 0x7fae18600000 count 5020 datatype 7 op 0 root 0 comm 0x7fae8824f340 [nranks=4] stream 0x7fae882443e0
[1,3]<stdout>:net-g13:38979:38991 [1] NCCL INFO AllReduce: opCount 10e sendbuff 0x7efbd8800000 recvbuff 0x7efbd8800000 count 5020 datatype 7 op 0 root 0 comm 0x7efc60256a90 [nranks=4] stream 0x7efc6024c5e0
[1,0]<stdout>:net-g12:77488:77500 [0] NCCL INFO AllReduce: opCount 10e sendbuff 0x7f2f62400000 recvbuff 0x7f2f62400000 count 5020 datatype 7 op 0 root 0 comm 0x7f2fd4258ff0 [nranks=4] stream 0x7f2fd424d890
[1,2]<stdout>:net-g13:38978:38990 [0] NCCL INFO AllReduce: opCount 11e sendbuff 0x7f9937400000 recvbuff 0x7f9937400000 count 5020 datatype 7 op 0 root 0 comm 0x7f99b824e6a0 [nranks=4] stream 0x564844797a90
[1,1]<stdout>:net-g12:77489:77501 [1] NCCL INFO AllReduce: opCount 11f sendbuff 0x7fae18600000 recvbuff 0x7fae18600000 count 264 datatype 7 op 0 root 0 comm 0x7fae8824f340 [nranks=4] stream 0x7fae882443e0
[1,3]<stdout>:net-g13:38979:38991 [1] NCCL INFO AllReduce: opCount 10f sendbuff 0x7efbd8800000 recvbuff 0x7efbd8800000 count 264 datatype 7 op 0 root 0 comm 0x7efc60256a90 [nranks=4] stream 0x7efc6024c5e0
[1,0]<stdout>:net-g12:77488:77500 [0] NCCL INFO AllReduce: opCount 10f sendbuff 0x7f2f62400000 recvbuff 0x7f2f62400000 count 264 datatype 7 op 0 root 0 comm 0x7f2fd4258ff0 [nranks=4] stream 0x7f2fd424d890
[1,2]<stdout>:net-g13:38978:38990 [0] NCCL INFO AllReduce: opCount 11f sendbuff 0x7f9937400000 recvbuff 0x7f9937400000 count 264 datatype 7 op 0 root 0 comm 0x7f99b824e6a0 [nranks=4] stream 0x564844797a90
[1,1]<stdout>:net-g12:77489:77501 [1] NCCL INFO AllReduce: opCount 120 sendbuff 0x7fae18600000 recvbuff 0x7fae18600000 count 512 datatype 7 op 0 root 0 comm 0x7fae8824f340 [nranks=4] stream 0x7fae882443e0
[1,0]<stdout>:net-g12:77488:77500 [0] NCCL INFO AllReduce: opCount 110 sendbuff 0x7f2f62400000 recvbuff 0x7f2f62400000 count 512 datatype 7 op 0 root 0 comm 0x7f2fd4258ff0 [nranks=4] stream 0x7f2fd424d890
[1,3]<stdout>:net-g13:38979:38991 [1] NCCL INFO AllReduce: opCount 110 sendbuff 0x7efbd8800000 recvbuff 0x7efbd8800000 count 512 datatype 7 op 0 root 0 comm 0x7efc60256a90 [nranks=4] stream 0x7efc6024c5e0
[1,2]<stdout>:net-g13:38978:38990 [0] NCCL INFO AllReduce: opCount 120 sendbuff 0x7f9937400000 recvbuff 0x7f9937400000 count 512 datatype 7 op 0 root 0 comm 0x7f99b824e6a0 [nranks=4] stream 0x564844797a90
[1,1]<stdout>:net-g12:77489:77501 [1] NCCL INFO AllReduce: opCount 121 sendbuff 0x7fae18600000 recvbuff 0x7fae18600000 count 16072 datatype 7 op 0 root 0 comm 0x7fae8824f340 [nranks=4] stream 0x7fae882443e0
[1,0]<stdout>:net-g12:77488:77500 [0] NCCL INFO AllReduce: opCount 111 sendbuff 0x7f2f62400000 recvbuff 0x7f2f62400000 count 16072 datatype 7 op 0 root 0 comm 0x7f2fd4258ff0 [nranks=4] stream 0x7f2fd424d890
[1,3]<stdout>:net-g13:38979:38991 [1] NCCL INFO AllReduce: opCount 111 sendbuff 0x7efbd8800000 recvbuff 0x7efbd8800000 count 16072 datatype 7 op 0 root 0 comm 0x7efc60256a90 [nranks=4] stream 0x7efc6024c5e0
[1,2]<stdout>:net-g13:38978:38990 [0] NCCL INFO AllReduce: opCount 121 sendbuff 0x7f9937400000 recvbuff 0x7f9937400000 count 16072 datatype 7 op 0 root 0 comm 0x7f99b824e6a0 [nranks=4] stream 0x564844797a90
[1,1]<stdout>:net-g12:77489:77501 [1] NCCL INFO AllReduce: opCount 122 sendbuff 0x7fae18600000 recvbuff 0x7fae18600000 count 5264 datatype 7 op 0 root 0 comm 0x7fae8824f340 [nranks=4] stream 0x7fae882443e0
[1,3]<stdout>:net-g13:38979:38991 [1] NCCL INFO AllReduce: opCount 112 sendbuff 0x7efbd8800000 recvbuff 0x7efbd8800000 count 5264 datatype 7 op 0 root 0 comm 0x7efc60256a90 [nranks=4] stream 0x7efc6024c5e0
[1,0]<stdout>:net-g12:77488:77500 [0] NCCL INFO AllReduce: opCount 112 sendbuff 0x7f2f62400000 recvbuff 0x7f2f62400000 count 5264 datatype 7 op 0 root 0 comm 0x7f2fd4258ff0 [nranks=4] stream 0x7f2fd424d890
