[1,3]<stdout>:net-g13:38979:38991 [1] NCCL INFO AllReduce: opCount 9a sendbuff 0x7efbd8800000 recvbuff 0x7efbd8800000 count 264 datatype 7 op 0 root 0 comm 0x7efc60256a90 [nranks=4] stream 0x7efc6024c5e0
[1,2]<stdout>:net-g13:38978:38990 [0] NCCL INFO AllReduce: opCount aa sendbuff 0x7f9937400000 recvbuff 0x7f9937400000 count 264 datatype 7 op 0 root 0 comm 0x7f99b824e6a0 [nranks=4] stream 0x564844797a90
[1,1]<stdout>:net-g12:77489:77501 [1] NCCL INFO AllReduce: opCount ab sendbuff 0x7fae18600000 recvbuff 0x7fae18600000 count 16564 datatype 7 op 0 root 0 comm 0x7fae8824f340 [nranks=4] stream 0x7fae882443e0
[1,0]<stdout>:net-g12:77488:77500 [0] NCCL INFO AllReduce: opCount 9b sendbuff 0x7f2f62400000 recvbuff 0x7f2f62400000 count 16564 datatype 7 op 0 root 0 comm 0x7f2fd4258ff0 [nranks=4] stream 0x7f2fd424d890
[1,3]<stdout>:net-g13:38979:38991 [1] NCCL INFO AllReduce: opCount 9b sendbuff 0x7efbd8800000 recvbuff 0x7efbd8800000 count 16564 datatype 7 op 0 root 0 comm 0x7efc60256a90 [nranks=4] stream 0x7efc6024c5e0
[1,2]<stdout>:net-g13:38978:38990 [0] NCCL INFO AllReduce: opCount ab sendbuff 0x7f9937400000 recvbuff 0x7f9937400000 count 16564 datatype 7 op 0 root 0 comm 0x7f99b824e6a0 [nranks=4] stream 0x564844797a90
[1,1]<stdout>:net-g12:77489:77501 [1] NCCL INFO AllReduce: opCount ac sendbuff 0x7fae18600000 recvbuff 0x7fae18600000 count 5284 datatype 7 op 0 root 0 comm 0x7fae8824f340 [nranks=4] stream 0x7fae882443e0
[1,3]<stdout>:net-g13:38979:38991 [1] NCCL INFO AllReduce: opCount 9c sendbuff 0x7efbd8800000 recvbuff 0x7efbd8800000 count 5284 datatype 7 op 0 root 0 comm 0x7efc60256a90 [nranks=4] stream 0x7efc6024c5e0
[1,0]<stdout>:net-g12:77488:77500 [0] NCCL INFO AllReduce: opCount 9c sendbuff 0x7f2f62400000 recvbuff 0x7f2f62400000 count 5284 datatype 7 op 0 root 0 comm 0x7f2fd4258ff0 [nranks=4] stream 0x7f2fd424d890
[1,2]<stdout>:net-g13:38978:38990 [0] NCCL INFO AllReduce: opCount ac sendbuff 0x7f9937400000 recvbuff 0x7f9937400000 count 5284 datatype 7 op 0 root 0 comm 0x7f99b824e6a0 [nranks=4] stream 0x564844797a90
[1,1]<stdout>:net-g12:77489:77501 [1] NCCL INFO AllReduce: opCount ad sendbuff 0x7fae18600000 recvbuff 0x7fae18600000 count 16584 datatype 7 op 0 root 0 comm 0x7fae8824f340 [nranks=4] stream 0x7fae882443e0
[1,0]<stdout>:net-g12:77488:77500 [0] NCCL INFO AllReduce: opCount 9d sendbuff 0x7f2f62400000 recvbuff 0x7f2f62400000 count 16584 datatype 7 op 0 root 0 comm 0x7f2fd4258ff0 [nranks=4] stream 0x7f2fd424d890
[1,3]<stdout>:net-g13:38979:38991 [1] NCCL INFO AllReduce: opCount 9d sendbuff 0x7efbd8800000 recvbuff 0x7efbd8800000 count 16584 datatype 7 op 0 root 0 comm 0x7efc60256a90 [nranks=4] stream 0x7efc6024c5e0
[1,2]<stdout>:net-g13:38978:38990 [0] NCCL INFO AllReduce: opCount ad sendbuff 0x7f9937400000 recvbuff 0x7f9937400000 count 16584 datatype 7 op 0 root 0 comm 0x7f99b824e6a0 [nranks=4] stream 0x564844797a90
[1,1]<stdout>:net-g12:77489:77501 [1] NCCL INFO AllReduce: opCount ae sendbuff 0x7fae18600000 recvbuff 0x7fae18600000 count 5012 datatype 7 op 0 root 0 comm 0x7fae8824f340 [nranks=4] stream 0x7fae882443e0
[1,0]<stdout>:net-g12:77488:77500 [0] NCCL INFO AllReduce: opCount 9e sendbuff 0x7f2f62400000 recvbuff 0x7f2f62400000 count 5012 datatype 7 op 0 root 0 comm 0x7f2fd4258ff0 [nranks=4] stream 0x7f2fd424d890
[1,3]<stdout>:net-g13:38979:38991 [1] NCCL INFO AllReduce: opCount 9e sendbuff 0x7efbd8800000 recvbuff 0x7efbd8800000 count 5012 datatype 7 op 0 root 0 comm 0x7efc60256a90 [nranks=4] stream 0x7efc6024c5e0
[1,2]<stdout>:net-g13:38978:38990 [0] NCCL INFO AllReduce: opCount ae sendbuff 0x7f9937400000 recvbuff 0x7f9937400000 count 5012 datatype 7 op 0 root 0 comm 0x7f99b824e6a0 [nranks=4] stream 0x564844797a90
[1,1]<stdout>:net-g12:77489:77501 [1] NCCL INFO AllReduce: opCount af sendbuff 0x7fae0aa15e00 recvbuff 0x7fae0aa15e00 count 250 datatype 7 op 0 root 0 comm 0x7fae8824f340 [nranks=4] stream 0x7fae882443e0
[1,3]<stdout>:net-g13:38979:38991 [1] NCCL INFO AllReduce: opCount 9f sendbuff 0x7efbcea15e00 recvbuff 0x7efbcea15e00 count 250 datatype 7 op 0 root 0 comm 0x7efc60256a90 [nranks=4] stream 0x7efc6024c5e0
[1,0]<stdout>:net-g12:77488:77500 [0] NCCL INFO AllReduce: opCount 9f sendbuff 0x7f2f52a15e00 recvbuff 0x7f2f52a15e00 count 250 datatype 7 op 0 root 0 comm 0x7f2fd4258ff0 [nranks=4] stream 0x7f2fd424d890
[1,2]<stdout>:net-g13:38978:38990 [0] NCCL INFO AllReduce: opCount af sendbuff 0x7f995da15e00 recvbuff 0x7f995da15e00 count 250 datatype 7 op 0 root 0 comm 0x7f99b824e6a0 [nranks=4] stream 0x564844797a90
[1,1]<stdout>:net-g12:77489:77501 [1] NCCL INFO AllReduce: opCount b0 sendbuff 0x7fae18600000 recvbuff 0x7fae18600000 count 512 datatype 7 op 0 root 0 comm 0x7fae8824f340 [nranks=4] stream 0x7fae882443e0
[1,0]<stdout>:net-g12:77488:77500 [0] NCCL INFO AllReduce: opCount a0 sendbuff 0x7f2f62400000 recvbuff 0x7f2f62400000 count 512 datatype 7 op 0 root 0 comm 0x7f2fd4258ff0 [nranks=4] stream 0x7f2fd424d890
[1,2]<stdout>:net-g13:38978:38990 [0] NCCL INFO AllReduce: opCount b0 sendbuff 0x7f9937400000 recvbuff 0x7f9937400000 count 512 datatype 7 op 0 root 0 comm 0x7f99b824e6a0 [nranks=4] stream 0x564844797a90
[1,3]<stdout>:net-g13:38979:38991 [1] NCCL INFO AllReduce: opCount a0 sendbuff 0x7efbd8800000 recvbuff 0x7efbd8800000 count 512 datatype 7 op 0 root 0 comm 0x7efc60256a90 [nranks=4] stream 0x7efc6024c5e0
[1,1]<stdout>:net-g12:77489:77501 [1] NCCL INFO AllReduce: opCount b1 sendbuff 0x7fae18600000 recvbuff 0x7fae18600000 count 16052 datatype 7 op 0 root 0 comm 0x7fae8824f340 [nranks=4] stream 0x7fae882443e0
[1,0]<stdout>:net-g12:77488:77500 [0] NCCL INFO AllReduce: opCount a1 sendbuff 0x7f2f62400000 recvbuff 0x7f2f62400000 count 16052 datatype 7 op 0 root 0 comm 0x7f2fd4258ff0 [nranks=4] stream 0x7f2fd424d890
[1,3]<stdout>:net-g13:38979:38991 [1] NCCL INFO AllReduce: opCount a1 sendbuff 0x7efbd8800000 recvbuff 0x7efbd8800000 count 16052 datatype 7 op 0 root 0 comm 0x7efc60256a90 [nranks=4] stream 0x7efc6024c5e0
[1,2]<stdout>:net-g13:38978:38990 [0] NCCL INFO AllReduce: opCount b1 sendbuff 0x7f9937400000 recvbuff 0x7f9937400000 count 16052 datatype 7 op 0 root 0 comm 0x7f99b824e6a0 [nranks=4] stream 0x564844797a90
[1,1]<stdout>:net-g12:77489:77501 [1] NCCL INFO AllReduce: opCount b2 sendbuff 0x7fae18600000 recvbuff 0x7fae18600000 count 5020 datatype 7 op 0 root 0 comm 0x7fae8824f340 [nranks=4] stream 0x7fae882443e0
[1,3]<stdout>:net-g13:38979:38991 [1] NCCL INFO AllReduce: opCount a2 sendbuff 0x7efbd8800000 recvbuff 0x7efbd8800000 count 5020 datatype 7 op 0 root 0 comm 0x7efc60256a90 [nranks=4] stream 0x7efc6024c5e0
[1,0]<stdout>:net-g12:77488:77500 [0] NCCL INFO AllReduce: opCount a2 sendbuff 0x7f2f62400000 recvbuff 0x7f2f62400000 count 5020 datatype 7 op 0 root 0 comm 0x7f2fd4258ff0 [nranks=4] stream 0x7f2fd424d890
[1,2]<stdout>:net-g13:38978:38990 [0] NCCL INFO AllReduce: opCount b2 sendbuff 0x7f9937400000 recvbuff 0x7f9937400000 count 5020 datatype 7 op 0 root 0 comm 0x7f99b824e6a0 [nranks=4] stream 0x564844797a90
[1,1]<stdout>:net-g12:77489:77501 [1] NCCL INFO AllReduce: opCount b3 sendbuff 0x7fae18600000 recvbuff 0x7fae18600000 count 264 datatype 7 op 0 root 0 comm 0x7fae8824f340 [nranks=4] stream 0x7fae882443e0
[1,3]<stdout>:net-g13:38979:38991 [1] NCCL INFO AllReduce: opCount a3 sendbuff 0x7efbd8800000 recvbuff 0x7efbd8800000 count 264 datatype 7 op 0 root 0 comm 0x7efc60256a90 [nranks=4] stream 0x7efc6024c5e0
[1,0]<stdout>:net-g12:77488:77500 [0] NCCL INFO AllReduce: opCount a3 sendbuff 0x7f2f62400000 recvbuff 0x7f2f62400000 count 264 datatype 7 op 0 root 0 comm 0x7f2fd4258ff0 [nranks=4] stream 0x7f2fd424d890
[1,2]<stdout>:net-g13:38978:38990 [0] NCCL INFO AllReduce: opCount b3 sendbuff 0x7f9937400000 recvbuff 0x7f9937400000 count 264 datatype 7 op 0 root 0 comm 0x7f99b824e6a0 [nranks=4] stream 0x564844797a90
[1,3]<stdout>:Train Epoch: 1 [3840/15000 (26%)]	Loss: 1.174462
[1,1]<stdout>:Train Epoch: 1 [3840/15000 (26%)]	Loss: 1.215628
[1,2]<stdout>:Train Epoch: 1 [3840/15000 (26%)]	Loss: 1.328737
[1,0]<stdout>:Train Epoch: 1 [3840/15000 (26%)]	Loss: 1.242448
[1,1]<stdout>:net-g12:77489:77501 [1] NCCL INFO AllReduce: opCount b4 sendbuff 0x7fae18600000 recvbuff 0x7fae18600000 count 16564 datatype 7 op 0 root 0 comm 0x7fae8824f340 [nranks=4] stream 0x7fae882443e0
[1,0]<stdout>:net-g12:77488:77500 [0] NCCL INFO AllReduce: opCount a4 sendbuff 0x7f2f62400000 recvbuff 0x7f2f62400000 count 16564 datatype 7 op 0 root 0 comm 0x7f2fd4258ff0 [nranks=4] stream 0x7f2fd424d890
[1,3]<stdout>:net-g13:38979:38991 [1] NCCL INFO AllReduce: opCount a4 sendbuff 0x7efbd8800000 recvbuff 0x7efbd8800000 count 16564 datatype 7 op 0 root 0 comm 0x7efc60256a90 [nranks=4] stream 0x7efc6024c5e0
[1,2]<stdout>:net-g13:38978:38990 [0] NCCL INFO AllReduce: opCount b4 sendbuff 0x7f9937400000 recvbuff 0x7f9937400000 count 16564 datatype 7 op 0 root 0 comm 0x7f99b824e6a0 [nranks=4] stream 0x564844797a90
[1,1]<stdout>:net-g12:77489:77501 [1] NCCL INFO AllReduce: opCount b5 sendbuff 0x7fae18600000 recvbuff 0x7fae18600000 count 5020 datatype 7 op 0 root 0 comm 0x7fae8824f340 [nranks=4] stream 0x7fae882443e0
[1,0]<stdout>:net-g12:77488:77500 [0] NCCL INFO AllReduce: opCount a5 sendbuff 0x7f2f62400000 recvbuff 0x7f2f62400000 count 5020 datatype 7 op 0 root 0 comm 0x7f2fd4258ff0 [nranks=4] stream 0x7f2fd424d890
[1,3]<stdout>:net-g13:38979:38991 [1] NCCL INFO AllReduce: opCount a5 sendbuff 0x7efbd8800000 recvbuff 0x7efbd8800000 count 5020 datatype 7 op 0 root 0 comm 0x7efc60256a90 [nranks=4] stream 0x7efc6024c5e0
[1,2]<stdout>:net-g13:38978:38990 [0] NCCL INFO AllReduce: opCount b5 sendbuff 0x7f9937400000 recvbuff 0x7f9937400000 count 5020 datatype 7 op 0 root 0 comm 0x7f99b824e6a0 [nranks=4] stream 0x564844797a90
[1,1]<stdout>:net-g12:77489:77501 [1] NCCL INFO AllReduce: opCount b6 sendbuff 0x7fae18600000 recvbuff 0x7fae18600000 count 264 datatype 7 op 0 root 0 comm 0x7fae8824f340 [nranks=4] stream 0x7fae882443e0
[1,0]<stdout>:net-g12:77488:77500 [0] NCCL INFO AllReduce: opCount a6 sendbuff 0x7f2f62400000 recvbuff 0x7f2f62400000 count 264 datatype 7 op 0 root 0 comm 0x7f2fd4258ff0 [nranks=4] stream 0x7f2fd424d890
[1,3]<stdout>:net-g13:38979:38991 [1] NCCL INFO AllReduce: opCount a6 sendbuff 0x7efbd8800000 recvbuff 0x7efbd8800000 count 264 datatype 7 op 0 root 0 comm 0x7efc60256a90 [nranks=4] stream 0x7efc6024c5e0
[1,2]<stdout>:net-g13:38978:38990 [0] NCCL INFO AllReduce: opCount b6 sendbuff 0x7f9937400000 recvbuff 0x7f9937400000 count 264 datatype 7 op 0 root 0 comm 0x7f99b824e6a0 [nranks=4] stream 0x564844797a90
[1,1]<stdout>:net-g12:77489:77501 [1] NCCL INFO AllReduce: opCount b7 sendbuff 0x7fae18600000 recvbuff 0x7fae18600000 count 564 datatype 7 op 0 root 0 comm 0x7fae8824f340 [nranks=4] stream 0x7fae882443e0
[1,0]<stdout>:net-g12:77488:77500 [0] NCCL INFO AllReduce: opCount a7 sendbuff 0x7f2f62400000 recvbuff 0x7f2f62400000 count 564 datatype 7 op 0 root 0 comm 0x7f2fd4258ff0 [nranks=4] stream 0x7f2fd424d890
[1,3]<stdout>:net-g13:38979:38991 [1] NCCL INFO AllReduce: opCount a7 sendbuff 0x7efbd8800000 recvbuff 0x7efbd8800000 count 564 datatype 7 op 0 root 0 comm 0x7efc60256a90 [nranks=4] stream 0x7efc6024c5e0
[1,2]<stdout>:net-g13:38978:38990 [0] NCCL INFO AllReduce: opCount b7 sendbuff 0x7f9937400000 recvbuff 0x7f9937400000 count 564 datatype 7 op 0 root 0 comm 0x7f99b824e6a0 [nranks=4] stream 0x564844797a90
[1,1]<stdout>:net-g12:77489:77501 [1] NCCL INFO AllReduce: opCount b8 sendbuff 0x7fae18600000 recvbuff 0x7fae18600000 count 21020 datatype 7 op 0 root 0 comm 0x7fae8824f340 [nranks=4] stream 0x7fae882443e0
[1,0]<stdout>:net-g12:77488:77500 [0] NCCL INFO AllReduce: opCount a8 sendbuff 0x7f2f62400000 recvbuff 0x7f2f62400000 count 21020 datatype 7 op 0 root 0 comm 0x7f2fd4258ff0 [nranks=4] stream 0x7f2fd424d890
[1,3]<stdout>:net-g13:38979:38991 [1] NCCL INFO AllReduce: opCount a8 sendbuff 0x7efbd8800000 recvbuff 0x7efbd8800000 count 21020 datatype 7 op 0 root 0 comm 0x7efc60256a90 [nranks=4] stream 0x7efc6024c5e0
[1,2]<stdout>:net-g13:38978:38990 [0] NCCL INFO AllReduce: opCount b8 sendbuff 0x7f9937400000 recvbuff 0x7f9937400000 count 21020 datatype 7 op 0 root 0 comm 0x7f99b824e6a0 [nranks=4] stream 0x564844797a90
[1,3]<stdout>:net-g13:38979:38991 [1] NCCL INFO AllReduce: opCount a9 sendbuff 0x7efbd8800000 recvbuff 0x7efbd8800000 count 264 datatype 7 op 0 root 0 comm 0x7efc60256a90 [nranks=4] stream 0x7efc6024c5e0
[1,1]<stdout>:net-g12:77489:77501 [1] NCCL INFO AllReduce: opCount b9 sendbuff 0x7fae18600000 recvbuff 0x7fae18600000 count 264 datatype 7 op 0 root 0 comm 0x7fae8824f340 [nranks=4] stream 0x7fae882443e0
[1,0]<stdout>:net-g12:77488:77500 [0] NCCL INFO AllReduce: opCount a9 sendbuff 0x7f2f62400000 recvbuff 0x7f2f62400000 count 264 datatype 7 op 0 root 0 comm 0x7f2fd4258ff0 [nranks=4] stream 0x7f2fd424d890
[1,2]<stdout>:net-g13:38978:38990 [0] NCCL INFO AllReduce: opCount b9 sendbuff 0x7f9937400000 recvbuff 0x7f9937400000 count 264 datatype 7 op 0 root 0 comm 0x7f99b824e6a0 [nranks=4] stream 0x564844797a90
[1,1]<stdout>:net-g12:77489:77501 [1] NCCL INFO AllReduce: opCount ba sendbuff 0x7fae18600000 recvbuff 0x7fae18600000 count 16584 datatype 7 op 0 root 0 comm 0x7fae8824f340 [nranks=4] stream 0x7fae882443e0
[1,0]<stdout>:net-g12:77488:77500 [0] NCCL INFO AllReduce: opCount aa sendbuff 0x7f2f62400000 recvbuff 0x7f2f62400000 count 16584 datatype 7 op 0 root 0 comm 0x7f2fd4258ff0 [nranks=4] stream 0x7f2fd424d890
[1,2]<stdout>:net-g13:38978:38990 [0] NCCL INFO AllReduce: opCount ba sendbuff 0x7f9937400000 recvbuff 0x7f9937400000 count 16584 datatype 7 op 0 root 0 comm 0x7f99b824e6a0 [nranks=4] stream 0x564844797a90
[1,3]<stdout>:net-g13:38979:38991 [1] NCCL INFO AllReduce: opCount aa sendbuff 0x7efbd8800000 recvbuff 0x7efbd8800000 count 16584 datatype 7 op 0 root 0 comm 0x7efc60256a90 [nranks=4] stream 0x7efc6024c5e0
[1,1]<stdout>:net-g12:77489:77501 [1] NCCL INFO AllReduce: opCount bb sendbuff 0x7fae18600000 recvbuff 0x7fae18600000 count 5264 datatype 7 op 0 root 0 comm 0x7fae8824f340 [nranks=4] stream 0x7fae882443e0
[1,3]<stdout>:net-g13:38979:38991 [1] NCCL INFO AllReduce: opCount ab sendbuff 0x7efbd8800000 recvbuff 0x7efbd8800000 count 5264 datatype 7 op 0 root 0 comm 0x7efc60256a90 [nranks=4] stream 0x7efc6024c5e0
[1,0]<stdout>:net-g12:77488:77500 [0] NCCL INFO AllReduce: opCount ab sendbuff 0x7f2f62400000 recvbuff 0x7f2f62400000 count 5264 datatype 7 op 0 root 0 comm 0x7f2fd4258ff0 [nranks=4] stream 0x7f2fd424d890
[1,2]<stdout>:net-g13:38978:38990 [0] NCCL INFO AllReduce: opCount bb sendbuff 0x7f9937400000 recvbuff 0x7f9937400000 count 5264 datatype 7 op 0 root 0 comm 0x7f99b824e6a0 [nranks=4] stream 0x564844797a90
[1,1]<stdout>:net-g12:77489:77501 [1] NCCL INFO AllReduce: opCount bc sendbuff 0x7fae18600000 recvbuff 0x7fae18600000 count 16564 datatype 7 op 0 root 0 comm 0x7fae8824f340 [nranks=4] stream 0x7fae882443e0
[1,0]<stdout>:net-g12:77488:77500 [0] NCCL INFO AllReduce: opCount ac sendbuff 0x7f2f62400000 recvbuff 0x7f2f62400000 count 16564 datatype 7 op 0 root 0 comm 0x7f2fd4258ff0 [nranks=4] stream 0x7f2fd424d890
[1,3]<stdout>:net-g13:38979:38991 [1] NCCL INFO AllReduce: opCount ac sendbuff 0x7efbd8800000 recvbuff 0x7efbd8800000 count 16564 datatype 7 op 0 root 0 comm 0x7efc60256a90 [nranks=4] stream 0x7efc6024c5e0
[1,2]<stdout>:net-g13:38978:38990 [0] NCCL INFO AllReduce: opCount bc sendbuff 0x7f9937400000 recvbuff 0x7f9937400000 count 16564 datatype 7 op 0 root 0 comm 0x7f99b824e6a0 [nranks=4] stream 0x564844797a90
[1,1]<stdout>:net-g12:77489:77501 [1] NCCL INFO AllReduce: opCount bd sendbuff 0x7fae18600000 recvbuff 0x7fae18600000 count 5284 datatype 7 op 0 root 0 comm 0x7fae8824f340 [nranks=4] stream 0x7fae882443e0
[1,3]<stdout>:net-g13:38979:38991 [1] NCCL INFO AllReduce: opCount ad sendbuff 0x7efbd8800000 recvbuff 0x7efbd8800000 count 5284 datatype 7 op 0 root 0 comm 0x7efc60256a90 [nranks=4] stream 0x7efc6024c5e0
[1,0]<stdout>:net-g12:77488:77500 [0] NCCL INFO AllReduce: opCount ad sendbuff 0x7f2f62400000 recvbuff 0x7f2f62400000 count 5284 datatype 7 op 0 root 0 comm 0x7f2fd4258ff0 [nranks=4] stream 0x7f2fd424d890
[1,2]<stdout>:net-g13:38978:38990 [0] NCCL INFO AllReduce: opCount bd sendbuff 0x7f9937400000 recvbuff 0x7f9937400000 count 5284 datatype 7 op 0 root 0 comm 0x7f99b824e6a0 [nranks=4] stream 0x564844797a90
[1,1]<stdout>:net-g12:77489:77501 [1] NCCL INFO AllReduce: opCount be sendbuff 0x7fae18600000 recvbuff 0x7fae18600000 count 564 datatype 7 op 0 root 0 comm 0x7fae8824f340 [nranks=4] stream 0x7fae882443e0
[1,0]<stdout>:net-g12:77488:77500 [0] NCCL INFO AllReduce: opCount ae sendbuff 0x7f2f62400000 recvbuff 0x7f2f62400000 count 564 datatype 7 op 0 root 0 comm 0x7f2fd4258ff0 [nranks=4] stream 0x7f2fd424d890
[1,2]<stdout>:net-g13:38978:38990 [0] NCCL INFO AllReduce: opCount be sendbuff 0x7f9937400000 recvbuff 0x7f9937400000 count 564 datatype 7 op 0 root 0 comm 0x7f99b824e6a0 [nranks=4] stream 0x564844797a90
[1,3]<stdout>:net-g13:38979:38991 [1] NCCL INFO AllReduce: opCount ae sendbuff 0x7efbd8800000 recvbuff 0x7efbd8800000 count 564 datatype 7 op 0 root 0 comm 0x7efc60256a90 [nranks=4] stream 0x7efc6024c5e0
[1,1]<stdout>:net-g12:77489:77501 [1] NCCL INFO AllReduce: opCount bf sendbuff 0x7fae18600000 recvbuff 0x7fae18600000 count 21020 datatype 7 op 0 root 0 comm 0x7fae8824f340 [nranks=4] stream 0x7fae882443e0
[1,0]<stdout>:net-g12:77488:77500 [0] NCCL INFO AllReduce: opCount af sendbuff 0x7f2f62400000 recvbuff 0x7f2f62400000 count 21020 datatype 7 op 0 root 0 comm 0x7f2fd4258ff0 [nranks=4] stream 0x7f2fd424d890
[1,3]<stdout>:net-g13:38979:38991 [1] NCCL INFO AllReduce: opCount af sendbuff 0x7efbd8800000 recvbuff 0x7efbd8800000 count 21020 datatype 7 op 0 root 0 comm 0x7efc60256a90 [nranks=4] stream 0x7efc6024c5e0
[1,2]<stdout>:net-g13:38978:38990 [0] NCCL INFO AllReduce: opCount bf sendbuff 0x7f9937400000 recvbuff 0x7f9937400000 count 21020 datatype 7 op 0 root 0 comm 0x7f99b824e6a0 [nranks=4] stream 0x564844797a90
[1,3]<stdout>:net-g13:38979:38991 [1] NCCL INFO AllReduce: opCount b0 sendbuff 0x7efbd8800000 recvbuff 0x7efbd8800000 count 264 datatype 7 op 0 root 0 comm 0x7efc60256a90 [nranks=4] stream 0x7efc6024c5e0
[1,1]<stdout>:net-g12:77489:77501 [1] NCCL INFO AllReduce: opCount c0 sendbuff 0x7fae18600000 recvbuff 0x7fae18600000 count 264 datatype 7 op 0 root 0 comm 0x7fae8824f340 [nranks=4] stream 0x7fae882443e0
[1,0]<stdout>:net-g12:77488:77500 [0] NCCL INFO AllReduce: opCount b0 sendbuff 0x7f2f62400000 recvbuff 0x7f2f62400000 count 264 datatype 7 op 0 root 0 comm 0x7f2fd4258ff0 [nranks=4] stream 0x7f2fd424d890
[1,2]<stdout>:net-g13:38978:38990 [0] NCCL INFO AllReduce: opCount c0 sendbuff 0x7f9937400000 recvbuff 0x7f9937400000 count 264 datatype 7 op 0 root 0 comm 0x7f99b824e6a0 [nranks=4] stream 0x564844797a90
[1,0]<stdout>:net-g12:77488:77500 [0] NCCL INFO AllReduce: opCount b1 sendbuff 0x7f2f62400000 recvbuff 0x7f2f62400000 count 16564 datatype 7 op 0 root 0 comm 0x7f2fd4258ff0 [nranks=4] stream 0x7f2fd424d890
[1,1]<stdout>:net-g12:77489:77501 [1] NCCL INFO AllReduce: opCount c1 sendbuff 0x7fae18600000 recvbuff 0x7fae18600000 count 16564 datatype 7 op 0 root 0 comm 0x7fae8824f340 [nranks=4] stream 0x7fae882443e0
[1,2]<stdout>:net-g13:38978:38990 [0] NCCL INFO AllReduce: opCount c1 sendbuff 0x7f9937400000 recvbuff 0x7f9937400000 count 16564 datatype 7 op 0 root 0 comm 0x7f99b824e6a0 [nranks=4] stream 0x564844797a90
[1,3]<stdout>:net-g13:38979:38991 [1] NCCL INFO AllReduce: opCount b1 sendbuff 0x7efbd8800000 recvbuff 0x7efbd8800000 count 16564 datatype 7 op 0 root 0 comm 0x7efc60256a90 [nranks=4] stream 0x7efc6024c5e0
[1,1]<stdout>:net-g12:77489:77501 [1] NCCL INFO AllReduce: opCount c2 sendbuff 0x7fae18600000 recvbuff 0x7fae18600000 count 5032 datatype 7 op 0 root 0 comm 0x7fae8824f340 [nranks=4] stream 0x7fae882443e0
[1,0]<stdout>:net-g12:77488:77500 [0] NCCL INFO AllReduce: opCount b2 sendbuff 0x7f2f62400000 recvbuff 0x7f2f62400000 count 5032 datatype 7 op 0 root 0 comm 0x7f2fd4258ff0 [nranks=4] stream 0x7f2fd424d890
[1,3]<stdout>:net-g13:38979:38991 [1] NCCL INFO AllReduce: opCount b2 sendbuff 0x7efbd8800000 recvbuff 0x7efbd8800000 count 5032 datatype 7 op 0 root 0 comm 0x7efc60256a90 [nranks=4] stream 0x7efc6024c5e0
[1,2]<stdout>:net-g13:38978:38990 [0] NCCL INFO AllReduce: opCount c2 sendbuff 0x7f9937400000 recvbuff 0x7f9937400000 count 5032 datatype 7 op 0 root 0 comm 0x7f99b824e6a0 [nranks=4] stream 0x564844797a90
[1,1]<stdout>:net-g12:77489:77501 [1] NCCL INFO AllReduce: opCount c3 sendbuff 0x7fae0aa15e00 recvbuff 0x7fae0aa15e00 count 250 datatype 7 op 0 root 0 comm 0x7fae8824f340 [nranks=4] stream 0x7fae882443e0
[1,0]<stdout>:net-g12:77488:77500 [0] NCCL INFO AllReduce: opCount b3 sendbuff 0x7f2f52a15e00 recvbuff 0x7f2f52a15e00 count 250 datatype 7 op 0 root 0 comm 0x7f2fd4258ff0 [nranks=4] stream 0x7f2fd424d890
[1,3]<stdout>:net-g13:38979:38991 [1] NCCL INFO AllReduce: opCount b3 sendbuff 0x7efbcea15e00 recvbuff 0x7efbcea15e00 count 250 datatype 7 op 0 root 0 comm 0x7efc60256a90 [nranks=4] stream 0x7efc6024c5e0
[1,2]<stdout>:net-g13:38978:38990 [0] NCCL INFO AllReduce: opCount c3 sendbuff 0x7f995da15e00 recvbuff 0x7f995da15e00 count 250 datatype 7 op 0 root 0 comm 0x7f99b824e6a0 [nranks=4] stream 0x564844797a90
[1,0]<stdout>:net-g12:77488:77500 [0] NCCL INFO AllReduce: opCount b4 sendbuff 0x7f2f62400000 recvbuff 0x7f2f62400000 count 16584 datatype 7 op 0 root 0 comm 0x7f2fd4258ff0 [nranks=4] stream 0x7f2fd424d890
[1,1]<stdout>:net-g12:77489:77501 [1] NCCL INFO AllReduce: opCount c4 sendbuff 0x7fae18600000 recvbuff 0x7fae18600000 count 16584 datatype 7 op 0 root 0 comm 0x7fae8824f340 [nranks=4] stream 0x7fae882443e0
[1,3]<stdout>:net-g13:38979:38991 [1] NCCL INFO AllReduce: opCount b4 sendbuff 0x7efbd8800000 recvbuff 0x7efbd8800000 count 16584 datatype 7 op 0 root 0 comm 0x7efc60256a90 [nranks=4] stream 0x7efc6024c5e0
[1,2]<stdout>:net-g13:38978:38990 [0] NCCL INFO AllReduce: opCount c4 sendbuff 0x7f9937400000 recvbuff 0x7f9937400000 count 16584 datatype 7 op 0 root 0 comm 0x7f99b824e6a0 [nranks=4] stream 0x564844797a90
[1,1]<stdout>:net-g12:77489:77501 [1] NCCL INFO AllReduce: opCount c5 sendbuff 0x7fae18600000 recvbuff 0x7fae18600000 count 5012 datatype 7 op 0 root 0 comm 0x7fae8824f340 [nranks=4] stream 0x7fae882443e0
[1,3]<stdout>:net-g13:38979:38991 [1] NCCL INFO AllReduce: opCount b5 sendbuff 0x7efbd8800000 recvbuff 0x7efbd8800000 count 5012 datatype 7 op 0 root 0 comm 0x7efc60256a90 [nranks=4] stream 0x7efc6024c5e0
[1,0]<stdout>:net-g12:77488:77500 [0] NCCL INFO AllReduce: opCount b5 sendbuff 0x7f2f62400000 recvbuff 0x7f2f62400000 count 5012 datatype 7 op 0 root 0 comm 0x7f2fd4258ff0 [nranks=4] stream 0x7f2fd424d890
[1,2]<stdout>:net-g13:38978:38990 [0] NCCL INFO AllReduce: opCount c5 sendbuff 0x7f9937400000 recvbuff 0x7f9937400000 count 5012 datatype 7 op 0 root 0 comm 0x7f99b824e6a0 [nranks=4] stream 0x564844797a90
[1,1]<stdout>:net-g12:77489:77501 [1] NCCL INFO AllReduce: opCount c6 sendbuff 0x7fae0aa15e00 recvbuff 0x7fae0aa15e00 count 250 datatype 7 op 0 root 0 comm 0x7fae8824f340 [nranks=4] stream 0x7fae882443e0
[1,3]<stdout>:net-g13:38979:38991 [1] NCCL INFO AllReduce: opCount b6 sendbuff 0x7efbcea15e00 recvbuff 0x7efbcea15e00 count 250 datatype 7 op 0 root 0 comm 0x7efc60256a90 [nranks=4] stream 0x7efc6024c5e0
[1,2]<stdout>:net-g13:38978:38990 [0] NCCL INFO AllReduce: opCount c6 sendbuff 0x7f995da15e00 recvbuff 0x7f995da15e00 count 250 datatype 7 op 0 root 0 comm 0x7f99b824e6a0 [nranks=4] stream 0x564844797a90
[1,0]<stdout>:net-g12:77488:77500 [0] NCCL INFO AllReduce: opCount b6 sendbuff 0x7f2f52a15e00 recvbuff 0x7f2f52a15e00 count 250 datatype 7 op 0 root 0 comm 0x7f2fd4258ff0 [nranks=4] stream 0x7f2fd424d890
[1,1]<stdout>:net-g12:77489:77501 [1] NCCL INFO AllReduce: opCount c7 sendbuff 0x7fae18600000 recvbuff 0x7fae18600000 count 16584 datatype 7 op 0 root 0 comm 0x7fae8824f340 [nranks=4] stream 0x7fae882443e0
[1,0]<stdout>:net-g12:77488:77500 [0] NCCL INFO AllReduce: opCount b7 sendbuff 0x7f2f62400000 recvbuff 0x7f2f62400000 count 16584 datatype 7 op 0 root 0 comm 0x7f2fd4258ff0 [nranks=4] stream 0x7f2fd424d890
[1,3]<stdout>:net-g13:38979:38991 [1] NCCL INFO AllReduce: opCount b7 sendbuff 0x7efbd8800000 recvbuff 0x7efbd8800000 count 16584 datatype 7 op 0 root 0 comm 0x7efc60256a90 [nranks=4] stream 0x7efc6024c5e0
[1,2]<stdout>:net-g13:38978:38990 [0] NCCL INFO AllReduce: opCount c7 sendbuff 0x7f9937400000 recvbuff 0x7f9937400000 count 16584 datatype 7 op 0 root 0 comm 0x7f99b824e6a0 [nranks=4] stream 0x564844797a90
[1,1]<stdout>:net-g12:77489:77501 [1] NCCL INFO AllReduce: opCount c8 sendbuff 0x7fae18600000 recvbuff 0x7fae18600000 count 5264 datatype 7 op 0 root 0 comm 0x7fae8824f340 [nranks=4] stream 0x7fae882443e0
[1,0]<stdout>:net-g12:77488:77500 [0] NCCL INFO AllReduce: opCount b8 sendbuff 0x7f2f62400000 recvbuff 0x7f2f62400000 count 5264 datatype 7 op 0 root 0 comm 0x7f2fd4258ff0 [nranks=4] stream 0x7f2fd424d890
[1,3]<stdout>:net-g13:38979:38991 [1] NCCL INFO AllReduce: opCount b8 sendbuff 0x7efbd8800000 recvbuff 0x7efbd8800000 count 5264 datatype 7 op 0 root 0 comm 0x7efc60256a90 [nranks=4] stream 0x7efc6024c5e0
[1,2]<stdout>:net-g13:38978:38990 [0] NCCL INFO AllReduce: opCount c8 sendbuff 0x7f9937400000 recvbuff 0x7f9937400000 count 5264 datatype 7 op 0 root 0 comm 0x7f99b824e6a0 [nranks=4] stream 0x564844797a90
[1,1]<stdout>:net-g12:77489:77501 [1] NCCL INFO AllReduce: opCount c9 sendbuff 0x7fae18600000 recvbuff 0x7fae18600000 count 16564 datatype 7 op 0 root 0 comm 0x7fae8824f340 [nranks=4] stream 0x7fae882443e0
[1,0]<stdout>:net-g12:77488:77500 [0] NCCL INFO AllReduce: opCount b9 sendbuff 0x7f2f62400000 recvbuff 0x7f2f62400000 count 16564 datatype 7 op 0 root 0 comm 0x7f2fd4258ff0 [nranks=4] stream 0x7f2fd424d890
[1,2]<stdout>:net-g13:38978:38990 [0] NCCL INFO AllReduce: opCount c9 sendbuff 0x7f9937400000 recvbuff 0x7f9937400000 count 16564 datatype 7 op 0 root 0 comm 0x7f99b824e6a0 [nranks=4] stream 0x564844797a90
[1,3]<stdout>:net-g13:38979:38991 [1] NCCL INFO AllReduce: opCount b9 sendbuff 0x7efbd8800000 recvbuff 0x7efbd8800000 count 16564 datatype 7 op 0 root 0 comm 0x7efc60256a90 [nranks=4] stream 0x7efc6024c5e0
[1,1]<stdout>:net-g12:77489:77501 [1] NCCL INFO AllReduce: opCount ca sendbuff 0x7fae18600000 recvbuff 0x7fae18600000 count 5284 datatype 7 op 0 root 0 comm 0x7fae8824f340 [nranks=4] stream 0x7fae882443e0
[1,3]<stdout>:net-g13:38979:38991 [1] NCCL INFO AllReduce: opCount ba sendbuff 0x7efbd8800000 recvbuff 0x7efbd8800000 count 5284 datatype 7 op 0 root 0 comm 0x7efc60256a90 [nranks=4] stream 0x7efc6024c5e0
[1,0]<stdout>:net-g12:77488:77500 [0] NCCL INFO AllReduce: opCount ba sendbuff 0x7f2f62400000 recvbuff 0x7f2f62400000 count 5284 datatype 7 op 0 root 0 comm 0x7f2fd4258ff0 [nranks=4] stream 0x7f2fd424d890
[1,2]<stdout>:net-g13:38978:38990 [0] NCCL INFO AllReduce: opCount ca sendbuff 0x7f9937400000 recvbuff 0x7f9937400000 count 5284 datatype 7 op 0 root 0 comm 0x7f99b824e6a0 [nranks=4] stream 0x564844797a90
[1,1]<stdout>:net-g12:77489:77501 [1] NCCL INFO AllReduce: opCount cb sendbuff 0x7fae18600000 recvbuff 0x7fae18600000 count 512 datatype 7 op 0 root 0 comm 0x7fae8824f340 [nranks=4] stream 0x7fae882443e0
[1,0]<stdout>:net-g12:77488:77500 [0] NCCL INFO AllReduce: opCount bb sendbuff 0x7f2f62400000 recvbuff 0x7f2f62400000 count 512 datatype 7 op 0 root 0 comm 0x7f2fd4258ff0 [nranks=4] stream 0x7f2fd424d890
[1,2]<stdout>:net-g13:38978:38990 [0] NCCL INFO AllReduce: opCount cb sendbuff 0x7f9937400000 recvbuff 0x7f9937400000 count 512 datatype 7 op 0 root 0 comm 0x7f99b824e6a0 [nranks=4] stream 0x564844797a90
[1,3]<stdout>:net-g13:38979:38991 [1] NCCL INFO AllReduce: opCount bb sendbuff 0x7efbd8800000 recvbuff 0x7efbd8800000 count 512 datatype 7 op 0 root 0 comm 0x7efc60256a90 [nranks=4] stream 0x7efc6024c5e0
[1,1]<stdout>:net-g12:77489:77501 [1] NCCL INFO AllReduce: opCount cc sendbuff 0x7fae18600000 recvbuff 0x7fae18600000 count 16072 datatype 7 op 0 root 0 comm 0x7fae8824f340 [nranks=4] stream 0x7fae882443e0
[1,0]<stdout>:net-g12:77488:77500 [0] NCCL INFO AllReduce: opCount bc sendbuff 0x7f2f62400000 recvbuff 0x7f2f62400000 count 16072 datatype 7 op 0 root 0 comm 0x7f2fd4258ff0 [nranks=4] stream 0x7f2fd424d890
[1,3]<stdout>:net-g13:38979:38991 [1] NCCL INFO AllReduce: opCount bc sendbuff 0x7efbd8800000 recvbuff 0x7efbd8800000 count 16072 datatype 7 op 0 root 0 comm 0x7efc60256a90 [nranks=4] stream 0x7efc6024c5e0
[1,2]<stdout>:net-g13:38978:38990 [0] NCCL INFO AllReduce: opCount cc sendbuff 0x7f9937400000 recvbuff 0x7f9937400000 count 16072 datatype 7 op 0 root 0 comm 0x7f99b824e6a0 [nranks=4] stream 0x564844797a90
[1,1]<stdout>:net-g12:77489:77501 [1] NCCL INFO AllReduce: opCount cd sendbuff 0x7fae18600000 recvbuff 0x7fae18600000 count 5264 datatype 7 op 0 root 0 comm 0x7fae8824f340 [nranks=4] stream 0x7fae882443e0
[1,3]<stdout>:net-g13:38979:38991 [1] NCCL INFO AllReduce: opCount bd sendbuff 0x7efbd8800000 recvbuff 0x7efbd8800000 count 5264 datatype 7 op 0 root 0 comm 0x7efc60256a90 [nranks=4] stream 0x7efc6024c5e0
[1,0]<stdout>:net-g12:77488:77500 [0] NCCL INFO AllReduce: opCount bd sendbuff 0x7f2f62400000 recvbuff 0x7f2f62400000 count 5264 datatype 7 op 0 root 0 comm 0x7f2fd4258ff0 [nranks=4] stream 0x7f2fd424d890
[1,2]<stdout>:net-g13:38978:38990 [0] NCCL INFO AllReduce: opCount cd sendbuff 0x7f9937400000 recvbuff 0x7f9937400000 count 5264 datatype 7 op 0 root 0 comm 0x7f99b824e6a0 [nranks=4] stream 0x564844797a90
[1,1]<stdout>:Train Epoch: 1 [4480/15000 (30%)]	Loss: 1.256261
[1,0]<stdout>:Train Epoch: 1 [4480/15000 (30%)]	Loss: 1.124481
[1,2]<stdout>:Train Epoch: 1 [4480/15000 (30%)]	Loss: 1.285879
[1,3]<stdout>:Train Epoch: 1 [4480/15000 (30%)]	Loss: 1.164685
[1,1]<stdout>:net-g12:77489:77501 [1] NCCL INFO AllReduce: opCount ce sendbuff 0x7fae18600000 recvbuff 0x7fae18600000 count 564 datatype 7 op 0 root 0 comm 0x7fae8824f340 [nranks=4] stream 0x7fae882443e0
[1,0]<stdout>:net-g12:77488:77500 [0] NCCL INFO AllReduce: opCount be sendbuff 0x7f2f62400000 recvbuff 0x7f2f62400000 count 564 datatype 7 op 0 root 0 comm 0x7f2fd4258ff0 [nranks=4] stream 0x7f2fd424d890
[1,2]<stdout>:net-g13:38978:38990 [0] NCCL INFO AllReduce: opCount ce sendbuff 0x7f9937400000 recvbuff 0x7f9937400000 count 564 datatype 7 op 0 root 0 comm 0x7f99b824e6a0 [nranks=4] stream 0x564844797a90
[1,3]<stdout>:net-g13:38979:38991 [1] NCCL INFO AllReduce: opCount be sendbuff 0x7efbd8800000 recvbuff 0x7efbd8800000 count 564 datatype 7 op 0 root 0 comm 0x7efc60256a90 [nranks=4] stream 0x7efc6024c5e0
[1,1]<stdout>:net-g12:77489:77501 [1] NCCL INFO AllReduce: opCount cf sendbuff 0x7fae18600000 recvbuff 0x7fae18600000 count 21020 datatype 7 op 0 root 0 comm 0x7fae8824f340 [nranks=4] stream 0x7fae882443e0
[1,0]<stdout>:net-g12:77488:77500 [0] NCCL INFO AllReduce: opCount bf sendbuff 0x7f2f62400000 recvbuff 0x7f2f62400000 count 21020 datatype 7 op 0 root 0 comm 0x7f2fd4258ff0 [nranks=4] stream 0x7f2fd424d890
[1,3]<stdout>:net-g13:38979:38991 [1] NCCL INFO AllReduce: opCount bf sendbuff 0x7efbd8800000 recvbuff 0x7efbd8800000 count 21020 datatype 7 op 0 root 0 comm 0x7efc60256a90 [nranks=4] stream 0x7efc6024c5e0
[1,2]<stdout>:net-g13:38978:38990 [0] NCCL INFO AllReduce: opCount cf sendbuff 0x7f9937400000 recvbuff 0x7f9937400000 count 21020 datatype 7 op 0 root 0 comm 0x7f99b824e6a0 [nranks=4] stream 0x564844797a90
[1,1]<stdout>:net-g12:77489:77501 [1] NCCL INFO AllReduce: opCount d0 sendbuff 0x7fae18600000 recvbuff 0x7fae18600000 count 264 datatype 7 op 0 root 0 comm 0x7fae8824f340 [nranks=4] stream 0x7fae882443e0
[1,0]<stdout>:net-g12:77488:77500 [0] NCCL INFO AllReduce: opCount c0 sendbuff 0x7f2f62400000 recvbuff 0x7f2f62400000 count 264 datatype 7 op 0 root 0 comm 0x7f2fd4258ff0 [nranks=4] stream 0x7f2fd424d890
[1,3]<stdout>:net-g13:38979:38991 [1] NCCL INFO AllReduce: opCount c0 sendbuff 0x7efbd8800000 recvbuff 0x7efbd8800000 count 264 datatype 7 op 0 root 0 comm 0x7efc60256a90 [nranks=4] stream 0x7efc6024c5e0
[1,2]<stdout>:net-g13:38978:38990 [0] NCCL INFO AllReduce: opCount d0 sendbuff 0x7f9937400000 recvbuff 0x7f9937400000 count 264 datatype 7 op 0 root 0 comm 0x7f99b824e6a0 [nranks=4] stream 0x564844797a90
[1,1]<stdout>:net-g12:77489:77501 [1] NCCL INFO AllReduce: opCount d1 sendbuff 0x7fae18600000 recvbuff 0x7fae18600000 count 512 datatype 7 op 0 root 0 comm 0x7fae8824f340 [nranks=4] stream 0x7fae882443e0
[1,0]<stdout>:net-g12:77488:77500 [0] NCCL INFO AllReduce: opCount c1 sendbuff 0x7f2f62400000 recvbuff 0x7f2f62400000 count 512 datatype 7 op 0 root 0 comm 0x7f2fd4258ff0 [nranks=4] stream 0x7f2fd424d890
[1,2]<stdout>:net-g13:38978:38990 [0] NCCL INFO AllReduce: opCount d1 sendbuff 0x7f9937400000 recvbuff 0x7f9937400000 count 512 datatype 7 op 0 root 0 comm 0x7f99b824e6a0 [nranks=4] stream 0x564844797a90
[1,3]<stdout>:net-g13:38979:38991 [1] NCCL INFO AllReduce: opCount c1 sendbuff 0x7efbd8800000 recvbuff 0x7efbd8800000 count 512 datatype 7 op 0 root 0 comm 0x7efc60256a90 [nranks=4] stream 0x7efc6024c5e0
[1,1]<stdout>:net-g12:77489:77501 [1] NCCL INFO AllReduce: opCount d2 sendbuff 0x7fae18600000 recvbuff 0x7fae18600000 count 21072 datatype 7 op 0 root 0 comm 0x7fae8824f340 [nranks=4] stream 0x7fae882443e0
[1,0]<stdout>:net-g12:77488:77500 [0] NCCL INFO AllReduce: opCount c2 sendbuff 0x7f2f62400000 recvbuff 0x7f2f62400000 count 21072 datatype 7 op 0 root 0 comm 0x7f2fd4258ff0 [nranks=4] stream 0x7f2fd424d890
[1,3]<stdout>:net-g13:38979:38991 [1] NCCL INFO AllReduce: opCount c2 sendbuff 0x7efbd8800000 recvbuff 0x7efbd8800000 count 21072 datatype 7 op 0 root 0 comm 0x7efc60256a90 [nranks=4] stream 0x7efc6024c5e0
[1,2]<stdout>:net-g13:38978:38990 [0] NCCL INFO AllReduce: opCount d2 sendbuff 0x7f9937400000 recvbuff 0x7f9937400000 count 21072 datatype 7 op 0 root 0 comm 0x7f99b824e6a0 [nranks=4] stream 0x564844797a90
[1,3]<stdout>:net-g13:38979:38991 [1] NCCL INFO AllReduce: opCount c3 sendbuff 0x7efbd8800000 recvbuff 0x7efbd8800000 count 264 datatype 7 op 0 root 0 comm 0x7efc60256a90 [nranks=4] stream 0x7efc6024c5e0
[1,1]<stdout>:net-g12:77489:77501 [1] NCCL INFO AllReduce: opCount d3 sendbuff 0x7fae18600000 recvbuff 0x7fae18600000 count 264 datatype 7 op 0 root 0 comm 0x7fae8824f340 [nranks=4] stream 0x7fae882443e0
[1,0]<stdout>:net-g12:77488:77500 [0] NCCL INFO AllReduce: opCount c3 sendbuff 0x7f2f62400000 recvbuff 0x7f2f62400000 count 264 datatype 7 op 0 root 0 comm 0x7f2fd4258ff0 [nranks=4] stream 0x7f2fd424d890
[1,2]<stdout>:net-g13:38978:38990 [0] NCCL INFO AllReduce: opCount d3 sendbuff 0x7f9937400000 recvbuff 0x7f9937400000 count 264 datatype 7 op 0 root 0 comm 0x7f99b824e6a0 [nranks=4] stream 0x564844797a90
[1,1]<stdout>:net-g12:77489:77501 [1] NCCL INFO AllReduce: opCount d4 sendbuff 0x7fae0aa2ba00 recvbuff 0x7fae0aa2ba00 count 10 datatype 7 op 0 root 0 comm 0x7fae8824f340 [nranks=4] stream 0x7fae882443e0
[1,0]<stdout>:net-g12:77488:77500 [0] NCCL INFO AllReduce: opCount c4 sendbuff 0x7f2f52a2ba00 recvbuff 0x7f2f52a2ba00 count 10 datatype 7 op 0 root 0 comm 0x7f2fd4258ff0 [nranks=4] stream 0x7f2fd424d890
[1,3]<stdout>:net-g13:38979:38991 [1] NCCL INFO AllReduce: opCount c4 sendbuff 0x7efbcea2ba00 recvbuff 0x7efbcea2ba00 count 10 datatype 7 op 0 root 0 comm 0x7efc60256a90 [nranks=4] stream 0x7efc6024c5e0
[1,2]<stdout>:net-g13:38978:38990 [0] NCCL INFO AllReduce: opCount d4 sendbuff 0x7f995da2ba00 recvbuff 0x7f995da2ba00 count 10 datatype 7 op 0 root 0 comm 0x7f99b824e6a0 [nranks=4] stream 0x564844797a90
[1,1]<stdout>:net-g12:77489:77501 [1] NCCL INFO AllReduce: opCount d5 sendbuff 0x7fae18600000 recvbuff 0x7fae18600000 count 16572 datatype 7 op 0 root 0 comm 0x7fae8824f340 [nranks=4] stream 0x7fae882443e0
[1,0]<stdout>:net-g12:77488:77500 [0] NCCL INFO AllReduce: opCount c5 sendbuff 0x7f2f62400000 recvbuff 0x7f2f62400000 count 16572 datatype 7 op 0 root 0 comm 0x7f2fd4258ff0 [nranks=4] stream 0x7f2fd424d890
[1,3]<stdout>:net-g13:38979:38991 [1] NCCL INFO AllReduce: opCount c5 sendbuff 0x7efbd8800000 recvbuff 0x7efbd8800000 count 16572 datatype 7 op 0 root 0 comm 0x7efc60256a90 [nranks=4] stream 0x7efc6024c5e0
[1,2]<stdout>:net-g13:38978:38990 [0] NCCL INFO AllReduce: opCount d5 sendbuff 0x7f9937400000 recvbuff 0x7f9937400000 count 16572 datatype 7 op 0 root 0 comm 0x7f99b824e6a0 [nranks=4] stream 0x564844797a90
[1,1]<stdout>:net-g12:77489:77501 [1] NCCL INFO AllReduce: opCount d6 sendbuff 0x7fae18600000 recvbuff 0x7fae18600000 count 5264 datatype 7 op 0 root 0 comm 0x7fae8824f340 [nranks=4] stream 0x7fae882443e0
[1,3]<stdout>:net-g13:38979:38991 [1] NCCL INFO AllReduce: opCount c6 sendbuff 0x7efbd8800000 recvbuff 0x7efbd8800000 count 5264 datatype 7 op 0 root 0 comm 0x7efc60256a90 [nranks=4] stream 0x7efc6024c5e0
[1,0]<stdout>:net-g12:77488:77500 [0] NCCL INFO AllReduce: opCount c6 sendbuff 0x7f2f62400000 recvbuff 0x7f2f62400000 count 5264 datatype 7 op 0 root 0 comm 0x7f2fd4258ff0 [nranks=4] stream 0x7f2fd424d890
[1,2]<stdout>:net-g13:38978:38990 [0] NCCL INFO AllReduce: opCount d6 sendbuff 0x7f9937400000 recvbuff 0x7f9937400000 count 5264 datatype 7 op 0 root 0 comm 0x7f99b824e6a0 [nranks=4] stream 0x564844797a90
[1,1]<stdout>:net-g12:77489:77501 [1] NCCL INFO AllReduce: opCount d7 sendbuff 0x7fae18600000 recvbuff 0x7fae18600000 count 16584 datatype 7 op 0 root 0 comm 0x7fae8824f340 [nranks=4] stream 0x7fae882443e0
[1,0]<stdout>:net-g12:77488:77500 [0] NCCL INFO AllReduce: opCount c7 sendbuff 0x7f2f62400000 recvbuff 0x7f2f62400000 count 16584 datatype 7 op 0 root 0 comm 0x7f2fd4258ff0 [nranks=4] stream 0x7f2fd424d890
[1,3]<stdout>:net-g13:38979:38991 [1] NCCL INFO AllReduce: opCount c7 sendbuff 0x7efbd8800000 recvbuff 0x7efbd8800000 count 16584 datatype 7 op 0 root 0 comm 0x7efc60256a90 [nranks=4] stream 0x7efc6024c5e0
[1,2]<stdout>:net-g13:38978:38990 [0] NCCL INFO AllReduce: opCount d7 sendbuff 0x7f9937400000 recvbuff 0x7f9937400000 count 16584 datatype 7 op 0 root 0 comm 0x7f99b824e6a0 [nranks=4] stream 0x564844797a90
[1,1]<stdout>:net-g12:77489:77501 [1] NCCL INFO AllReduce: opCount d8 sendbuff 0x7fae18600000 recvbuff 0x7fae18600000 count 5264 datatype 7 op 0 root 0 comm 0x7fae8824f340 [nranks=4] stream 0x7fae882443e0
[1,3]<stdout>:net-g13:38979:38991 [1] NCCL INFO AllReduce: opCount c8 sendbuff 0x7efbd8800000 recvbuff 0x7efbd8800000 count 5264 datatype 7 op 0 root 0 comm 0x7efc60256a90 [nranks=4] stream 0x7efc6024c5e0
[1,0]<stdout>:net-g12:77488:77500 [0] NCCL INFO AllReduce: opCount c8 sendbuff 0x7f2f62400000 recvbuff 0x7f2f62400000 count 5264 datatype 7 op 0 root 0 comm 0x7f2fd4258ff0 [nranks=4] stream 0x7f2fd424d890
[1,2]<stdout>:net-g13:38978:38990 [0] NCCL INFO AllReduce: opCount d8 sendbuff 0x7f9937400000 recvbuff 0x7f9937400000 count 5264 datatype 7 op 0 root 0 comm 0x7f99b824e6a0 [nranks=4] stream 0x564844797a90
[1,1]<stdout>:net-g12:77489:77501 [1] NCCL INFO AllReduce: opCount d9 sendbuff 0x7fae18600000 recvbuff 0x7fae18600000 count 512 datatype 7 op 0 root 0 comm 0x7fae8824f340 [nranks=4] stream 0x7fae882443e0
[1,0]<stdout>:net-g12:77488:77500 [0] NCCL INFO AllReduce: opCount c9 sendbuff 0x7f2f62400000 recvbuff 0x7f2f62400000 count 512 datatype 7 op 0 root 0 comm 0x7f2fd4258ff0 [nranks=4] stream 0x7f2fd424d890
[1,3]<stdout>:net-g13:38979:38991 [1] NCCL INFO AllReduce: opCount c9 sendbuff 0x7efbd8800000 recvbuff 0x7efbd8800000 count 512 datatype 7 op 0 root 0 comm 0x7efc60256a90 [nranks=4] stream 0x7efc6024c5e0
[1,2]<stdout>:net-g13:38978:38990 [0] NCCL INFO AllReduce: opCount d9 sendbuff 0x7f9937400000 recvbuff 0x7f9937400000 count 512 datatype 7 op 0 root 0 comm 0x7f99b824e6a0 [nranks=4] stream 0x564844797a90
[1,1]<stdout>:net-g12:77489:77501 [1] NCCL INFO AllReduce: opCount da sendbuff 0x7fae18600000 recvbuff 0x7fae18600000 count 16072 datatype 7 op 0 root 0 comm 0x7fae8824f340 [nranks=4] stream 0x7fae882443e0
[1,0]<stdout>:net-g12:77488:77500 [0] NCCL INFO AllReduce: opCount ca sendbuff 0x7f2f62400000 recvbuff 0x7f2f62400000 count 16072 datatype 7 op 0 root 0 comm 0x7f2fd4258ff0 [nranks=4] stream 0x7f2fd424d890
[1,3]<stdout>:net-g13:38979:38991 [1] NCCL INFO AllReduce: opCount ca sendbuff 0x7efbd8800000 recvbuff 0x7efbd8800000 count 16072 datatype 7 op 0 root 0 comm 0x7efc60256a90 [nranks=4] stream 0x7efc6024c5e0
[1,2]<stdout>:net-g13:38978:38990 [0] NCCL INFO AllReduce: opCount da sendbuff 0x7f9937400000 recvbuff 0x7f9937400000 count 16072 datatype 7 op 0 root 0 comm 0x7f99b824e6a0 [nranks=4] stream 0x564844797a90
[1,1]<stdout>:net-g12:77489:77501 [1] NCCL INFO AllReduce: opCount db sendbuff 0x7fae18600000 recvbuff 0x7fae18600000 count 5264 datatype 7 op 0 root 0 comm 0x7fae8824f340 [nranks=4] stream 0x7fae882443e0
[1,0]<stdout>:net-g12:77488:77500 [0] NCCL INFO AllReduce: opCount cb sendbuff 0x7f2f62400000 recvbuff 0x7f2f62400000 count 5264 datatype 7 op 0 root 0 comm 0x7f2fd4258ff0 [nranks=4] stream 0x7f2fd424d890
[1,3]<stdout>:net-g13:38979:38991 [1] NCCL INFO AllReduce: opCount cb sendbuff 0x7efbd8800000 recvbuff 0x7efbd8800000 count 5264 datatype 7 op 0 root 0 comm 0x7efc60256a90 [nranks=4] stream 0x7efc6024c5e0
[1,2]<stdout>:net-g13:38978:38990 [0] NCCL INFO AllReduce: opCount db sendbuff 0x7f9937400000 recvbuff 0x7f9937400000 count 5264 datatype 7 op 0 root 0 comm 0x7f99b824e6a0 [nranks=4] stream 0x564844797a90
[1,1]<stdout>:net-g12:77489:77501 [1] NCCL INFO AllReduce: opCount dc sendbuff 0x7fae18600000 recvbuff 0x7fae18600000 count 16564 datatype 7 op 0 root 0 comm 0x7fae8824f340 [nranks=4] stream 0x7fae882443e0
[1,0]<stdout>:net-g12:77488:77500 [0] NCCL INFO AllReduce: opCount cc sendbuff 0x7f2f62400000 recvbuff 0x7f2f62400000 count 16564 datatype 7 op 0 root 0 comm 0x7f2fd4258ff0 [nranks=4] stream 0x7f2fd424d890
[1,3]<stdout>:net-g13:38979:38991 [1] NCCL INFO AllReduce: opCount cc sendbuff 0x7efbd8800000 recvbuff 0x7efbd8800000 count 16564 datatype 7 op 0 root 0 comm 0x7efc60256a90 [nranks=4] stream 0x7efc6024c5e0
[1,2]<stdout>:net-g13:38978:38990 [0] NCCL INFO AllReduce: opCount dc sendbuff 0x7f9937400000 recvbuff 0x7f9937400000 count 16564 datatype 7 op 0 root 0 comm 0x7f99b824e6a0 [nranks=4] stream 0x564844797a90
[1,1]<stdout>:net-g12:77489:77501 [1] NCCL INFO AllReduce: opCount dd sendbuff 0x7fae18600000 recvbuff 0x7fae18600000 count 5020 datatype 7 op 0 root 0 comm 0x7fae8824f340 [nranks=4] stream 0x7fae882443e0
[1,0]<stdout>:net-g12:77488:77500 [0] NCCL INFO AllReduce: opCount cd sendbuff 0x7f2f62400000 recvbuff 0x7f2f62400000 count 5020 datatype 7 op 0 root 0 comm 0x7f2fd4258ff0 [nranks=4] stream 0x7f2fd424d890
[1,3]<stdout>:net-g13:38979:38991 [1] NCCL INFO AllReduce: opCount cd sendbuff 0x7efbd8800000 recvbuff 0x7efbd8800000 count 5020 datatype 7 op 0 root 0 comm 0x7efc60256a90 [nranks=4] stream 0x7efc6024c5e0
[1,2]<stdout>:net-g13:38978:38990 [0] NCCL INFO AllReduce: opCount dd sendbuff 0x7f9937400000 recvbuff 0x7f9937400000 count 5020 datatype 7 op 0 root 0 comm 0x7f99b824e6a0 [nranks=4] stream 0x564844797a90
[1,1]<stdout>:net-g12:77489:77501 [1] NCCL INFO AllReduce: opCount de sendbuff 0x7fae18600000 recvbuff 0x7fae18600000 count 264 datatype 7 op 0 root 0 comm 0x7fae8824f340 [nranks=4] stream 0x7fae882443e0
[1,3]<stdout>:net-g13:38979:38991 [1] NCCL INFO AllReduce: opCount ce sendbuff 0x7efbd8800000 recvbuff 0x7efbd8800000 count 264 datatype 7 op 0 root 0 comm 0x7efc60256a90 [nranks=4] stream 0x7efc6024c5e0
[1,0]<stdout>:net-g12:77488:77500 [0] NCCL INFO AllReduce: opCount ce sendbuff 0x7f2f62400000 recvbuff 0x7f2f62400000 count 264 datatype 7 op 0 root 0 comm 0x7f2fd4258ff0 [nranks=4] stream 0x7f2fd424d890
[1,2]<stdout>:net-g13:38978:38990 [0] NCCL INFO AllReduce: opCount de sendbuff 0x7f9937400000 recvbuff 0x7f9937400000 count 264 datatype 7 op 0 root 0 comm 0x7f99b824e6a0 [nranks=4] stream 0x564844797a90
[1,1]<stdout>:net-g12:77489:77501 [1] NCCL INFO AllReduce: opCount df sendbuff 0x7fae18600000 recvbuff 0x7fae18600000 count 512 datatype 7 op 0 root 0 comm 0x7fae8824f340 [nranks=4] stream 0x7fae882443e0
[1,0]<stdout>:net-g12:77488:77500 [0] NCCL INFO AllReduce: opCount cf sendbuff 0x7f2f62400000 recvbuff 0x7f2f62400000 count 512 datatype 7 op 0 root 0 comm 0x7f2fd4258ff0 [nranks=4] stream 0x7f2fd424d890
[1,2]<stdout>:net-g13:38978:38990 [0] NCCL INFO AllReduce: opCount df sendbuff 0x7f9937400000 recvbuff 0x7f9937400000 count 512 datatype 7 op 0 root 0 comm 0x7f99b824e6a0 [nranks=4] stream 0x564844797a90
[1,3]<stdout>:net-g13:38979:38991 [1] NCCL INFO AllReduce: opCount cf sendbuff 0x7efbd8800000 recvbuff 0x7efbd8800000 count 512 datatype 7 op 0 root 0 comm 0x7efc60256a90 [nranks=4] stream 0x7efc6024c5e0
[1,1]<stdout>:net-g12:77489:77501 [1] NCCL INFO AllReduce: opCount e0 sendbuff 0x7fae18600000 recvbuff 0x7fae18600000 count 16072 datatype 7 op 0 root 0 comm 0x7fae8824f340 [nranks=4] stream 0x7fae882443e0
[1,0]<stdout>:net-g12:77488:77500 [0] NCCL INFO AllReduce: opCount d0 sendbuff 0x7f2f62400000 recvbuff 0x7f2f62400000 count 16072 datatype 7 op 0 root 0 comm 0x7f2fd4258ff0 [nranks=4] stream 0x7f2fd424d890
[1,3]<stdout>:net-g13:38979:38991 [1] NCCL INFO AllReduce: opCount d0 sendbuff 0x7efbd8800000 recvbuff 0x7efbd8800000 count 16072 datatype 7 op 0 root 0 comm 0x7efc60256a90 [nranks=4] stream 0x7efc6024c5e0
[1,2]<stdout>:net-g13:38978:38990 [0] NCCL INFO AllReduce: opCount e0 sendbuff 0x7f9937400000 recvbuff 0x7f9937400000 count 16072 datatype 7 op 0 root 0 comm 0x7f99b824e6a0 [nranks=4] stream 0x564844797a90
[1,1]<stdout>:net-g12:77489:77501 [1] NCCL INFO AllReduce: opCount e1 sendbuff 0x7fae18600000 recvbuff 0x7fae18600000 count 5264 datatype 7 op 0 root 0 comm 0x7fae8824f340 [nranks=4] stream 0x7fae882443e0
[1,3]<stdout>:net-g13:38979:38991 [1] NCCL INFO AllReduce: opCount d1 sendbuff 0x7efbd8800000 recvbuff 0x7efbd8800000 count 5264 datatype 7 op 0 root 0 comm 0x7efc60256a90 [nranks=4] stream 0x7efc6024c5e0
[1,0]<stdout>:net-g12:77488:77500 [0] NCCL INFO AllReduce: opCount d1 sendbuff 0x7f2f62400000 recvbuff 0x7f2f62400000 count 5264 datatype 7 op 0 root 0 comm 0x7f2fd4258ff0 [nranks=4] stream 0x7f2fd424d890
[1,2]<stdout>:net-g13:38978:38990 [0] NCCL INFO AllReduce: opCount e1 sendbuff 0x7f9937400000 recvbuff 0x7f9937400000 count 5264 datatype 7 op 0 root 0 comm 0x7f99b824e6a0 [nranks=4] stream 0x564844797a90
[1,1]<stdout>:net-g12:77489:77501 [1] NCCL INFO AllReduce: opCount e2 sendbuff 0x7fae18600000 recvbuff 0x7fae18600000 count 512 datatype 7 op 0 root 0 comm 0x7fae8824f340 [nranks=4] stream 0x7fae882443e0
[1,0]<stdout>:net-g12:77488:77500 [0] NCCL INFO AllReduce: opCount d2 sendbuff 0x7f2f62400000 recvbuff 0x7f2f62400000 count 512 datatype 7 op 0 root 0 comm 0x7f2fd4258ff0 [nranks=4] stream 0x7f2fd424d890
[1,2]<stdout>:net-g13:38978:38990 [0] NCCL INFO AllReduce: opCount e2 sendbuff 0x7f9937400000 recvbuff 0x7f9937400000 count 512 datatype 7 op 0 root 0 comm 0x7f99b824e6a0 [nranks=4] stream 0x564844797a90
[1,3]<stdout>:net-g13:38979:38991 [1] NCCL INFO AllReduce: opCount d2 sendbuff 0x7efbd8800000 recvbuff 0x7efbd8800000 count 512 datatype 7 op 0 root 0 comm 0x7efc60256a90 [nranks=4] stream 0x7efc6024c5e0
[1,1]<stdout>:net-g12:77489:77501 [1] NCCL INFO AllReduce: opCount e3 sendbuff 0x7fae18600000 recvbuff 0x7fae18600000 count 16072 datatype 7 op 0 root 0 comm 0x7fae8824f340 [nranks=4] stream 0x7fae882443e0
[1,0]<stdout>:net-g12:77488:77500 [0] NCCL INFO AllReduce: opCount d3 sendbuff 0x7f2f62400000 recvbuff 0x7f2f62400000 count 16072 datatype 7 op 0 root 0 comm 0x7f2fd4258ff0 [nranks=4] stream 0x7f2fd424d890
[1,3]<stdout>:net-g13:38979:38991 [1] NCCL INFO AllReduce: opCount d3 sendbuff 0x7efbd8800000 recvbuff 0x7efbd8800000 count 16072 datatype 7 op 0 root 0 comm 0x7efc60256a90 [nranks=4] stream 0x7efc6024c5e0
[1,2]<stdout>:net-g13:38978:38990 [0] NCCL INFO AllReduce: opCount e3 sendbuff 0x7f9937400000 recvbuff 0x7f9937400000 count 16072 datatype 7 op 0 root 0 comm 0x7f99b824e6a0 [nranks=4] stream 0x564844797a90
[1,1]<stdout>:net-g12:77489:77501 [1] NCCL INFO AllReduce: opCount e4 sendbuff 0x7fae18600000 recvbuff 0x7fae18600000 count 5264 datatype 7 op 0 root 0 comm 0x7fae8824f340 [nranks=4] stream 0x7fae882443e0
[1,3]<stdout>:net-g13:38979:38991 [1] NCCL INFO AllReduce: opCount d4 sendbuff 0x7efbd8800000 recvbuff 0x7efbd8800000 count 5264 datatype 7 op 0 root 0 comm 0x7efc60256a90 [nranks=4] stream 0x7efc6024c5e0
[1,0]<stdout>:net-g12:77488:77500 [0] NCCL INFO AllReduce: opCount d4 sendbuff 0x7f2f62400000 recvbuff 0x7f2f62400000 count 5264 datatype 7 op 0 root 0 comm 0x7f2fd4258ff0 [nranks=4] stream 0x7f2fd424d890
[1,2]<stdout>:net-g13:38978:38990 [0] NCCL INFO AllReduce: opCount e4 sendbuff 0x7f9937400000 recvbuff 0x7f9937400000 count 5264 datatype 7 op 0 root 0 comm 0x7f99b824e6a0 [nranks=4] stream 0x564844797a90
[1,1]<stdout>:net-g12:77489:77501 [1] NCCL INFO AllReduce: opCount e5 sendbuff 0x7fae18600000 recvbuff 0x7fae18600000 count 16564 datatype 7 op 0 root 0 comm 0x7fae8824f340 [nranks=4] stream 0x7fae882443e0
[1,0]<stdout>:net-g12:77488:77500 [0] NCCL INFO AllReduce: opCount d5 sendbuff 0x7f2f62400000 recvbuff 0x7f2f62400000 count 16564 datatype 7 op 0 root 0 comm 0x7f2fd4258ff0 [nranks=4] stream 0x7f2fd424d890
[1,2]<stdout>:net-g13:38978:38990 [0] NCCL INFO AllReduce: opCount e5 sendbuff 0x7f9937400000 recvbuff 0x7f9937400000 count 16564 datatype 7 op 0 root 0 comm 0x7f99b824e6a0 [nranks=4] stream 0x564844797a90
[1,3]<stdout>:net-g13:38979:38991 [1] NCCL INFO AllReduce: opCount d5 sendbuff 0x7efbd8800000 recvbuff 0x7efbd8800000 count 16564 datatype 7 op 0 root 0 comm 0x7efc60256a90 [nranks=4] stream 0x7efc6024c5e0
[1,1]<stdout>:net-g12:77489:77501 [1] NCCL INFO AllReduce: opCount e6 sendbuff 0x7fae18600000 recvbuff 0x7fae18600000 count 5032 datatype 7 op 0 root 0 comm 0x7fae8824f340 [nranks=4] stream 0x7fae882443e0
[1,3]<stdout>:net-g13:38979:38991 [1] NCCL INFO AllReduce: opCount d6 sendbuff 0x7efbd8800000 recvbuff 0x7efbd8800000 count 5032 datatype 7 op 0 root 0 comm 0x7efc60256a90 [nranks=4] stream 0x7efc6024c5e0
[1,0]<stdout>:net-g12:77488:77500 [0] NCCL INFO AllReduce: opCount d6 sendbuff 0x7f2f62400000 recvbuff 0x7f2f62400000 count 5032 datatype 7 op 0 root 0 comm 0x7f2fd4258ff0 [nranks=4] stream 0x7f2fd424d890
