Filtering local host names.
Remote host found: 202.45.128.232
Checking ssh on all remote hosts.
SSH was successful into all the remote hosts.
[1,0]<stdout>:net-g13:43613:43629 [0] NCCL INFO NCCL_SOCKET_IFNAME set by environment to eno3
[1,0]<stdout>:net-g13:43613:43629 [0] NCCL INFO NCCL_SOCKET_IFNAME set to eno3
[1,0]<stdout>:net-g13:43613:43629 [0] NCCL INFO Bootstrap : Using eno3:202.45.128.233<0>
[1,0]<stdout>:net-g13:43613:43629 [0] NCCL INFO NET/Plugin : No plugin found (libnccl-net.so), using internal implementation
[1,0]<stdout>:net-g13:43613:43629 [0] NCCL INFO NCCL_IB_DISABLE set by environment to 1.
[1,0]<stdout>:net-g13:43613:43629 [0] NCCL INFO NCCL_SOCKET_IFNAME set by environment to eno3
[1,0]<stdout>:net-g13:43613:43629 [0] NCCL INFO NCCL_SOCKET_IFNAME set to eno3
[1,0]<stdout>:net-g13:43613:43629 [0] NCCL INFO NET/Socket : Using [0]eno3:202.45.128.233<0>
[1,0]<stdout>:net-g13:43613:43629 [0] NCCL INFO Using network Socket
[1,0]<stdout>:NCCL version 2.11.4+cuda10.2
[1,2]<stdout>:net-g12:3157:3172 [0] NCCL INFO NCCL_SOCKET_IFNAME set by environment to eno3
[1,2]<stdout>:net-g12:3157:3172 [0] NCCL INFO NCCL_SOCKET_IFNAME set to eno3
[1,3]<stdout>:net-g12:3158:3173 [1] NCCL INFO NCCL_SOCKET_IFNAME set by environment to eno3
[1,3]<stdout>:net-g12:3158:3173 [1] NCCL INFO NCCL_SOCKET_IFNAME set to eno3
[1,2]<stdout>:net-g12:3157:3172 [0] NCCL INFO Bootstrap : Using eno3:202.45.128.232<0>
[1,3]<stdout>:net-g12:3158:3173 [1] NCCL INFO Bootstrap : Using eno3:202.45.128.232<0>
[1,1]<stdout>:net-g13:43614:43628 [1] NCCL INFO NCCL_SOCKET_IFNAME set by environment to eno3
[1,1]<stdout>:net-g13:43614:43628 [1] NCCL INFO NCCL_SOCKET_IFNAME set to eno3
[1,2]<stdout>:net-g12:3157:3172 [0] NCCL INFO NET/Plugin : No plugin found (libnccl-net.so), using internal implementation
[1,3]<stdout>:net-g12:3158:3173 [1] NCCL INFO NET/Plugin : No plugin found (libnccl-net.so), using internal implementation
[1,1]<stdout>:net-g13:43614:43628 [1] NCCL INFO Bootstrap : Using eno3:202.45.128.233<0>
[1,1]<stdout>:net-g13:43614:43628 [1] NCCL INFO NET/Plugin : No plugin found (libnccl-net.so), using internal implementation
[1,2]<stdout>:net-g12:3157:3172 [0] NCCL INFO NCCL_IB_DISABLE set by environment to 1.
[1,2]<stdout>:net-g12:3157:3172 [0] NCCL INFO NCCL_SOCKET_IFNAME set by environment to eno3
[1,2]<stdout>:net-g12:3157:3172 [0] NCCL INFO NCCL_SOCKET_IFNAME set to eno3
[1,3]<stdout>:net-g12:3158:3173 [1] NCCL INFO NCCL_IB_DISABLE set by environment to 1.
[1,3]<stdout>:net-g12:3158:3173 [1] NCCL INFO NCCL_SOCKET_IFNAME set by environment to eno3
[1,3]<stdout>:net-g12:3158:3173 [1] NCCL INFO NCCL_SOCKET_IFNAME set to eno3
[1,1]<stdout>:net-g13:43614:43628 [1] NCCL INFO NCCL_IB_DISABLE set by environment to 1.
[1,1]<stdout>:net-g13:43614:43628 [1] NCCL INFO NCCL_SOCKET_IFNAME set by environment to eno3
[1,1]<stdout>:net-g13:43614:43628 [1] NCCL INFO NCCL_SOCKET_IFNAME set to eno3
[1,2]<stdout>:net-g12:3157:3172 [0] NCCL INFO NET/Socket : Using [0]eno3:202.45.128.232<0>
[1,2]<stdout>:net-g12:3157:3172 [0] NCCL INFO Using network Socket
[1,3]<stdout>:net-g12:3158:3173 [1] NCCL INFO NET/Socket : Using [0]eno3:202.45.128.232<0>
[1,3]<stdout>:net-g12:3158:3173 [1] NCCL INFO Using network Socket
[1,1]<stdout>:net-g13:43614:43628 [1] NCCL INFO NET/Socket : Using [0]eno3:202.45.128.233<0>
[1,1]<stdout>:net-g13:43614:43628 [1] NCCL INFO Using network Socket
[1,0]<stdout>:net-g13:43613:43629 [0] NCCL INFO NCCL_MAX_NCHANNELS set by environment to 1.
[1,0]<stdout>:net-g13:43613:43629 [0] NCCL INFO Channel 00/01 :    0   1   2   3
[1,0]<stdout>:net-g13:43613:43629 [0] NCCL INFO Trees [0] 1/2/-1->0->-1
[1,0]<stdout>:net-g13:43613:43629 [0] NCCL INFO Setting affinity for GPU 0 to 5555,55555555,55555555
[1,1]<stdout>:net-g13:43614:43628 [1] NCCL INFO NCCL_MAX_NCHANNELS set by environment to 1.
[1,1]<stdout>:net-g13:43614:43628 [1] NCCL INFO Trees [0] -1/-1/-1->1->0
[1,1]<stdout>:net-g13:43614:43628 [1] NCCL INFO Setting affinity for GPU 1 to 5555,55555555,55555555
[1,2]<stdout>:net-g12:3157:3172 [0] NCCL INFO NCCL_MAX_NCHANNELS set by environment to 1.
[1,2]<stdout>:net-g12:3157:3172 [0] NCCL INFO Trees [0] 3/-1/-1->2->0
[1,2]<stdout>:net-g12:3157:3172 [0] NCCL INFO Setting affinity for GPU 0 to 5555,55555555,55555555
[1,3]<stdout>:net-g12:3158:3173 [1] NCCL INFO NCCL_MAX_NCHANNELS set by environment to 1.
[1,3]<stdout>:net-g12:3158:3173 [1] NCCL INFO Trees [0] -1/-1/-1->3->2
[1,3]<stdout>:net-g12:3158:3173 [1] NCCL INFO Setting affinity for GPU 1 to 5555,55555555,55555555
[1,0]<stdout>:net-g13:43613:43629 [0] NCCL INFO Channel 00 : 3[3b000] -> 0[18000] [receive] via NET/Socket/0
[1,0]<stdout>:net-g13:43613:43629 [0] NCCL INFO NCCL_NSOCKS_PERTHREAD set by environment to 1.
[1,0]<stdout>:net-g13:43613:43629 [0] NCCL INFO Channel 00 : 0[18000] -> 1[3b000] via P2P/IPC
[1,3]<stdout>:net-g12:3158:3173 [1] NCCL INFO Channel 00 : 3[3b000] -> 0[18000] [send] via NET/Socket/0
[1,2]<stdout>:net-g12:3157:3172 [0] NCCL INFO Channel 00 : 1[3b000] -> 2[18000] [receive] via NET/Socket/0
[1,2]<stdout>:net-g12:3157:3172 [0] NCCL INFO NCCL_NSOCKS_PERTHREAD set by environment to 1.
[1,1]<stdout>:net-g13:43614:43628 [1] NCCL INFO Channel 00 : 1[3b000] -> 2[18000] [send] via NET/Socket/0
[1,2]<stdout>:net-g12:3157:3172 [0] NCCL INFO Channel 00 : 2[18000] -> 3[3b000] via P2P/IPC
[1,3]<stdout>:net-g12:3158:3173 [1] NCCL INFO Connected all rings
[1,0]<stdout>:net-g13:43613:43629 [0] NCCL INFO Connected all rings
[1,1]<stdout>:net-g13:43614:43628 [1] NCCL INFO Connected all rings
[1,2]<stdout>:net-g12:3157:3172 [0] NCCL INFO Connected all rings
[1,3]<stdout>:net-g12:3158:3173 [1] NCCL INFO Channel 00 : 3[3b000] -> 2[18000] via P2P/IPC
[1,1]<stdout>:net-g13:43614:43628 [1] NCCL INFO Channel 00 : 1[3b000] -> 0[18000] via P2P/IPC
[1,0]<stdout>:net-g13:43613:43629 [0] NCCL INFO Channel 00 : 2[18000] -> 0[18000] [receive] via NET/Socket/0
[1,2]<stdout>:net-g12:3157:3172 [0] NCCL INFO Channel 00 : 0[18000] -> 2[18000] [receive] via NET/Socket/0
[1,0]<stdout>:net-g13:43613:43629 [0] NCCL INFO Channel 00 : 0[18000] -> 2[18000] [send] via NET/Socket/0
[1,2]<stdout>:net-g12:3157:3172 [0] NCCL INFO Channel 00 : 2[18000] -> 0[18000] [send] via NET/Socket/0
[1,0]<stdout>:net-g13:43613:43629 [0] NCCL INFO Connected all trees
[1,0]<stdout>:net-g13:43613:43629 [0] NCCL INFO NCCL_PROTO set by environment to SIMPLE
[1,0]<stdout>:net-g13:43613:43629 [0] NCCL INFO NCCL_ALGO set by environment to RING
[1,0]<stdout>:net-g13:43613:43629 [0] NCCL INFO threadThresholds 8/8/64 | 32/8/64 | 8/8/512
[1,1]<stdout>:net-g13:43614:43628 [1] NCCL INFO Connected all trees
[1,1]<stdout>:net-g13:43614:43628 [1] NCCL INFO NCCL_PROTO set by environment to SIMPLE
[1,1]<stdout>:net-g13:43614:43628 [1] NCCL INFO NCCL_ALGO set by environment to RING
[1,1]<stdout>:net-g13:43614:43628 [1] NCCL INFO threadThresholds 8/8/64 | 32/8/64 | 8/8/512
[1,0]<stdout>:net-g13:43613:43629 [0] NCCL INFO 1 coll channels, 1 p2p channels, 1 p2p channels per peer
[1,1]<stdout>:net-g13:43614:43628 [1] NCCL INFO 1 coll channels, 1 p2p channels, 1 p2p channels per peer
[1,0]<stdout>:net-g13:43613:43629 [0] NCCL INFO comm 0x7fdab4258460 rank 0 nranks 4 cudaDev 0 busId 18000 - Init COMPLETE
[1,1]<stdout>:net-g13:43614:43628 [1] NCCL INFO comm 0x7f057024d930 rank 1 nranks 4 cudaDev 1 busId 3b000 - Init COMPLETE
[1,2]<stdout>:net-g12:3157:3172 [0] NCCL INFO Connected all trees
[1,2]<stdout>:net-g12:3157:3172 [0] NCCL INFO NCCL_PROTO set by environment to SIMPLE
[1,2]<stdout>:net-g12:3157:3172 [0] NCCL INFO NCCL_ALGO set by environment to RING
[1,2]<stdout>:net-g12:3157:3172 [0] NCCL INFO threadThresholds 8/8/64 | 32/8/64 | 8/8/512
[1,2]<stdout>:net-g12:3157:3172 [0] NCCL INFO 1 coll channels, 1 p2p channels, 1 p2p channels per peer
[1,3]<stdout>:net-g12:3158:3173 [1] NCCL INFO Connected all trees
[1,3]<stdout>:net-g12:3158:3173 [1] NCCL INFO NCCL_PROTO set by environment to SIMPLE
[1,3]<stdout>:net-g12:3158:3173 [1] NCCL INFO NCCL_ALGO set by environment to RING
[1,3]<stdout>:net-g12:3158:3173 [1] NCCL INFO threadThresholds 8/8/64 | 32/8/64 | 8/8/512
[1,3]<stdout>:net-g12:3158:3173 [1] NCCL INFO 1 coll channels, 1 p2p channels, 1 p2p channels per peer
[1,2]<stdout>:net-g12:3157:3172 [0] NCCL INFO comm 0x7f308824ee50 rank 2 nranks 4 cudaDev 0 busId 18000 - Init COMPLETE
[1,3]<stdout>:net-g12:3158:3173 [1] NCCL INFO comm 0x7f297c256450 rank 3 nranks 4 cudaDev 1 busId 3b000 - Init COMPLETE
[1,1]<stdout>:net-g13:43614:43628 [1] NCCL INFO Broadcast: opCount 0 sendbuff 0x7f04e2a00400 recvbuff 0x7f04e2a00400 count 40 datatype 0 op 0 root 0 comm 0x7f057024d930 [nranks=4] stream 0x7f0570243310
[1,0]<stdout>:net-g13:43613:43629 [0] NCCL INFO Broadcast: opCount 0 sendbuff 0x7fda53a00400 recvbuff 0x7fda53a00400 count 40 datatype 0 op 0 root 0 comm 0x7fdab4258460 [nranks=4] stream 0x55e6e46a3120
[1,0]<stdout>:net-g13:43613:43629 [0] NCCL INFO Launch mode Parallel
[1,2]<stdout>:net-g12:3157:3172 [0] NCCL INFO Broadcast: opCount 0 sendbuff 0x7f300aa00400 recvbuff 0x7f300aa00400 count 40 datatype 0 op 0 root 0 comm 0x7f308824ee50 [nranks=4] stream 0x7f3088243e90
[1,3]<stdout>:net-g12:3158:3173 [1] NCCL INFO Broadcast: opCount 0 sendbuff 0x7f28faa00400 recvbuff 0x7f28faa00400 count 40 datatype 0 op 0 root 0 comm 0x7f297c256450 [nranks=4] stream 0x7f297c242930
[1,1]<stdout>:net-g13:43614:43628 [1] NCCL INFO Broadcast: opCount 1 sendbuff 0x7f04e2a00000 recvbuff 0x7f04e2a00000 count 1000 datatype 0 op 0 root 0 comm 0x7f057024d930 [nranks=4] stream 0x7f0570243310
[1,0]<stdout>:net-g13:43613:43629 [0] NCCL INFO Broadcast: opCount 0 sendbuff 0x7fda53a00000 recvbuff 0x7fda53a00000 count 1000 datatype 0 op 0 root 0 comm 0x7fdab4258460 [nranks=4] stream 0x55e6e46a3120
[1,0]<stdout>:net-g13:43613:43629 [0] NCCL INFO Broadcast: opCount 0 sendbuff 0x7fda53a05600 recvbuff 0x7fda53a05600 count 80 datatype 0 op 0 root 0 comm 0x7fdab4258460 [nranks=4] stream 0x55e6e46a3120
[1,1]<stdout>:net-g13:43614:43628 [1] NCCL INFO Broadcast: opCount 2 sendbuff 0x7f04e2a05600 recvbuff 0x7f04e2a05600 count 80 datatype 0 op 0 root 0 comm 0x7f057024d930 [nranks=4] stream 0x7f0570243310
[1,0]<stdout>:net-g13:43613:43629 [0] NCCL INFO Broadcast: opCount 0 sendbuff 0x7fda53a00600 recvbuff 0x7fda53a00600 count 20000 datatype 0 op 0 root 0 comm 0x7fdab4258460 [nranks=4] stream 0x55e6e46a3120
[1,1]<stdout>:net-g13:43614:43628 [1] NCCL INFO Broadcast: opCount 3 sendbuff 0x7f04e2a00600 recvbuff 0x7f04e2a00600 count 20000 datatype 0 op 0 root 0 comm 0x7f057024d930 [nranks=4] stream 0x7f0570243310
[1,0]<stdout>:net-g13:43613:43629 [0] NCCL INFO Broadcast: opCount 0 sendbuff 0x7fda53a15200 recvbuff 0x7fda53a15200 count 200 datatype 0 op 0 root 0 comm 0x7fdab4258460 [nranks=4] stream 0x55e6e46a3120
[1,0]<stdout>:net-g13:43613:43629 [0] NCCL INFO Broadcast: opCount 0 sendbuff 0x7fda53a05800 recvbuff 0x7fda53a05800 count 64000 datatype 0 op 0 root 0 comm 0x7fdab4258460 [nranks=4] stream 0x55e6e46a3120
[1,2]<stdout>:net-g12:3157:3172 [0] NCCL INFO Broadcast: opCount 1 sendbuff 0x7f300aa00000 recvbuff 0x7f300aa00000 count 1000 datatype 0 op 0 root 0 comm 0x7f308824ee50 [nranks=4] stream 0x7f3088243e90
[1,2]<stdout>:net-g12:3157:3172 [0] NCCL INFO Broadcast: opCount 2 sendbuff 0x7f300aa05600 recvbuff 0x7f300aa05600 count 80 datatype 0 op 0 root 0 comm 0x7f308824ee50 [nranks=4] stream 0x7f3088243e90
[1,0]<stdout>:net-g13:43613:43629 [0] NCCL INFO Broadcast: opCount 0 sendbuff 0x7fda53a15c00 recvbuff 0x7fda53a15c00 count 40 datatype 0 op 0 root 0 comm 0x7fdab4258460 [nranks=4] stream 0x55e6e46a3120
[1,1]<stdout>:net-g13:43614:43628 [1] NCCL INFO Broadcast: opCount 4 sendbuff 0x7f04e2a15200 recvbuff 0x7f04e2a15200 count 200 datatype 0 op 0 root 0 comm 0x7f057024d930 [nranks=4] stream 0x7f0570243310
[1,1]<stdout>:net-g13:43614:43628 [1] NCCL INFO Broadcast: opCount 5 sendbuff 0x7f04e2a05800 recvbuff 0x7f04e2a05800 count 64000 datatype 0 op 0 root 0 comm 0x7f057024d930 [nranks=4] stream 0x7f0570243310
[1,3]<stdout>:net-g12:3158:3173 [1] NCCL INFO Broadcast: opCount 0 sendbuff 0x7f28faa00000 recvbuff 0x7f28faa00000 count 1000 datatype 0 op 0 root 0 comm 0x7f297c256450 [nranks=4] stream 0x7f297c242930
[1,3]<stdout>:net-g12:3158:3173 [1] NCCL INFO Broadcast: opCount 0 sendbuff 0x7f28faa05600 recvbuff 0x7f28faa05600 count 80 datatype 0 op 0 root 0 comm 0x7f297c256450 [nranks=4] stream 0x7f297c242930
[1,0]<stdout>:net-g13:43613:43629 [0] NCCL INFO Broadcast: opCount 0 sendbuff 0x7fda53a15400 recvbuff 0x7fda53a15400 count 2000 datatype 0 op 0 root 0 comm 0x7fdab4258460 [nranks=4] stream 0x55e6e46a3120
[1,1]<stdout>:net-g13:43614:43628 [1] NCCL INFO Broadcast: opCount 6 sendbuff 0x7f04e2a15c00 recvbuff 0x7f04e2a15c00 count 40 datatype 0 op 0 root 0 comm 0x7f057024d930 [nranks=4] stream 0x7f0570243310
[1,2]<stdout>:net-g12:3157:3172 [0] NCCL INFO Broadcast: opCount 3 sendbuff 0x7f300aa00600 recvbuff 0x7f300aa00600 count 20000 datatype 0 op 0 root 0 comm 0x7f308824ee50 [nranks=4] stream 0x7f3088243e90
[1,1]<stdout>:net-g13:43614:43628 [1] NCCL INFO Broadcast: opCount 7 sendbuff 0x7f04e2a15400 recvbuff 0x7f04e2a15400 count 2000 datatype 0 op 0 root 0 comm 0x7f057024d930 [nranks=4] stream 0x7f0570243310
[1,3]<stdout>:net-g12:3158:3173 [1] NCCL INFO Broadcast: opCount 0 sendbuff 0x7f28faa00600 recvbuff 0x7f28faa00600 count 20000 datatype 0 op 0 root 0 comm 0x7f297c256450 [nranks=4] stream 0x7f297c242930
[1,3]<stdout>:net-g12:3158:3173 [1] NCCL INFO Broadcast: opCount 0 sendbuff 0x7f28faa15200 recvbuff 0x7f28faa15200 count 200 datatype 0 op 0 root 0 comm 0x7f297c256450 [nranks=4] stream 0x7f297c242930
[1,2]<stdout>:net-g12:3157:3172 [0] NCCL INFO Broadcast: opCount 4 sendbuff 0x7f300aa15200 recvbuff 0x7f300aa15200 count 200 datatype 0 op 0 root 0 comm 0x7f308824ee50 [nranks=4] stream 0x7f3088243e90
[1,2]<stdout>:net-g12:3157:3172 [0] NCCL INFO Broadcast: opCount 5 sendbuff 0x7f300aa05800 recvbuff 0x7f300aa05800 count 64000 datatype 0 op 0 root 0 comm 0x7f308824ee50 [nranks=4] stream 0x7f3088243e90
[1,3]<stdout>:net-g12:3158:3173 [1] NCCL INFO Broadcast: opCount 0 sendbuff 0x7f28faa05800 recvbuff 0x7f28faa05800 count 64000 datatype 0 op 0 root 0 comm 0x7f297c256450 [nranks=4] stream 0x7f297c242930
[1,2]<stdout>:net-g12:3157:3172 [0] NCCL INFO Broadcast: opCount 6 sendbuff 0x7f300aa15c00 recvbuff 0x7f300aa15c00 count 40 datatype 0 op 0 root 0 comm 0x7f308824ee50 [nranks=4] stream 0x7f3088243e90
[1,3]<stdout>:net-g12:3158:3173 [1] NCCL INFO Broadcast: opCount 0 sendbuff 0x7f28faa15c00 recvbuff 0x7f28faa15c00 count 40 datatype 0 op 0 root 0 comm 0x7f297c256450 [nranks=4] stream 0x7f297c242930
[1,2]<stdout>:net-g12:3157:3172 [0] NCCL INFO Broadcast: opCount 7 sendbuff 0x7f300aa15400 recvbuff 0x7f300aa15400 count 2000 datatype 0 op 0 root 0 comm 0x7f308824ee50 [nranks=4] stream 0x7f3088243e90
[1,3]<stdout>:net-g12:3158:3173 [1] NCCL INFO Broadcast: opCount 0 sendbuff 0x7f28faa15400 recvbuff 0x7f28faa15400 count 2000 datatype 0 op 0 root 0 comm 0x7f297c256450 [nranks=4] stream 0x7f297c242930
[1,0]<stdout>:net-g13:43613:43629 [0] NCCL INFO Broadcast: opCount 0 sendbuff 0x7fda53a2bc00 recvbuff 0x7fda53a2bc00 count 1000 datatype 0 op 0 root 0 comm 0x7fdab4258460 [nranks=4] stream 0x55e6e46a3120
[1,1]<stdout>:net-g13:43614:43628 [1] NCCL INFO Broadcast: opCount 8 sendbuff 0x7f04e2a2bc00 recvbuff 0x7f04e2a2bc00 count 1000 datatype 0 op 0 root 0 comm 0x7f057024d930 [nranks=4] stream 0x7f0570243310
[1,1]<stdout>:net-g13:43614:43628 [1] NCCL INFO Broadcast: opCount 9 sendbuff 0x7f04e2a2c000 recvbuff 0x7f04e2a2c000 count 40 datatype 0 op 0 root 0 comm 0x7f057024d930 [nranks=4] stream 0x7f0570243310
[1,0]<stdout>:net-g13:43613:43629 [0] NCCL INFO Broadcast: opCount 0 sendbuff 0x7fda53a2c000 recvbuff 0x7fda53a2c000 count 40 datatype 0 op 0 root 0 comm 0x7fdab4258460 [nranks=4] stream 0x55e6e46a3120
[1,1]<stdout>:net-g13:43614:43628 [1] NCCL INFO Broadcast: opCount a sendbuff 0x7f04e2a2c200 recvbuff 0x7f04e2a2c200 count 20000 datatype 0 op 0 root 0 comm 0x7f057024d930 [nranks=4] stream 0x7f0570243310
[1,0]<stdout>:net-g13:43613:43629 [0] NCCL INFO Broadcast: opCount 0 sendbuff 0x7fda53a2c200 recvbuff 0x7fda53a2c200 count 20000 datatype 0 op 0 root 0 comm 0x7fdab4258460 [nranks=4] stream 0x55e6e46a3120
[1,1]<stdout>:net-g13:43614:43628 [1] NCCL INFO Broadcast: opCount b sendbuff 0x7f04e2a31200 recvbuff 0x7f04e2a31200 count 80 datatype 0 op 0 root 0 comm 0x7f057024d930 [nranks=4] stream 0x7f0570243310
[1,2]<stdout>:net-g12:3157:3172 [0] NCCL INFO Broadcast: opCount 8 sendbuff 0x7f300aa2bc00 recvbuff 0x7f300aa2bc00 count 1000 datatype 0 op 0 root 0 comm 0x7f308824ee50 [nranks=4] stream 0x7f3088243e90
[1,0]<stdout>:net-g13:43613:43629 [0] NCCL INFO Broadcast: opCount 0 sendbuff 0x7fda53a31200 recvbuff 0x7fda53a31200 count 80 datatype 0 op 0 root 0 comm 0x7fdab4258460 [nranks=4] stream 0x55e6e46a3120
[1,1]<stdout>:net-g13:43614:43628 [1] NCCL INFO Broadcast: opCount c sendbuff 0x7f04e2a31400 recvbuff 0x7f04e2a31400 count 64000 datatype 0 op 0 root 0 comm 0x7f057024d930 [nranks=4] stream 0x7f0570243310
[1,3]<stdout>:net-g12:3158:3173 [1] NCCL INFO Broadcast: opCount 0 sendbuff 0x7f28faa2bc00 recvbuff 0x7f28faa2bc00 count 1000 datatype 0 op 0 root 0 comm 0x7f297c256450 [nranks=4] stream 0x7f297c242930
[1,0]<stdout>:net-g13:43613:43629 [0] NCCL INFO Broadcast: opCount 0 sendbuff 0x7fda53a31400 recvbuff 0x7fda53a31400 count 64000 datatype 0 op 0 root 0 comm 0x7fdab4258460 [nranks=4] stream 0x55e6e46a3120
[1,1]<stdout>:net-g13:43614:43628 [1] NCCL INFO Broadcast: opCount d sendbuff 0x7f04e2a40e00 recvbuff 0x7f04e2a40e00 count 200 datatype 0 op 0 root 0 comm 0x7f057024d930 [nranks=4] stream 0x7f0570243310
[1,2]<stdout>:net-g12:3157:3172 [0] NCCL INFO Broadcast: opCount 9 sendbuff 0x7f300aa2c000 recvbuff 0x7f300aa2c000 count 40 datatype 0 op 0 root 0 comm 0x7f308824ee50 [nranks=4] stream 0x7f3088243e90
[1,0]<stdout>:net-g13:43613:43629 [0] NCCL INFO Broadcast: opCount 0 sendbuff 0x7fda53a40e00 recvbuff 0x7fda53a40e00 count 200 datatype 0 op 0 root 0 comm 0x7fdab4258460 [nranks=4] stream 0x55e6e46a3120
[1,3]<stdout>:net-g12:3158:3173 [1] NCCL INFO Broadcast: opCount 0 sendbuff 0x7f28faa2c000 recvbuff 0x7f28faa2c000 count 40 datatype 0 op 0 root 0 comm 0x7f297c256450 [nranks=4] stream 0x7f297c242930
[1,1]<stdout>:net-g13:43614:43628 [1] NCCL INFO Broadcast: opCount e sendbuff 0x7f04e2a41000 recvbuff 0x7f04e2a41000 count 2000 datatype 0 op 0 root 0 comm 0x7f057024d930 [nranks=4] stream 0x7f0570243310
[1,0]<stdout>:net-g13:43613:43629 [0] NCCL INFO Broadcast: opCount 0 sendbuff 0x7fda53a41000 recvbuff 0x7fda53a41000 count 2000 datatype 0 op 0 root 0 comm 0x7fdab4258460 [nranks=4] stream 0x55e6e46a3120
[1,3]<stdout>:net-g12:3158:3173 [1] NCCL INFO Broadcast: opCount 0 sendbuff 0x7f28faa2c200 recvbuff 0x7f28faa2c200 count 20000 datatype 0 op 0 root 0 comm 0x7f297c256450 [nranks=4] stream 0x7f297c242930
[1,1]<stdout>:net-g13:43614:43628 [1] NCCL INFO Broadcast: opCount f sendbuff 0x7f04e2a41800 recvbuff 0x7f04e2a41800 count 40 datatype 0 op 0 root 0 comm 0x7f057024d930 [nranks=4] stream 0x7f0570243310
[1,2]<stdout>:net-g12:3157:3172 [0] NCCL INFO Broadcast: opCount a sendbuff 0x7f300aa2c200 recvbuff 0x7f300aa2c200 count 20000 datatype 0 op 0 root 0 comm 0x7f308824ee50 [nranks=4] stream 0x7f3088243e90
[1,0]<stdout>:net-g13:43613:43629 [0] NCCL INFO Broadcast: opCount 0 sendbuff 0x7fda53a41800 recvbuff 0x7fda53a41800 count 40 datatype 0 op 0 root 0 comm 0x7fdab4258460 [nranks=4] stream 0x55e6e46a3120
[1,3]<stdout>:net-g12:3158:3173 [1] NCCL INFO Broadcast: opCount 0 sendbuff 0x7f28faa31200 recvbuff 0x7f28faa31200 count 80 datatype 0 op 0 root 0 comm 0x7f297c256450 [nranks=4] stream 0x7f297c242930
[1,3]<stdout>:net-g12:3158:3173 [1] NCCL INFO Broadcast: opCount 0 sendbuff 0x7f28faa31400 recvbuff 0x7f28faa31400 count 64000 datatype 0 op 0 root 0 comm 0x7f297c256450 [nranks=4] stream 0x7f297c242930
[1,2]<stdout>:net-g12:3157:3172 [0] NCCL INFO Broadcast: opCount b sendbuff 0x7f300aa31200 recvbuff 0x7f300aa31200 count 80 datatype 0 op 0 root 0 comm 0x7f308824ee50 [nranks=4] stream 0x7f3088243e90
[1,3]<stdout>:net-g12:3158:3173 [1] NCCL INFO Broadcast: opCount 0 sendbuff 0x7f28faa40e00 recvbuff 0x7f28faa40e00 count 200 datatype 0 op 0 root 0 comm 0x7f297c256450 [nranks=4] stream 0x7f297c242930
[1,2]<stdout>:net-g12:3157:3172 [0] NCCL INFO Broadcast: opCount c sendbuff 0x7f300aa31400 recvbuff 0x7f300aa31400 count 64000 datatype 0 op 0 root 0 comm 0x7f308824ee50 [nranks=4] stream 0x7f3088243e90
[1,2]<stdout>:net-g12:3157:3172 [0] NCCL INFO Broadcast: opCount d sendbuff 0x7f300aa40e00 recvbuff 0x7f300aa40e00 count 200 datatype 0 op 0 root 0 comm 0x7f308824ee50 [nranks=4] stream 0x7f3088243e90
[1,3]<stdout>:net-g12:3158:3173 [1] NCCL INFO Broadcast: opCount 0 sendbuff 0x7f28faa41000 recvbuff 0x7f28faa41000 count 2000 datatype 0 op 0 root 0 comm 0x7f297c256450 [nranks=4] stream 0x7f297c242930
[1,2]<stdout>:net-g12:3157:3172 [0] NCCL INFO Broadcast: opCount e sendbuff 0x7f300aa41000 recvbuff 0x7f300aa41000 count 2000 datatype 0 op 0 root 0 comm 0x7f308824ee50 [nranks=4] stream 0x7f3088243e90
[1,3]<stdout>:net-g12:3158:3173 [1] NCCL INFO Broadcast: opCount 0 sendbuff 0x7f28faa41800 recvbuff 0x7f28faa41800 count 40 datatype 0 op 0 root 0 comm 0x7f297c256450 [nranks=4] stream 0x7f297c242930
[1,2]<stdout>:net-g12:3157:3172 [0] NCCL INFO Broadcast: opCount f sendbuff 0x7f300aa41800 recvbuff 0x7f300aa41800 count 40 datatype 0 op 0 root 0 comm 0x7f308824ee50 [nranks=4] stream 0x7f3088243e90
[1,0]<stdout>:net-g13:43613:43629 [0] NCCL INFO AllReduce: opCount 0 sendbuff 0x7fda2d400000 recvbuff 0x7fda2d400000 count 512 datatype 7 op 0 root 0 comm 0x7fdab4258460 [nranks=4] stream 0x55e6e46a3120
[1,1]<stdout>:net-g13:43614:43628 [1] NCCL INFO AllReduce: opCount 10 sendbuff 0x7f04ef000000 recvbuff 0x7f04ef000000 count 512 datatype 7 op 0 root 0 comm 0x7f057024d930 [nranks=4] stream 0x7f0570243310
[1,3]<stdout>:net-g12:3158:3173 [1] NCCL INFO AllReduce: opCount 0 sendbuff 0x7f2908600000 recvbuff 0x7f2908600000 count 512 datatype 7 op 0 root 0 comm 0x7f297c256450 [nranks=4] stream 0x7f297c242930
[1,2]<stdout>:net-g12:3157:3172 [0] NCCL INFO AllReduce: opCount 10 sendbuff 0x7f3019a00000 recvbuff 0x7f3019a00000 count 512 datatype 7 op 0 root 0 comm 0x7f308824ee50 [nranks=4] stream 0x7f3088243e90
[1,0]<stdout>:net-g13:43613:43629 [0] NCCL INFO AllReduce: opCount 1 sendbuff 0x7fda2d400000 recvbuff 0x7fda2d400000 count 16052 datatype 7 op 0 root 0 comm 0x7fdab4258460 [nranks=4] stream 0x55e6e46a3120
[1,1]<stdout>:net-g13:43614:43628 [1] NCCL INFO AllReduce: opCount 11 sendbuff 0x7f04ef000000 recvbuff 0x7f04ef000000 count 16052 datatype 7 op 0 root 0 comm 0x7f057024d930 [nranks=4] stream 0x7f0570243310
[1,2]<stdout>:net-g12:3157:3172 [0] NCCL INFO AllReduce: opCount 11 sendbuff 0x7f3019a00000 recvbuff 0x7f3019a00000 count 16052 datatype 7 op 0 root 0 comm 0x7f308824ee50 [nranks=4] stream 0x7f3088243e90
[1,3]<stdout>:net-g12:3158:3173 [1] NCCL INFO AllReduce: opCount 1 sendbuff 0x7f2908600000 recvbuff 0x7f2908600000 count 16052 datatype 7 op 0 root 0 comm 0x7f297c256450 [nranks=4] stream 0x7f297c242930
[1,1]<stdout>:net-g13:43614:43628 [1] NCCL INFO AllReduce: opCount 12 sendbuff 0x7f04e2a1b400 recvbuff 0x7f04e2a1b400 count 20 datatype 7 op 0 root 0 comm 0x7f057024d930 [nranks=4] stream 0x7f0570243310
[1,0]<stdout>:net-g13:43613:43629 [0] NCCL INFO AllReduce: opCount 2 sendbuff 0x7fda53a1b400 recvbuff 0x7fda53a1b400 count 20 datatype 7 op 0 root 0 comm 0x7fdab4258460 [nranks=4] stream 0x55e6e46a3120
[1,2]<stdout>:net-g12:3157:3172 [0] NCCL INFO AllReduce: opCount 12 sendbuff 0x7f300aa1b400 recvbuff 0x7f300aa1b400 count 20 datatype 7 op 0 root 0 comm 0x7f308824ee50 [nranks=4] stream 0x7f3088243e90
[1,3]<stdout>:net-g12:3158:3173 [1] NCCL INFO AllReduce: opCount 2 sendbuff 0x7f28faa1b400 recvbuff 0x7f28faa1b400 count 20 datatype 7 op 0 root 0 comm 0x7f297c256450 [nranks=4] stream 0x7f297c242930
[1,1]<stdout>:net-g13:43614:43628 [1] NCCL INFO AllReduce: opCount 13 sendbuff 0x7f04ef000000 recvbuff 0x7f04ef000000 count 5012 datatype 7 op 0 root 0 comm 0x7f057024d930 [nranks=4] stream 0x7f0570243310
[1,0]<stdout>:net-g13:43613:43629 [0] NCCL INFO AllReduce: opCount 3 sendbuff 0x7fda2d400000 recvbuff 0x7fda2d400000 count 5012 datatype 7 op 0 root 0 comm 0x7fdab4258460 [nranks=4] stream 0x55e6e46a3120
[1,2]<stdout>:net-g12:3157:3172 [0] NCCL INFO AllReduce: opCount 13 sendbuff 0x7f3019a00000 recvbuff 0x7f3019a00000 count 5012 datatype 7 op 0 root 0 comm 0x7f308824ee50 [nranks=4] stream 0x7f3088243e90
[1,3]<stdout>:net-g12:3158:3173 [1] NCCL INFO AllReduce: opCount 3 sendbuff 0x7f2908600000 recvbuff 0x7f2908600000 count 5012 datatype 7 op 0 root 0 comm 0x7f297c256450 [nranks=4] stream 0x7f297c242930
[1,1]<stdout>:net-g13:43614:43628 [1] NCCL INFO AllReduce: opCount 14 sendbuff 0x7f04e2a15e00 recvbuff 0x7f04e2a15e00 count 250 datatype 7 op 0 root 0 comm 0x7f057024d930 [nranks=4] stream 0x7f0570243310
[1,0]<stdout>:net-g13:43613:43629 [0] NCCL INFO AllReduce: opCount 4 sendbuff 0x7fda53a15e00 recvbuff 0x7fda53a15e00 count 250 datatype 7 op 0 root 0 comm 0x7fdab4258460 [nranks=4] stream 0x55e6e46a3120
[1,3]<stdout>:net-g12:3158:3173 [1] NCCL INFO AllReduce: opCount 4 sendbuff 0x7f28faa15e00 recvbuff 0x7f28faa15e00 count 250 datatype 7 op 0 root 0 comm 0x7f297c256450 [nranks=4] stream 0x7f297c242930
[1,2]<stdout>:net-g12:3157:3172 [0] NCCL INFO AllReduce: opCount 14 sendbuff 0x7f300aa15e00 recvbuff 0x7f300aa15e00 count 250 datatype 7 op 0 root 0 comm 0x7f308824ee50 [nranks=4] stream 0x7f3088243e90
[1,1]<stdout>:Train Epoch: 1 [0/15000 (0%)]	Loss: 2.305933
[1,0]<stdout>:Train Epoch: 1 [0/15000 (0%)]	Loss: 2.346126
[1,3]<stdout>:Train Epoch: 1 [0/15000 (0%)]	Loss: 2.354724
[1,2]<stdout>:Train Epoch: 1 [0/15000 (0%)]	Loss: 2.285889
[1,1]<stdout>:net-g13:43614:43628 [1] NCCL INFO AllReduce: opCount 15 sendbuff 0x7f04ef000000 recvbuff 0x7f04ef000000 count 564 datatype 7 op 0 root 0 comm 0x7f057024d930 [nranks=4] stream 0x7f0570243310
[1,0]<stdout>:net-g13:43613:43629 [0] NCCL INFO AllReduce: opCount 5 sendbuff 0x7fda2d400000 recvbuff 0x7fda2d400000 count 564 datatype 7 op 0 root 0 comm 0x7fdab4258460 [nranks=4] stream 0x55e6e46a3120
[1,3]<stdout>:net-g12:3158:3173 [1] NCCL INFO AllReduce: opCount 5 sendbuff 0x7f2908600000 recvbuff 0x7f2908600000 count 564 datatype 7 op 0 root 0 comm 0x7f297c256450 [nranks=4] stream 0x7f297c242930
[1,2]<stdout>:net-g12:3157:3172 [0] NCCL INFO AllReduce: opCount 15 sendbuff 0x7f3019a00000 recvbuff 0x7f3019a00000 count 564 datatype 7 op 0 root 0 comm 0x7f308824ee50 [nranks=4] stream 0x7f3088243e90
[1,1]<stdout>:net-g13:43614:43628 [1] NCCL INFO AllReduce: opCount 16 sendbuff 0x7f04ef000000 recvbuff 0x7f04ef000000 count 21020 datatype 7 op 0 root 0 comm 0x7f057024d930 [nranks=4] stream 0x7f0570243310
[1,0]<stdout>:net-g13:43613:43629 [0] NCCL INFO AllReduce: opCount 6 sendbuff 0x7fda2d400000 recvbuff 0x7fda2d400000 count 21020 datatype 7 op 0 root 0 comm 0x7fdab4258460 [nranks=4] stream 0x55e6e46a3120
[1,3]<stdout>:net-g12:3158:3173 [1] NCCL INFO AllReduce: opCount 6 sendbuff 0x7f2908600000 recvbuff 0x7f2908600000 count 21020 datatype 7 op 0 root 0 comm 0x7f297c256450 [nranks=4] stream 0x7f297c242930
[1,2]<stdout>:net-g12:3157:3172 [0] NCCL INFO AllReduce: opCount 16 sendbuff 0x7f3019a00000 recvbuff 0x7f3019a00000 count 21020 datatype 7 op 0 root 0 comm 0x7f308824ee50 [nranks=4] stream 0x7f3088243e90
[1,3]<stdout>:net-g12:3158:3173 [1] NCCL INFO AllReduce: opCount 7 sendbuff 0x7f2908600000 recvbuff 0x7f2908600000 count 264 datatype 7 op 0 root 0 comm 0x7f297c256450 [nranks=4] stream 0x7f297c242930
[1,1]<stdout>:net-g13:43614:43628 [1] NCCL INFO AllReduce: opCount 17 sendbuff 0x7f04ef000000 recvbuff 0x7f04ef000000 count 264 datatype 7 op 0 root 0 comm 0x7f057024d930 [nranks=4] stream 0x7f0570243310
[1,0]<stdout>:net-g13:43613:43629 [0] NCCL INFO AllReduce: opCount 7 sendbuff 0x7fda2d400000 recvbuff 0x7fda2d400000 count 264 datatype 7 op 0 root 0 comm 0x7fdab4258460 [nranks=4] stream 0x55e6e46a3120
[1,2]<stdout>:net-g12:3157:3172 [0] NCCL INFO AllReduce: opCount 17 sendbuff 0x7f3019a00000 recvbuff 0x7f3019a00000 count 264 datatype 7 op 0 root 0 comm 0x7f308824ee50 [nranks=4] stream 0x7f3088243e90
[1,1]<stdout>:Train Epoch: 1 [64/15000 (0%)]	Loss: 2.304141
[1,0]<stdout>:Train Epoch: 1 [64/15000 (0%)]	Loss: 2.327068
[1,3]<stdout>:Train Epoch: 1 [64/15000 (0%)]	Loss: 2.315045
[1,2]<stdout>:Train Epoch: 1 [64/15000 (0%)]	Loss: 2.313272
[1,1]<stdout>:net-g13:43614:43628 [1] NCCL INFO Created 1 queue info, destroyed 1
[1,0]<stdout>:net-g13:43613:43629 [0] NCCL INFO Created 1 queue info, destroyed 1
[1,2]<stdout>:net-g12:3157:3172 [0] NCCL INFO Created 1 queue info, destroyed 1
[1,3]<stdout>:net-g12:3158:3173 [1] NCCL INFO Created 1 queue info, destroyed 1
